Component: Arm Compiler for Embedded 6.21 Tool: armlink [5ec1fa00]

==============================================================================

Section Cross References

    startup_stm32g030xx.o(STACK) refers (Special) to heapauxi.o(.text) for __use_two_region_memory
    startup_stm32g030xx.o(HEAP) refers (Special) to heapauxi.o(.text) for __use_two_region_memory
    startup_stm32g030xx.o(RESET) refers (Special) to heapauxi.o(.text) for __use_two_region_memory
    startup_stm32g030xx.o(RESET) refers to startup_stm32g030xx.o(STACK) for __initial_sp
    startup_stm32g030xx.o(RESET) refers to startup_stm32g030xx.o(.text) for Reset_Handler
    startup_stm32g030xx.o(RESET) refers to stm32g0xx_it.o(.text.NMI_Handler) for NMI_Handler
    startup_stm32g030xx.o(RESET) refers to stm32g0xx_it.o(.text.HardFault_Handler) for HardFault_Handler
    startup_stm32g030xx.o(RESET) refers to stm32g0xx_it.o(.text.SVC_Handler) for SVC_Handler
    startup_stm32g030xx.o(RESET) refers to stm32g0xx_it.o(.text.PendSV_Handler) for PendSV_Handler
    startup_stm32g030xx.o(RESET) refers to stm32g0xx_it.o(.text.SysTick_Handler) for SysTick_Handler
    startup_stm32g030xx.o(RESET) refers to stm32g0xx_it.o(.text.TIM3_IRQHandler) for TIM3_IRQHandler
    startup_stm32g030xx.o(.text) refers (Special) to heapauxi.o(.text) for __use_two_region_memory
    startup_stm32g030xx.o(.text) refers to system_stm32g0xx.o(.text.SystemInit) for SystemInit
    startup_stm32g030xx.o(.text) refers to __main.o(!!!main) for __main
    startup_stm32g030xx.o(.text) refers to startup_stm32g030xx.o(HEAP) for Heap_Mem
    startup_stm32g030xx.o(.text) refers to startup_stm32g030xx.o(STACK) for Stack_Mem
    main.o(.text.main) refers to stm32g0xx_hal.o(.text.HAL_Init) for HAL_Init
    main.o(.text.main) refers to stm32g0xx_hal_pwr_ex.o(.text.HAL_PWREx_ControlVoltageScaling) for HAL_PWREx_ControlVoltageScaling
    main.o(.text.main) refers to stm32g0xx_hal_rcc.o(.text.HAL_RCC_OscConfig) for HAL_RCC_OscConfig
    main.o(.text.main) refers to stm32g0xx_hal_rcc.o(.text.HAL_RCC_ClockConfig) for HAL_RCC_ClockConfig
    main.o(.text.main) refers to stm32g0xx_hal_gpio.o(.text.HAL_GPIO_WritePin) for HAL_GPIO_WritePin
    main.o(.text.main) refers to stm32g0xx_hal_gpio.o(.text.HAL_GPIO_Init) for HAL_GPIO_Init
    main.o(.text.main) refers to stm32g0xx_hal_tim.o(.text.HAL_TIM_Base_Init) for HAL_TIM_Base_Init
    main.o(.text.main) refers to stm32g0xx_hal_tim.o(.text.HAL_TIM_ConfigClockSource) for HAL_TIM_ConfigClockSource
    main.o(.text.main) refers to stm32g0xx_hal_tim_ex.o(.text.HAL_TIMEx_MasterConfigSynchronization) for HAL_TIMEx_MasterConfigSynchronization
    main.o(.text.main) refers to button_handler.o(.text.BUTTON_Init) for BUTTON_Init
    main.o(.text.main) refers to main.o(.text.generateSequence) for generateSequence
    main.o(.text.main) refers to main.o(.text.showSequence) for showSequence
    main.o(.text.main) refers to main.o(.text.getSequence) for getSequence
    main.o(.text.main) refers to main.o(.bss..L_MergedGlobals.1) for [Anonymous Symbol]
    main.o(.ARM.exidx.text.main) refers to main.o(.text.main) for [Anonymous Symbol]
    main.o(.text.SystemClock_Config) refers to stm32g0xx_hal_pwr_ex.o(.text.HAL_PWREx_ControlVoltageScaling) for HAL_PWREx_ControlVoltageScaling
    main.o(.text.SystemClock_Config) refers to stm32g0xx_hal_rcc.o(.text.HAL_RCC_OscConfig) for HAL_RCC_OscConfig
    main.o(.text.SystemClock_Config) refers to stm32g0xx_hal_rcc.o(.text.HAL_RCC_ClockConfig) for HAL_RCC_ClockConfig
    main.o(.ARM.exidx.text.SystemClock_Config) refers to main.o(.text.SystemClock_Config) for [Anonymous Symbol]
    main.o(.text.generateSequence) refers to rand.o(.text) for srand
    main.o(.text.generateSequence) refers to rand.o(.emb_text) for rand
    main.o(.text.generateSequence) refers to main.o(.bss..L_MergedGlobals.1) for [Anonymous Symbol]
    main.o(.ARM.exidx.text.generateSequence) refers to main.o(.text.generateSequence) for [Anonymous Symbol]
    main.o(.text.showSequence) refers to stm32g0xx_hal_gpio.o(.text.HAL_GPIO_WritePin) for HAL_GPIO_WritePin
    main.o(.text.showSequence) refers to stm32g0xx_hal_tim.o(.text.HAL_TIM_Base_Start_IT) for HAL_TIM_Base_Start_IT
    main.o(.text.showSequence) refers to stm32g0xx_hal.o(.text.HAL_Delay) for HAL_Delay
    main.o(.text.showSequence) refers to stm32g0xx_hal_tim.o(.text.HAL_TIM_Base_Stop_IT) for HAL_TIM_Base_Stop_IT
    main.o(.text.showSequence) refers to main.o(.bss..L_MergedGlobals.1) for [Anonymous Symbol]
    main.o(.text.showSequence) refers to main.o(.data..L_MergedGlobals) for [Anonymous Symbol]
    main.o(.ARM.exidx.text.showSequence) refers to main.o(.text.showSequence) for [Anonymous Symbol]
    main.o(.text.getSequence) refers to stm32g0xx_hal_gpio.o(.text.HAL_GPIO_WritePin) for HAL_GPIO_WritePin
    main.o(.text.getSequence) refers to stm32g0xx_hal_tim.o(.text.HAL_TIM_Base_Start_IT) for HAL_TIM_Base_Start_IT
[...]
    Removing stm32g0xx_hal_rcc.o(.ARM.exidx.text.HAL_RCC_NMI_IRQHandler), (8 bytes).
    Removing stm32g0xx_hal_rcc.o(.text.HAL_RCC_CSSCallback), (2 bytes).
    Removing stm32g0xx_hal_rcc.o(.ARM.exidx.text.HAL_RCC_CSSCallback), (8 bytes).
    Removing stm32g0xx_hal_rcc.o(.text.HAL_RCC_LSECSSCallback), (2 bytes).
    Removing stm32g0xx_hal_rcc.o(.ARM.exidx.text.HAL_RCC_LSECSSCallback), (8 bytes).
    Removing stm32g0xx_hal_rcc.o(.text.HAL_RCC_GetResetSource), (28 bytes).
    Removing stm32g0xx_hal_rcc.o(.ARM.exidx.text.HAL_RCC_GetResetSource), (8 bytes).
    Removing stm32g0xx_hal_rcc_ex.o(.text), (0 bytes).
    Removing stm32g0xx_hal_rcc_ex.o(.text.HAL_RCCEx_PeriphCLKConfig), (384 bytes).
    Removing stm32g0xx_hal_rcc_ex.o(.ARM.exidx.text.HAL_RCCEx_PeriphCLKConfig), (8 bytes).
    Removing stm32g0xx_hal_rcc_ex.o(.text.HAL_RCCEx_GetPeriphCLKConfig), (60 bytes).
    Removing stm32g0xx_hal_rcc_ex.o(.ARM.exidx.text.HAL_RCCEx_GetPeriphCLKConfig), (8 bytes).
    Removing stm32g0xx_hal_rcc_ex.o(.text.HAL_RCCEx_GetPeriphCLKFreq), (444 bytes).
    Removing stm32g0xx_hal_rcc_ex.o(.ARM.exidx.text.HAL_RCCEx_GetPeriphCLKFreq), (8 bytes).
    Removing stm32g0xx_hal_rcc_ex.o(.text.HAL_RCCEx_EnableLSCO), (152 bytes).
    Removing stm32g0xx_hal_rcc_ex.o(.ARM.exidx.text.HAL_RCCEx_EnableLSCO), (8 bytes).
    Removing stm32g0xx_hal_rcc_ex.o(.text.HAL_RCCEx_DisableLSCO), (92 bytes).
    Removing stm32g0xx_hal_rcc_ex.o(.ARM.exidx.text.HAL_RCCEx_DisableLSCO), (8 bytes).
    Removing stm32g0xx_ll_rcc.o(.text), (0 bytes).
    Removing stm32g0xx_hal_flash.o(.text), (0 bytes).
    Removing stm32g0xx_hal_flash.o(.text.HAL_FLASH_Program), (444 bytes).
    Removing stm32g0xx_hal_flash.o(.ARM.exidx.text.HAL_FLASH_Program), (8 bytes).
    Removing stm32g0xx_hal_flash.o(.text.FLASH_WaitForLastOperation), (180 bytes).
    Removing stm32g0xx_hal_flash.o(.ARM.exidx.text.FLASH_WaitForLastOperation), (8 bytes).
    Removing stm32g0xx_hal_flash.o(.text.HAL_FLASH_Program_IT), (360 bytes).
    Removing stm32g0xx_hal_flash.o(.ARM.exidx.text.HAL_FLASH_Program_IT), (8 bytes).
    Removing stm32g0xx_hal_flash.o(.text.HAL_FLASH_IRQHandler), (176 bytes).
    Removing stm32g0xx_hal_flash.o(.ARM.exidx.text.HAL_FLASH_IRQHandler), (8 bytes).
    Removing stm32g0xx_hal_flash.o(.text.HAL_FLASH_OperationErrorCallback), (2 bytes).
    Removing stm32g0xx_hal_flash.o(.ARM.exidx.text.HAL_FLASH_OperationErrorCallback), (8 bytes).
    Removing stm32g0xx_hal_flash.o(.text.HAL_FLASH_EndOfOperationCallback), (2 bytes).
    Removing stm32g0xx_hal_flash.o(.ARM.exidx.text.HAL_FLASH_EndOfOperationCallback), (8 bytes).
    Removing stm32g0xx_hal_flash.o(.text.HAL_FLASH_Unlock), (40 bytes).
    Removing stm32g0xx_hal_flash.o(.ARM.exidx.text.HAL_FLASH_Unlock), (8 bytes).
    Removing stm32g0xx_hal_flash.o(.text.HAL_FLASH_Lock), (128 bytes).
    Removing stm32g0xx_hal_flash.o(.ARM.exidx.text.HAL_FLASH_Lock), (8 bytes).
    Removing stm32g0xx_hal_flash.o(.text.HAL_FLASH_OB_Unlock), (40 bytes).
    Removing stm32g0xx_hal_flash.o(.ARM.exidx.text.HAL_FLASH_OB_Unlock), (8 bytes).
    Removing stm32g0xx_hal_flash.o(.text.HAL_FLASH_OB_Lock), (128 bytes).
    Removing stm32g0xx_hal_flash.o(.ARM.exidx.text.HAL_FLASH_OB_Lock), (8 bytes).
    Removing stm32g0xx_hal_flash.o(.text.HAL_FLASH_OB_Launch), (20 bytes).
    Removing stm32g0xx_hal_flash.o(.ARM.exidx.text.HAL_FLASH_OB_Launch), (8 bytes).
    Removing stm32g0xx_hal_flash.o(.text.HAL_FLASH_GetError), (12 bytes).
    Removing stm32g0xx_hal_flash.o(.ARM.exidx.text.HAL_FLASH_GetError), (8 bytes).
    Removing stm32g0xx_hal_flash.o(.bss.pFlash), (28 bytes).
    Removing stm32g0xx_hal_flash_ex.o(.text), (0 bytes).
    Removing stm32g0xx_hal_flash_ex.o(.text.HAL_FLASHEx_Erase), (192 bytes).
    Removing stm32g0xx_hal_flash_ex.o(.ARM.exidx.text.HAL_FLASHEx_Erase), (8 bytes).
    Removing stm32g0xx_hal_flash_ex.o(.text.FLASH_PageErase), (32 bytes).
    Removing stm32g0xx_hal_flash_ex.o(.ARM.exidx.text.FLASH_PageErase), (8 bytes).
    Removing stm32g0xx_hal_flash_ex.o(.text.HAL_FLASHEx_Erase_IT), (128 bytes).
    Removing stm32g0xx_hal_flash_ex.o(.ARM.exidx.text.HAL_FLASHEx_Erase_IT), (8 bytes).
    Removing stm32g0xx_hal_flash_ex.o(.text.HAL_FLASHEx_OBProgram), (236 bytes).
    Removing stm32g0xx_hal_flash_ex.o(.ARM.exidx.text.HAL_FLASHEx_OBProgram), (8 bytes).
    Removing stm32g0xx_hal_flash_ex.o(.text.HAL_FLASHEx_OBGetConfig), (84 bytes).
    Removing stm32g0xx_hal_flash_ex.o(.ARM.exidx.text.HAL_FLASHEx_OBGetConfig), (8 bytes).
    Removing stm32g0xx_hal_flash_ex.o(.text.HAL_FLASHEx_FlashEmptyCheck), (16 bytes).
    Removing stm32g0xx_hal_flash_ex.o(.ARM.exidx.text.HAL_FLASHEx_FlashEmptyCheck), (8 bytes).
    Removing stm32g0xx_hal_flash_ex.o(.text.HAL_FLASHEx_ForceFlashEmpty), (20 bytes).
    Removing stm32g0xx_hal_flash_ex.o(.ARM.exidx.text.HAL_FLASHEx_ForceFlashEmpty), (8 bytes).
    Removing stm32g0xx_hal_flash_ex.o(.text.FLASH_FlushCaches), (44 bytes).
    Removing stm32g0xx_hal_flash_ex.o(.ARM.exidx.text.FLASH_FlushCaches), (8 bytes).
    Removing stm32g0xx_hal_gpio.o(.text), (0 bytes).
    Removing stm32g0xx_hal_gpio.o(.ARM.exidx.text.HAL_GPIO_Init), (8 bytes).
    Removing stm32g0xx_hal_gpio.o(.text.HAL_GPIO_DeInit), (264 bytes).
    Removing stm32g0xx_hal_gpio.o(.ARM.exidx.text.HAL_GPIO_DeInit), (8 bytes).
    Removing stm32g0xx_hal_gpio.o(.ARM.exidx.text.HAL_GPIO_ReadPin), (8 bytes).
    Removing stm32g0xx_hal_gpio.o(.ARM.exidx.text.HAL_GPIO_WritePin), (8 bytes).
    Removing stm32g0xx_hal_gpio.o(.ARM.exidx.text.HAL_GPIO_TogglePin), (8 bytes).
    Removing stm32g0xx_hal_gpio.o(.text.HAL_GPIO_LockPin), (40 bytes).
    Removing stm32g0xx_hal_gpio.o(.ARM.exidx.text.HAL_GPIO_LockPin), (8 bytes).
    Removing stm32g0xx_hal_gpio.o(.text.HAL_GPIO_EXTI_IRQHandler), (40 bytes).
    Removing stm32g0xx_hal_gpio.o(.ARM.exidx.text.HAL_GPIO_EXTI_IRQHandler), (8 bytes).
    Removing stm32g0xx_hal_gpio.o(.text.HAL_GPIO_EXTI_Rising_Callback), (2 bytes).
    Removing stm32g0xx_hal_gpio.o(.ARM.exidx.text.HAL_GPIO_EXTI_Rising_Callback), (8 bytes).
    Removing stm32g0xx_hal_gpio.o(.text.HAL_GPIO_EXTI_Falling_Callback), (2 bytes).
    Removing stm32g0xx_hal_gpio.o(.ARM.exidx.text.HAL_GPIO_EXTI_Falling_Callback), (8 bytes).
    Removing stm32g0xx_hal_dma.o(.text), (0 bytes).
    Removing stm32g0xx_hal_dma.o(.text.HAL_DMA_Init), (256 bytes).
    Removing stm32g0xx_hal_dma.o(.ARM.exidx.text.HAL_DMA_Init), (8 bytes).
    Removing stm32g0xx_hal_dma.o(.text.HAL_DMA_DeInit), (176 bytes).
    Removing stm32g0xx_hal_dma.o(.ARM.exidx.text.HAL_DMA_DeInit), (8 bytes).
    Removing stm32g0xx_hal_dma.o(.text.HAL_DMA_Start), (144 bytes).
    Removing stm32g0xx_hal_dma.o(.ARM.exidx.text.HAL_DMA_Start), (8 bytes).
    Removing stm32g0xx_hal_dma.o(.text.HAL_DMA_Start_IT), (204 bytes).
    Removing stm32g0xx_hal_dma.o(.ARM.exidx.text.HAL_DMA_Start_IT), (8 bytes).
    Removing stm32g0xx_hal_dma.o(.text.HAL_DMA_Abort), (120 bytes).
    Removing stm32g0xx_hal_dma.o(.ARM.exidx.text.HAL_DMA_Abort), (8 bytes).
    Removing stm32g0xx_hal_dma.o(.text.HAL_DMA_Abort_IT), (116 bytes).
    Removing stm32g0xx_hal_dma.o(.ARM.exidx.text.HAL_DMA_Abort_IT), (8 bytes).
    Removing stm32g0xx_hal_dma.o(.text.HAL_DMA_PollForTransfer), (360 bytes).
    Removing stm32g0xx_hal_dma.o(.ARM.exidx.text.HAL_DMA_PollForTransfer), (8 bytes).
    Removing stm32g0xx_hal_dma.o(.text.HAL_DMA_IRQHandler), (228 bytes).
    Removing stm32g0xx_hal_dma.o(.ARM.exidx.text.HAL_DMA_IRQHandler), (8 bytes).
    Removing stm32g0xx_hal_dma.o(.text.HAL_DMA_RegisterCallback), (70 bytes).
    Removing stm32g0xx_hal_dma.o(.ARM.exidx.text.HAL_DMA_RegisterCallback), (8 bytes).
    Removing stm32g0xx_hal_dma.o(.text.HAL_DMA_UnRegisterCallback), (102 bytes).
    Removing stm32g0xx_hal_dma.o(.ARM.exidx.text.HAL_DMA_UnRegisterCallback), (8 bytes).
    Removing stm32g0xx_hal_dma.o(.text.HAL_DMA_GetState), (6 bytes).
    Removing stm32g0xx_hal_dma.o(.ARM.exidx.text.HAL_DMA_GetState), (8 bytes).
    Removing stm32g0xx_hal_dma.o(.text.HAL_DMA_GetError), (4 bytes).
    Removing stm32g0xx_hal_dma.o(.ARM.exidx.text.HAL_DMA_GetError), (8 bytes).
    Removing stm32g0xx_hal_dma_ex.o(.text), (0 bytes).
    Removing stm32g0xx_hal_dma_ex.o(.text.HAL_DMAEx_ConfigMuxSync), (80 bytes).
    Removing stm32g0xx_hal_dma_ex.o(.ARM.exidx.text.HAL_DMAEx_ConfigMuxSync), (8 bytes).
    Removing stm32g0xx_hal_dma_ex.o(.text.HAL_DMAEx_ConfigMuxRequestGenerator), (76 bytes).
    Removing stm32g0xx_hal_dma_ex.o(.ARM.exidx.text.HAL_DMAEx_ConfigMuxRequestGenerator), (8 bytes).
    Removing stm32g0xx_hal_dma_ex.o(.text.HAL_DMAEx_EnableMuxRequestGenerator), (32 bytes).
    Removing stm32g0xx_hal_dma_ex.o(.ARM.exidx.text.HAL_DMAEx_EnableMuxRequestGenerator), (8 bytes).
    Removing stm32g0xx_hal_dma_ex.o(.text.HAL_DMAEx_DisableMuxRequestGenerator), (32 bytes).
    Removing stm32g0xx_hal_dma_ex.o(.ARM.exidx.text.HAL_DMAEx_DisableMuxRequestGenerator), (8 bytes).
    Removing stm32g0xx_hal_dma_ex.o(.text.HAL_DMAEx_MUX_IRQHandler), (96 bytes).
    Removing stm32g0xx_hal_dma_ex.o(.ARM.exidx.text.HAL_DMAEx_MUX_IRQHandler), (8 bytes).
    Removing stm32g0xx_ll_dma.o(.text), (0 bytes).
    Removing stm32g0xx_hal_pwr.o(.text), (0 bytes).
    Removing stm32g0xx_hal_pwr.o(.text.HAL_PWR_DeInit), (24 bytes).
    Removing stm32g0xx_hal_pwr.o(.ARM.exidx.text.HAL_PWR_DeInit), (8 bytes).
    Removing stm32g0xx_hal_pwr.o(.text.HAL_PWR_EnableBkUpAccess), (20 bytes).
    Removing stm32g0xx_hal_pwr.o(.ARM.exidx.text.HAL_PWR_EnableBkUpAccess), (8 bytes).
    Removing stm32g0xx_hal_pwr.o(.text.HAL_PWR_DisableBkUpAccess), (20 bytes).
    Removing stm32g0xx_hal_pwr.o(.ARM.exidx.text.HAL_PWR_DisableBkUpAccess), (8 bytes).
    Removing stm32g0xx_hal_pwr.o(.text.HAL_PWR_EnableWakeUpPin), (28 bytes).
    Removing stm32g0xx_hal_pwr.o(.ARM.exidx.text.HAL_PWR_EnableWakeUpPin), (8 bytes).
    Removing stm32g0xx_hal_pwr.o(.text.HAL_PWR_DisableWakeUpPin), (24 bytes).
    Removing stm32g0xx_hal_pwr.o(.ARM.exidx.text.HAL_PWR_DisableWakeUpPin), (8 bytes).
    Removing stm32g0xx_hal_pwr.o(.text.HAL_PWR_EnterSLEEPMode), (76 bytes).
    Removing stm32g0xx_hal_pwr.o(.ARM.exidx.text.HAL_PWR_EnterSLEEPMode), (8 bytes).
    Removing stm32g0xx_hal_pwr.o(.text.HAL_PWR_EnterSTOPMode), (64 bytes).
    Removing stm32g0xx_hal_pwr.o(.ARM.exidx.text.HAL_PWR_EnterSTOPMode), (8 bytes).
    Removing stm32g0xx_hal_pwr.o(.text.HAL_PWR_EnterSTANDBYMode), (36 bytes).
    Removing stm32g0xx_hal_pwr.o(.ARM.exidx.text.HAL_PWR_EnterSTANDBYMode), (8 bytes).
    Removing stm32g0xx_hal_pwr.o(.text.HAL_PWR_EnableSleepOnExit), (16 bytes).
    Removing stm32g0xx_hal_pwr.o(.ARM.exidx.text.HAL_PWR_EnableSleepOnExit), (8 bytes).
    Removing stm32g0xx_hal_pwr.o(.text.HAL_PWR_DisableSleepOnExit), (16 bytes).
    Removing stm32g0xx_hal_pwr.o(.ARM.exidx.text.HAL_PWR_DisableSleepOnExit), (8 bytes).
    Removing stm32g0xx_hal_pwr.o(.text.HAL_PWR_EnableSEVOnPend), (16 bytes).
    Removing stm32g0xx_hal_pwr.o(.ARM.exidx.text.HAL_PWR_EnableSEVOnPend), (8 bytes).
    Removing stm32g0xx_hal_pwr.o(.text.HAL_PWR_DisableSEVOnPend), (16 bytes).
    Removing stm32g0xx_hal_pwr.o(.ARM.exidx.text.HAL_PWR_DisableSEVOnPend), (8 bytes).
    Removing stm32g0xx_hal_pwr_ex.o(.text), (0 bytes).
    Removing stm32g0xx_hal_pwr_ex.o(.text.HAL_PWREx_EnableBatteryCharging), (28 bytes).
    Removing stm32g0xx_hal_pwr_ex.o(.ARM.exidx.text.HAL_PWREx_EnableBatteryCharging), (8 bytes).
    Removing stm32g0xx_hal_pwr_ex.o(.text.HAL_PWREx_DisableBatteryCharging), (20 bytes).
    Removing stm32g0xx_hal_pwr_ex.o(.ARM.exidx.text.HAL_PWREx_DisableBatteryCharging), (8 bytes).
    Removing stm32g0xx_hal_pwr_ex.o(.text.HAL_PWREx_EnableInternalWakeUpLine), (20 bytes).
    Removing stm32g0xx_hal_pwr_ex.o(.ARM.exidx.text.HAL_PWREx_EnableInternalWakeUpLine), (8 bytes).
    Removing stm32g0xx_hal_pwr_ex.o(.text.HAL_PWREx_DisableInternalWakeUpLine), (20 bytes).
    Removing stm32g0xx_hal_pwr_ex.o(.ARM.exidx.text.HAL_PWREx_DisableInternalWakeUpLine), (8 bytes).
    Removing stm32g0xx_hal_pwr_ex.o(.text.HAL_PWREx_EnableGPIOPullUp), (112 bytes).
    Removing stm32g0xx_hal_pwr_ex.o(.ARM.exidx.text.HAL_PWREx_EnableGPIOPullUp), (8 bytes).
    Removing stm32g0xx_hal_pwr_ex.o(.text.HAL_PWREx_DisableGPIOPullUp), (88 bytes).
    Removing stm32g0xx_hal_pwr_ex.o(.ARM.exidx.text.HAL_PWREx_DisableGPIOPullUp), (8 bytes).
    Removing stm32g0xx_hal_pwr_ex.o(.text.HAL_PWREx_EnableGPIOPullDown), (124 bytes).
    Removing stm32g0xx_hal_pwr_ex.o(.ARM.exidx.text.HAL_PWREx_EnableGPIOPullDown), (8 bytes).
    Removing stm32g0xx_hal_pwr_ex.o(.text.HAL_PWREx_DisableGPIOPullDown), (64 bytes).
    Removing stm32g0xx_hal_pwr_ex.o(.ARM.exidx.text.HAL_PWREx_DisableGPIOPullDown), (8 bytes).
    Removing stm32g0xx_hal_pwr_ex.o(.text.HAL_PWREx_EnablePullUpPullDownConfig), (20 bytes).
    Removing stm32g0xx_hal_pwr_ex.o(.ARM.exidx.text.HAL_PWREx_EnablePullUpPullDownConfig), (8 bytes).
    Removing stm32g0xx_hal_pwr_ex.o(.text.HAL_PWREx_DisablePullUpPullDownConfig), (20 bytes).
    Removing stm32g0xx_hal_pwr_ex.o(.ARM.exidx.text.HAL_PWREx_DisablePullUpPullDownConfig), (8 bytes).
    Removing stm32g0xx_hal_pwr_ex.o(.text.HAL_PWREx_EnableFlashPowerDown), (16 bytes).
    Removing stm32g0xx_hal_pwr_ex.o(.ARM.exidx.text.HAL_PWREx_EnableFlashPowerDown), (8 bytes).
    Removing stm32g0xx_hal_pwr_ex.o(.text.HAL_PWREx_DisableFlashPowerDown), (16 bytes).
    Removing stm32g0xx_hal_pwr_ex.o(.ARM.exidx.text.HAL_PWREx_DisableFlashPowerDown), (8 bytes).
    Removing stm32g0xx_hal_pwr_ex.o(.text.HAL_PWREx_GetVoltageRange), (16 bytes).
    Removing stm32g0xx_hal_pwr_ex.o(.ARM.exidx.text.HAL_PWREx_GetVoltageRange), (8 bytes).
    Removing stm32g0xx_hal_pwr_ex.o(.ARM.exidx.text.HAL_PWREx_ControlVoltageScaling), (8 bytes).
    Removing stm32g0xx_hal_pwr_ex.o(.text.HAL_PWREx_EnableLowPowerRunMode), (20 bytes).
    Removing stm32g0xx_hal_pwr_ex.o(.ARM.exidx.text.HAL_PWREx_EnableLowPowerRunMode), (8 bytes).
    Removing stm32g0xx_hal_pwr_ex.o(.text.HAL_PWREx_DisableLowPowerRunMode), (112 bytes).
    Removing stm32g0xx_hal_pwr_ex.o(.ARM.exidx.text.HAL_PWREx_DisableLowPowerRunMode), (8 bytes).
    Removing stm32g0xx_hal_cortex.o(.text), (0 bytes).
    Removing stm32g0xx_hal_cortex.o(.ARM.exidx.text.HAL_NVIC_SetPriority), (8 bytes).
    Removing stm32g0xx_hal_cortex.o(.ARM.exidx.text.HAL_NVIC_EnableIRQ), (8 bytes).
    Removing stm32g0xx_hal_cortex.o(.text.HAL_NVIC_DisableIRQ), (32 bytes).
    Removing stm32g0xx_hal_cortex.o(.ARM.exidx.text.HAL_NVIC_DisableIRQ), (8 bytes).
    Removing stm32g0xx_hal_cortex.o(.text.HAL_NVIC_SystemReset), (32 bytes).
    Removing stm32g0xx_hal_cortex.o(.ARM.exidx.text.HAL_NVIC_SystemReset), (8 bytes).
    Removing stm32g0xx_hal_cortex.o(.ARM.exidx.text.HAL_SYSTICK_Config), (8 bytes).
    Removing stm32g0xx_hal_cortex.o(.text.HAL_NVIC_GetPriority), (48 bytes).
    Removing stm32g0xx_hal_cortex.o(.ARM.exidx.text.HAL_NVIC_GetPriority), (8 bytes).
    Removing stm32g0xx_hal_cortex.o(.text.HAL_NVIC_SetPendingIRQ), (24 bytes).
    Removing stm32g0xx_hal_cortex.o(.ARM.exidx.text.HAL_NVIC_SetPendingIRQ), (8 bytes).
    Removing stm32g0xx_hal_cortex.o(.text.HAL_NVIC_GetPendingIRQ), (28 bytes).
    Removing stm32g0xx_hal_cortex.o(.ARM.exidx.text.HAL_NVIC_GetPendingIRQ), (8 bytes).
    Removing stm32g0xx_hal_cortex.o(.text.HAL_NVIC_ClearPendingIRQ), (24 bytes).
    Removing stm32g0xx_hal_cortex.o(.ARM.exidx.text.HAL_NVIC_ClearPendingIRQ), (8 bytes).
    Removing stm32g0xx_hal_cortex.o(.text.HAL_SYSTICK_CLKSourceConfig), (28 bytes).
    Removing stm32g0xx_hal_cortex.o(.ARM.exidx.text.HAL_SYSTICK_CLKSourceConfig), (8 bytes).
    Removing stm32g0xx_hal_cortex.o(.text.HAL_SYSTICK_IRQHandler), (8 bytes).
    Removing stm32g0xx_hal_cortex.o(.ARM.exidx.text.HAL_SYSTICK_IRQHandler), (8 bytes).
    Removing stm32g0xx_hal_cortex.o(.text.HAL_SYSTICK_Callback), (2 bytes).
    Removing stm32g0xx_hal_cortex.o(.ARM.exidx.text.HAL_SYSTICK_Callback), (8 bytes).
    Removing stm32g0xx_hal_cortex.o(.text.HAL_MPU_Enable), (24 bytes).
    Removing stm32g0xx_hal_cortex.o(.ARM.exidx.text.HAL_MPU_Enable), (8 bytes).
    Removing stm32g0xx_hal_cortex.o(.text.HAL_MPU_Disable), (16 bytes).
    Removing stm32g0xx_hal_cortex.o(.ARM.exidx.text.HAL_MPU_Disable), (8 bytes).
    Removing stm32g0xx_hal_cortex.o(.text.HAL_MPU_EnableRegion), (24 bytes).
    Removing stm32g0xx_hal_cortex.o(.ARM.exidx.text.HAL_MPU_EnableRegion), (8 bytes).
    Removing stm32g0xx_hal_cortex.o(.text.HAL_MPU_DisableRegion), (24 bytes).
    Removing stm32g0xx_hal_cortex.o(.ARM.exidx.text.HAL_MPU_DisableRegion), (8 bytes).
    Removing stm32g0xx_hal_cortex.o(.text.HAL_MPU_ConfigRegion), (84 bytes).
    Removing stm32g0xx_hal_cortex.o(.ARM.exidx.text.HAL_MPU_ConfigRegion), (8 bytes).
    Removing stm32g0xx_hal.o(.text), (0 bytes).
    Removing stm32g0xx_hal.o(.ARM.exidx.text.HAL_Init), (8 bytes).
    Removing stm32g0xx_hal.o(.ARM.exidx.text.HAL_InitTick), (8 bytes).
    Removing stm32g0xx_hal.o(.text.HAL_MspInit), (2 bytes).
    Removing stm32g0xx_hal.o(.ARM.exidx.text.HAL_MspInit), (8 bytes).
    Removing stm32g0xx_hal.o(.text.HAL_DeInit), (36 bytes).
    Removing stm32g0xx_hal.o(.ARM.exidx.text.HAL_DeInit), (8 bytes).
    Removing stm32g0xx_hal.o(.text.HAL_MspDeInit), (2 bytes).
    Removing stm32g0xx_hal.o(.ARM.exidx.text.HAL_MspDeInit), (8 bytes).
    Removing stm32g0xx_hal.o(.ARM.exidx.text.HAL_IncTick), (8 bytes).
    Removing stm32g0xx_hal.o(.ARM.exidx.text.HAL_GetTick), (8 bytes).
    Removing stm32g0xx_hal.o(.text.HAL_GetTickPrio), (12 bytes).
    Removing stm32g0xx_hal.o(.ARM.exidx.text.HAL_GetTickPrio), (8 bytes).
    Removing stm32g0xx_hal.o(.text.HAL_SetTickFreq), (36 bytes).
    Removing stm32g0xx_hal.o(.ARM.exidx.text.HAL_SetTickFreq), (8 bytes).
    Removing stm32g0xx_hal.o(.text.HAL_GetTickFreq), (12 bytes).
    Removing stm32g0xx_hal.o(.ARM.exidx.text.HAL_GetTickFreq), (8 bytes).
    Removing stm32g0xx_hal.o(.ARM.exidx.text.HAL_Delay), (8 bytes).
    Removing stm32g0xx_hal.o(.text.HAL_SuspendTick), (16 bytes).
    Removing stm32g0xx_hal.o(.ARM.exidx.text.HAL_SuspendTick), (8 bytes).
    Removing stm32g0xx_hal.o(.text.HAL_ResumeTick), (16 bytes).
    Removing stm32g0xx_hal.o(.ARM.exidx.text.HAL_ResumeTick), (8 bytes).
    Removing stm32g0xx_hal.o(.text.HAL_GetHalVersion), (8 bytes).
    Removing stm32g0xx_hal.o(.ARM.exidx.text.HAL_GetHalVersion), (8 bytes).
    Removing stm32g0xx_hal.o(.text.HAL_GetREVID), (12 bytes).
    Removing stm32g0xx_hal.o(.ARM.exidx.text.HAL_GetREVID), (8 bytes).
    Removing stm32g0xx_hal.o(.text.HAL_GetDEVID), (20 bytes).
    Removing stm32g0xx_hal.o(.ARM.exidx.text.HAL_GetDEVID), (8 bytes).
    Removing stm32g0xx_hal.o(.text.HAL_GetUIDw0), (12 bytes).
    Removing stm32g0xx_hal.o(.ARM.exidx.text.HAL_GetUIDw0), (8 bytes).
    Removing stm32g0xx_hal.o(.text.HAL_GetUIDw1), (12 bytes).
    Removing stm32g0xx_hal.o(.ARM.exidx.text.HAL_GetUIDw1), (8 bytes).
    Removing stm32g0xx_hal.o(.text.HAL_GetUIDw2), (12 bytes).
    Removing stm32g0xx_hal.o(.ARM.exidx.text.HAL_GetUIDw2), (8 bytes).
    Removing stm32g0xx_hal.o(.text.HAL_DBGMCU_EnableDBGStopMode), (16 bytes).
    Removing stm32g0xx_hal.o(.ARM.exidx.text.HAL_DBGMCU_EnableDBGStopMode), (8 bytes).
    Removing stm32g0xx_hal.o(.text.HAL_DBGMCU_DisableDBGStopMode), (16 bytes).
    Removing stm32g0xx_hal.o(.ARM.exidx.text.HAL_DBGMCU_DisableDBGStopMode), (8 bytes).
    Removing stm32g0xx_hal.o(.text.HAL_DBGMCU_EnableDBGStandbyMode), (16 bytes).
    Removing stm32g0xx_hal.o(.ARM.exidx.text.HAL_DBGMCU_EnableDBGStandbyMode), (8 bytes).
    Removing stm32g0xx_hal.o(.text.HAL_DBGMCU_DisableDBGStandbyMode), (16 bytes).
    Removing stm32g0xx_hal.o(.ARM.exidx.text.HAL_DBGMCU_DisableDBGStandbyMode), (8 bytes).
    Removing stm32g0xx_hal.o(.text.HAL_SYSCFG_EnableIOAnalogSwitchBooster), (20 bytes).
    Removing stm32g0xx_hal.o(.ARM.exidx.text.HAL_SYSCFG_EnableIOAnalogSwitchBooster), (8 bytes).
    Removing stm32g0xx_hal.o(.text.HAL_SYSCFG_DisableIOAnalogSwitchBooster), (20 bytes).
    Removing stm32g0xx_hal.o(.ARM.exidx.text.HAL_SYSCFG_DisableIOAnalogSwitchBooster), (8 bytes).
    Removing stm32g0xx_hal.o(.text.HAL_SYSCFG_EnableRemap), (16 bytes).
    Removing stm32g0xx_hal.o(.ARM.exidx.text.HAL_SYSCFG_EnableRemap), (8 bytes).
    Removing stm32g0xx_hal.o(.text.HAL_SYSCFG_DisableRemap), (16 bytes).
    Removing stm32g0xx_hal.o(.ARM.exidx.text.HAL_SYSCFG_DisableRemap), (8 bytes).
    Removing stm32g0xx_hal.o(.text.HAL_SYSCFG_EnableClampingDiode), (16 bytes).
    Removing stm32g0xx_hal.o(.ARM.exidx.text.HAL_SYSCFG_EnableClampingDiode), (8 bytes).
    Removing stm32g0xx_hal.o(.text.HAL_SYSCFG_DisableClampingDiode), (16 bytes).
    Removing stm32g0xx_hal.o(.ARM.exidx.text.HAL_SYSCFG_DisableClampingDiode), (8 bytes).
    Removing stm32g0xx_hal_exti.o(.text), (0 bytes).
    Removing stm32g0xx_hal_exti.o(.text.HAL_EXTI_SetConfigLine), (176 bytes).
    Removing stm32g0xx_hal_exti.o(.ARM.exidx.text.HAL_EXTI_SetConfigLine), (8 bytes).
    Removing stm32g0xx_hal_exti.o(.text.HAL_EXTI_GetConfigLine), (156 bytes).
    Removing stm32g0xx_hal_exti.o(.ARM.exidx.text.HAL_EXTI_GetConfigLine), (8 bytes).
    Removing stm32g0xx_hal_exti.o(.text.HAL_EXTI_ClearConfigLine), (116 bytes).
    Removing stm32g0xx_hal_exti.o(.ARM.exidx.text.HAL_EXTI_ClearConfigLine), (8 bytes).
    Removing stm32g0xx_hal_exti.o(.text.HAL_EXTI_RegisterCallback), (34 bytes).
    Removing stm32g0xx_hal_exti.o(.ARM.exidx.text.HAL_EXTI_RegisterCallback), (8 bytes).
    Removing stm32g0xx_hal_exti.o(.text.HAL_EXTI_GetHandle), (14 bytes).
    Removing stm32g0xx_hal_exti.o(.ARM.exidx.text.HAL_EXTI_GetHandle), (8 bytes).
    Removing stm32g0xx_hal_exti.o(.text.HAL_EXTI_IRQHandler), (68 bytes).
    Removing stm32g0xx_hal_exti.o(.ARM.exidx.text.HAL_EXTI_IRQHandler), (8 bytes).
    Removing stm32g0xx_hal_exti.o(.text.HAL_EXTI_GetPending), (40 bytes).
    Removing stm32g0xx_hal_exti.o(.ARM.exidx.text.HAL_EXTI_GetPending), (8 bytes).
    Removing stm32g0xx_hal_exti.o(.text.HAL_EXTI_ClearPending), (36 bytes).
    Removing stm32g0xx_hal_exti.o(.ARM.exidx.text.HAL_EXTI_ClearPending), (8 bytes).
    Removing stm32g0xx_hal_exti.o(.text.HAL_EXTI_GenerateSWI), (28 bytes).
    Removing stm32g0xx_hal_exti.o(.ARM.exidx.text.HAL_EXTI_GenerateSWI), (8 bytes).
    Removing system_stm32g0xx.o(.text), (0 bytes).
    Removing system_stm32g0xx.o(.ARM.exidx.text.SystemInit), (8 bytes).
    Removing system_stm32g0xx.o(.text.SystemCoreClockUpdate), (144 bytes).
    Removing system_stm32g0xx.o(.ARM.exidx.text.SystemCoreClockUpdate), (8 bytes).
    Removing system_stm32g0xx.o(.rodata.APBPrescTable), (32 bytes).
    Removing button_handler.o(.text), (0 bytes).
    Removing button_handler.o(.ARM.exidx.text.BUTTON_Low_LevelManager), (8 bytes).
    Removing button_handler.o(.ARM.exidx.text.BUTTON_HighLevelManager), (8 bytes).
    Removing button_handler.o(.ARM.exidx.text.BUTTON_Process), (8 bytes).
    Removing button_handler.o(.ARM.exidx.text.BUTTON_TimerProcess), (8 bytes).
    Removing button_handler.o(.ARM.exidx.text.BUTTON_GetAction), (8 bytes).
    Removing button_handler.o(.ARM.exidx.text.BUTTON_ResetActions), (8 bytes).
    Removing button_handler.o(.ARM.exidx.text.BUTTON_Init), (8 bytes).

646 unused section(s) (total 32664 bytes) removed from the image.

==============================================================================

Image Symbol Table

    Local Symbols

    Symbol Name                              Value     Ov Type        Size  Object(Section)

    ../clib/angel/boardlib.s                 0x00000000   Number         0  boardinit1.o ABSOLUTE
    ../clib/angel/boardlib.s                 0x00000000   Number         0  boardinit2.o ABSOLUTE
    ../clib/angel/boardlib.s                 0x00000000   Number         0  boardinit3.o ABSOLUTE
    ../clib/angel/boardlib.s                 0x00000000   Number         0  boardshut.o ABSOLUTE
    ../clib/angel/handlers.s                 0x00000000   Number         0  __scatter_copy.o ABSOLUTE
    ../clib/angel/handlers.s                 0x00000000   Number         0  __scatter_zi.o ABSOLUTE
    ../clib/angel/kernel.s                   0x00000000   Number         0  __rtentry.o ABSOLUTE
    ../clib/angel/kernel.s                   0x00000000   Number         0  __rtentry2.o ABSOLUTE
    ../clib/angel/kernel.s                   0x00000000   Number         0  __rtentry4.o ABSOLUTE
    ../clib/angel/kernel.s                   0x00000000   Number         0  rtexit.o ABSOLUTE
    ../clib/angel/kernel.s                   0x00000000   Number         0  rtexit2.o ABSOLUTE
    ../clib/angel/rt.s                       0x00000000   Number         0  aeabi_idiv0.o ABSOLUTE
    ../clib/angel/rt.s                       0x00000000   Number         0  aeabi_idiv0_sigfpe.o ABSOLUTE
    ../clib/angel/rt.s                       0x00000000   Number         0  rt_div0.o ABSOLUTE
    ../clib/angel/rt.s                       0x00000000   Number         0  rt_raise.o ABSOLUTE
    ../clib/angel/scatterp.s                 0x00000000   Number         0  __scatter.o ABSOLUTE
    ../clib/angel/startup.s                  0x00000000   Number         0  __main.o ABSOLUTE
    ../clib/angel/sys.s                      0x00000000   Number         0  sys_stackheap_outer.o ABSOLUTE
    ../clib/angel/sys.s                      0x00000000   Number         0  libspace.o ABSOLUTE
    ../clib/angel/sys.s                      0x00000000   Number         0  tempstk.o ABSOLUTE
    ../clib/angel/sys.s                      0x00000000   Number         0  use_no_semi.o ABSOLUTE
    ../clib/angel/sys.s                      0x00000000   Number         0  indicate_semi.o ABSOLUTE
    ../clib/angel/sysapp.c                   0x00000000   Number         0  sys_command.o ABSOLUTE
    ../clib/angel/sysapp.c                   0x00000000   Number         0  sys_command_hlt.o ABSOLUTE
    ../clib/angel/sysapp.c                   0x00000000   Number         0  sys_exit.o ABSOLUTE
    ../clib/angel/sysapp.c                   0x00000000   Number         0  sys_exit_hlt.o ABSOLUTE
    ../clib/angel/sysapp.c                   0x00000000   Number         0  sys_wrch.o ABSOLUTE
    ../clib/angel/sysapp.c                   0x00000000   Number         0  sys_wrch_hlt.o ABSOLUTE
    ../clib/armsys.c                         0x00000000   Number         0  argv_veneer.o ABSOLUTE
    ../clib/armsys.c                         0x00000000   Number         0  _get_argv_nomalloc.o ABSOLUTE
    ../clib/armsys.c                         0x00000000   Number         0  no_argv.o ABSOLUTE
    ../clib/division.s                       0x00000000   Number         0  aeabi_sdivfast.o ABSOLUTE
    ../clib/division.s                       0x00000000   Number         0  aeabi_sdivfast_div0.o ABSOLUTE
    ../clib/heapalloc.c                      0x00000000   Number         0  hrguard.o ABSOLUTE
    ../clib/heapaux.c                        0x00000000   Number         0  heapauxi.o ABSOLUTE
    ../clib/libinit.s                        0x00000000   Number         0  libinit2.o ABSOLUTE
    ../clib/libinit.s                        0x00000000   Number         0  libinit.o ABSOLUTE
    ../clib/libinit.s                        0x00000000   Number         0  libshutdown.o ABSOLUTE
    ../clib/libinit.s                        0x00000000   Number         0  libshutdown2.o ABSOLUTE
    ../clib/signal.c                         0x00000000   Number         0  defsig_fpe_outer.o ABSOLUTE
    ../clib/signal.c                         0x00000000   Number         0  defsig_fpe_formal.o ABSOLUTE
    ../clib/signal.c                         0x00000000   Number         0  defsig_exit.o ABSOLUTE
    ../clib/signal.c                         0x00000000   Number         0  defsig_fpe_inner.o ABSOLUTE
    ../clib/signal.c                         0x00000000   Number         0  defsig_rtmem_outer.o ABSOLUTE
    ../clib/signal.c                         0x00000000   Number         0  defsig_rtmem_formal.o ABSOLUTE
    ../clib/signal.c                         0x00000000   Number         0  __raise.o ABSOLUTE
    ../clib/signal.c                         0x00000000   Number         0  defsig_general.o ABSOLUTE
    ../clib/signal.c                         0x00000000   Number         0  defsig_rtmem_inner.o ABSOLUTE
    ../clib/signal.c                         0x00000000   Number         0  defsig_abrt_inner.o ABSOLUTE
    ../clib/signal.c                         0x00000000   Number         0  defsig_rtred_inner.o ABSOLUTE
    ../clib/signal.c                         0x00000000   Number         0  defsig_stak_inner.o ABSOLUTE
    ../clib/signal.c                         0x00000000   Number         0  defsig_pvfn_inner.o ABSOLUTE
    ../clib/signal.c                         0x00000000   Number         0  defsig_cppl_inner.o ABSOLUTE
    ../clib/signal.c                         0x00000000   Number         0  defsig_segv_inner.o ABSOLUTE
    ../clib/signal.c                         0x00000000   Number         0  defsig_other.o ABSOLUTE
    ../clib/signal.s                         0x00000000   Number         0  defsig.o ABSOLUTE
    ../clib/stdlib.c                         0x00000000   Number         0  rand.o ABSOLUTE
    ../clib/stdlib.c                         0x00000000   Number         0  rand.o ABSOLUTE
    ../clib/stdlib.c                         0x00000000   Number         0  exit.o ABSOLUTE
    ../fplib/cfplib/fpinit.c                 0x00000000   Number         0  fpinit.o ABSOLUTE
    BUTTON_HANDLER.c                         0x00000000   Number         0  button_handler.o ABSOLUTE
    dc.s                                     0x00000000   Number         0  dc.o ABSOLUTE
    main.c                                   0x00000000   Number         0  main.o ABSOLUTE
    startup_stm32g030xx.s                    0x00000000   Number         0  startup_stm32g030xx.o ABSOLUTE
    stm32g0xx_hal.c                          0x00000000   Number         0  stm32g0xx_hal.o ABSOLUTE
    stm32g0xx_hal_cortex.c                   0x00000000   Number         0  stm32g0xx_hal_cortex.o ABSOLUTE
    stm32g0xx_hal_dma.c                      0x00000000   Number         0  stm32g0xx_hal_dma.o ABSOLUTE
    stm32g0xx_hal_dma_ex.c                   0x00000000   Number         0  stm32g0xx_hal_dma_ex.o ABSOLUTE
    stm32g0xx_hal_exti.c                     0x00000000   Number         0  stm32g0xx_hal_exti.o ABSOLUTE
    stm32g0xx_hal_flash.c                    0x00000000   Number         0  stm32g0xx_hal_flash.o ABSOLUTE
    stm32g0xx_hal_flash_ex.c                 0x00000000   Number         0  stm32g0xx_hal_flash_ex.o ABSOLUTE
    stm32g0xx_hal_gpio.c                     0x00000000   Number         0  stm32g0xx_hal_gpio.o ABSOLUTE
    stm32g0xx_hal_msp.c                      0x00000000   Number         0  stm32g0xx_hal_msp.o ABSOLUTE
    stm32g0xx_hal_pwr.c                      0x00000000   Number         0  stm32g0xx_hal_pwr.o ABSOLUTE
    stm32g0xx_hal_pwr_ex.c                   0x00000000   Number         0  stm32g0xx_hal_pwr_ex.o ABSOLUTE
    stm32g0xx_hal_rcc.c                      0x00000000   Number         0  stm32g0xx_hal_rcc.o ABSOLUTE
    stm32g0xx_hal_rcc_ex.c                   0x00000000   Number         0  stm32g0xx_hal_rcc_ex.o ABSOLUTE
    stm32g0xx_hal_tim.c                      0x00000000   Number         0  stm32g0xx_hal_tim.o ABSOLUTE
    stm32g0xx_hal_tim_ex.c                   0x00000000   Number         0  stm32g0xx_hal_tim_ex.o ABSOLUTE
    stm32g0xx_it.c                           0x00000000   Number         0  stm32g0xx_it.o ABSOLUTE
    stm32g0xx_ll_dma.c                       0x00000000   Number         0  stm32g0xx_ll_dma.o ABSOLUTE
    stm32g0xx_ll_rcc.c                       0x00000000   Number         0  stm32g0xx_ll_rcc.o ABSOLUTE
    system_stm32g0xx.c                       0x00000000   Number         0  system_stm32g0xx.o ABSOLUTE
    RESET                                    0x08000000   Section      192  startup_stm32g030xx.o(RESET)
    !!!main                                  0x080000c0   Section        8  __main.o(!!!main)
    !!!scatter                               0x080000c8   Section       84  __scatter.o(!!!scatter)
    !!handler_copy                           0x0800011c   Section       26  __scatter_copy.o(!!handler_copy)
    !!handler_null                           0x08000138   Section        2  __scatter.o(!!handler_null)
    !!handler_zi                             0x0800013c   Section       28  __scatter_zi.o(!!handler_zi)
    .ARM.Collect$$libinit$$00000000          0x08000158   Section        2  libinit.o(.ARM.Collect$$libinit$$00000000)
    .ARM.Collect$$libinit$$00000002          0x0800015a   Section        0  libinit2.o(.ARM.Collect$$libinit$$00000002)
    .ARM.Collect$$libinit$$00000004          0x0800015a   Section        0  libinit2.o(.ARM.Collect$$libinit$$00000004)
    .ARM.Collect$$libinit$$00000006          0x0800015a   Section        0  libinit2.o(.ARM.Collect$$libinit$$00000006)
    .ARM.Collect$$libinit$$0000000C          0x0800015a   Section        0  libinit2.o(.ARM.Collect$$libinit$$0000000C)
    .ARM.Collect$$libinit$$0000000E          0x0800015a   Section        0  libinit2.o(.ARM.Collect$$libinit$$0000000E)
    .ARM.Collect$$libinit$$0000000F          0x0800015a   Section        4  libinit2.o(.ARM.Collect$$libinit$$0000000F)
    .ARM.Collect$$libinit$$00000010          0x0800015e   Section        0  libinit2.o(.ARM.Collect$$libinit$$00000010)
    .ARM.Collect$$libinit$$00000013          0x0800015e   Section        0  libinit2.o(.ARM.Collect$$libinit$$00000013)
    .ARM.Collect$$libinit$$00000015          0x0800015e   Section        0  libinit2.o(.ARM.Collect$$libinit$$00000015)
    .ARM.Collect$$libinit$$00000017          0x0800015e   Section        0  libinit2.o(.ARM.Collect$$libinit$$00000017)
    .ARM.Collect$$libinit$$00000019          0x0800015e   Section        0  libinit2.o(.ARM.Collect$$libinit$$00000019)
    .ARM.Collect$$libinit$$0000001B          0x0800015e   Section        0  libinit2.o(.ARM.Collect$$libinit$$0000001B)
    .ARM.Collect$$libinit$$0000001D          0x0800015e   Section        0  libinit2.o(.ARM.Collect$$libinit$$0000001D)
    .ARM.Collect$$libinit$$0000001F          0x0800015e   Section        0  libinit2.o(.ARM.Collect$$libinit$$0000001F)
    .ARM.Collect$$libinit$$00000021          0x0800015e   Section        0  libinit2.o(.ARM.Collect$$libinit$$00000021)
    .ARM.Collect$$libinit$$00000023          0x0800015e   Section        0  libinit2.o(.ARM.Collect$$libinit$$00000023)
    .ARM.Collect$$libinit$$00000025          0x0800015e   Section        0  libinit2.o(.ARM.Collect$$libinit$$00000025)
    .ARM.Collect$$libinit$$00000027          0x0800015e   Section        0  libinit2.o(.ARM.Collect$$libinit$$00000027)
    .ARM.Collect$$libinit$$0000002E          0x0800015e   Section        0  libinit2.o(.ARM.Collect$$libinit$$0000002E)
    .ARM.Collect$$libinit$$00000030          0x0800015e   Section        0  libinit2.o(.ARM.Collect$$libinit$$00000030)
    .ARM.Collect$$libinit$$00000032          0x0800015e   Section        0  libinit2.o(.ARM.Collect$$libinit$$00000032)
    .ARM.Collect$$libinit$$00000034          0x0800015e   Section        0  libinit2.o(.ARM.Collect$$libinit$$00000034)
    .ARM.Collect$$libinit$$00000035          0x0800015e   Section        2  libinit2.o(.ARM.Collect$$libinit$$00000035)
    .ARM.Collect$$libshutdown$$00000000      0x08000160   Section        2  libshutdown.o(.ARM.Collect$$libshutdown$$00000000)
    .ARM.Collect$$libshutdown$$00000002      0x08000162   Section        0  libshutdown2.o(.ARM.Collect$$libshutdown$$00000002)
    .ARM.Collect$$libshutdown$$00000004      0x08000162   Section        0  libshutdown2.o(.ARM.Collect$$libshutdown$$00000004)
    .ARM.Collect$$libshutdown$$00000007      0x08000162   Section        0  libshutdown2.o(.ARM.Collect$$libshutdown$$00000007)
    .ARM.Collect$$libshutdown$$0000000A      0x08000162   Section        0  libshutdown2.o(.ARM.Collect$$libshutdown$$0000000A)
    .ARM.Collect$$libshutdown$$0000000C      0x08000162   Section        0  libshutdown2.o(.ARM.Collect$$libshutdown$$0000000C)
    .ARM.Collect$$libshutdown$$0000000F      0x08000162   Section        0  libshutdown2.o(.ARM.Collect$$libshutdown$$0000000F)
    .ARM.Collect$$libshutdown$$00000010      0x08000162   Section        2  libshutdown2.o(.ARM.Collect$$libshutdown$$00000010)
    .ARM.Collect$$rtentry$$00000000          0x08000164   Section        0  __rtentry.o(.ARM.Collect$$rtentry$$00000000)
    .ARM.Collect$$rtentry$$00000002          0x08000164   Section        0  __rtentry2.o(.ARM.Collect$$rtentry$$00000002)
    .ARM.Collect$$rtentry$$00000004          0x08000164   Section        6  __rtentry4.o(.ARM.Collect$$rtentry$$00000004)
    .ARM.Collect$$rtentry$$00000009          0x0800016a   Section        0  __rtentry2.o(.ARM.Collect$$rtentry$$00000009)
    .ARM.Collect$$rtentry$$0000000A          0x0800016a   Section        4  __rtentry2.o(.ARM.Collect$$rtentry$$0000000A)
    .ARM.Collect$$rtentry$$0000000C          0x0800016e   Section        0  __rtentry2.o(.ARM.Collect$$rtentry$$0000000C)
    .ARM.Collect$$rtentry$$0000000D          0x0800016e   Section        8  __rtentry2.o(.ARM.Collect$$rtentry$$0000000D)
    .ARM.Collect$$rtexit$$00000000           0x08000176   Section        2  rtexit.o(.ARM.Collect$$rtexit$$00000000)
    .ARM.Collect$$rtexit$$00000002           0x08000178   Section        0  rtexit2.o(.ARM.Collect$$rtexit$$00000002)
    .ARM.Collect$$rtexit$$00000003           0x08000178   Section        4  rtexit2.o(.ARM.Collect$$rtexit$$00000003)
    .ARM.Collect$$rtexit$$00000004           0x0800017c   Section        6  rtexit2.o(.ARM.Collect$$rtexit$$00000004)
    .emb_text                                0x08000184   Section       56  rand.o(.emb_text)
    .text                                    0x080001bc   Section       56  startup_stm32g030xx.o(.text)
    .text                                    0x080001f4   Section        0  rand.o(.text)
    .text                                    0x08000230   Section        0  heapauxi.o(.text)
    .text                                    0x08000236   Section       62  sys_stackheap_outer.o(.text)
    .text                                    0x08000274   Section        0  exit.o(.text)
    .text                                    0x08000284   Section        8  libspace.o(.text)
    .text                                    0x0800028c   Section        0  sys_exit.o(.text)
    .text                                    0x08000298   Section        2  use_no_semi.o(.text)
    .text                                    0x0800029a   Section        0  indicate_semi.o(.text)
    [Anonymous Symbol]                       0x0800029c   Section        0  button_handler.o(.text.BUTTON_GetAction)
    [Anonymous Symbol]                       0x080002a8   Section        0  button_handler.o(.text.BUTTON_HighLevelManager)
    __arm_cp.1_0                             0x080003dc   Number         4  button_handler.o(.text.BUTTON_HighLevelManager)
    [Anonymous Symbol]                       0x080003e0   Section        0  button_handler.o(.text.BUTTON_Init)
    [Anonymous Symbol]                       0x0800040c   Section        0  button_handler.o(.text.BUTTON_Low_LevelManager)
    [Anonymous Symbol]                       0x08000584   Section        0  button_handler.o(.text.BUTTON_Process)
    [Anonymous Symbol]                       0x08000590   Section        0  button_handler.o(.text.BUTTON_ResetActions)
    [Anonymous Symbol]                       0x080005a0   Section        0  button_handler.o(.text.BUTTON_TimerProcess)
    __arm_cp.3_0                             0x08000654   Number         4  button_handler.o(.text.BUTTON_TimerProcess)
    [Anonymous Symbol]                       0x08000658   Section        0  stm32g0xx_hal.o(.text.HAL_Delay)
    [Anonymous Symbol]                       0x08000678   Section        0  stm32g0xx_hal_gpio.o(.text.HAL_GPIO_Init)
    __arm_cp.0_0                             0x08000804   Number         4  stm32g0xx_hal_gpio.o(.text.HAL_GPIO_Init)
    __arm_cp.0_1                             0x08000808   Number         4  stm32g0xx_hal_gpio.o(.text.HAL_GPIO_Init)
    __arm_cp.0_2                             0x0800080c   Number         4  stm32g0xx_hal_gpio.o(.text.HAL_GPIO_Init)
    __arm_cp.0_3                             0x08000810   Number         4  stm32g0xx_hal_gpio.o(.text.HAL_GPIO_Init)
    __arm_cp.0_4                             0x08000814   Number         4  stm32g0xx_hal_gpio.o(.text.HAL_GPIO_Init)
    [Anonymous Symbol]                       0x08000818   Section        0  stm32g0xx_hal_gpio.o(.text.HAL_GPIO_ReadPin)
    [Anonymous Symbol]                       0x08000822   Section        0  stm32g0xx_hal_gpio.o(.text.HAL_GPIO_TogglePin)
    [Anonymous Symbol]                       0x08000832   Section        0  stm32g0xx_hal_gpio.o(.text.HAL_GPIO_WritePin)
    [Anonymous Symbol]                       0x08000844   Section        0  stm32g0xx_hal.o(.text.HAL_GetTick)
    [Anonymous Symbol]                       0x0800084c   Section        0  stm32g0xx_hal.o(.text.HAL_IncTick)
    __arm_cp.5_1                             0x0800085c   Number         4  stm32g0xx_hal.o(.text.HAL_IncTick)
    [Anonymous Symbol]                       0x08000860   Section        0  stm32g0xx_hal.o(.text.HAL_Init)
    [Anonymous Symbol]                       0x08000888   Section        0  stm32g0xx_hal.o(.text.HAL_InitTick)
    __arm_cp.1_0                             0x080008c8   Number         4  stm32g0xx_hal.o(.text.HAL_InitTick)
    [Anonymous Symbol]                       0x080008cc   Section        0  stm32g0xx_hal_msp.o(.text.HAL_MspInit)
    __arm_cp.0_0                             0x080008f4   Number         4  stm32g0xx_hal_msp.o(.text.HAL_MspInit)
    [Anonymous Symbol]                       0x080008f8   Section        0  stm32g0xx_hal_cortex.o(.text.HAL_NVIC_EnableIRQ)
    __arm_cp.1_0                             0x0800090c   Number         4  stm32g0xx_hal_cortex.o(.text.HAL_NVIC_EnableIRQ)
    [Anonymous Symbol]                       0x08000910   Section        0  stm32g0xx_hal_cortex.o(.text.HAL_NVIC_SetPriority)
    __arm_cp.0_0                             0x08000940   Number         4  stm32g0xx_hal_cortex.o(.text.HAL_NVIC_SetPriority)
    __arm_cp.0_1                             0x08000944   Number         4  stm32g0xx_hal_cortex.o(.text.HAL_NVIC_SetPriority)
    [Anonymous Symbol]                       0x08000948   Section        0  stm32g0xx_hal_pwr_ex.o(.text.HAL_PWREx_ControlVoltageScaling)
    __arm_cp.13_0                            0x080009cc   Number         4  stm32g0xx_hal_pwr_ex.o(.text.HAL_PWREx_ControlVoltageScaling)
    __arm_cp.13_2                            0x080009d0   Number         4  stm32g0xx_hal_pwr_ex.o(.text.HAL_PWREx_ControlVoltageScaling)
    [Anonymous Symbol]                       0x080009d4   Section        0  stm32g0xx_hal_rcc.o(.text.HAL_RCC_ClockConfig)
    __arm_cp.2_0                             0x08000bbc   Number         4  stm32g0xx_hal_rcc.o(.text.HAL_RCC_ClockConfig)
    __arm_cp.2_1                             0x08000bc0   Number         4  stm32g0xx_hal_rcc.o(.text.HAL_RCC_ClockConfig)
    __arm_cp.2_2                             0x08000bc4   Number         4  stm32g0xx_hal_rcc.o(.text.HAL_RCC_ClockConfig)
    __arm_cp.2_3                             0x08000bc8   Number         4  stm32g0xx_hal_rcc.o(.text.HAL_RCC_ClockConfig)
    __arm_cp.2_4                             0x08000bcc   Number         4  stm32g0xx_hal_rcc.o(.text.HAL_RCC_ClockConfig)
    __arm_cp.2_5                             0x08000bd0   Number         4  stm32g0xx_hal_rcc.o(.text.HAL_RCC_ClockConfig)
    __arm_cp.2_6                             0x08000bd4   Number         4  stm32g0xx_hal_rcc.o(.text.HAL_RCC_ClockConfig)
    __arm_cp.2_7                             0x08000bd8   Number         4  stm32g0xx_hal_rcc.o(.text.HAL_RCC_ClockConfig)
    [Anonymous Symbol]                       0x08000bdc   Section        0  stm32g0xx_hal_rcc.o(.text.HAL_RCC_OscConfig)
    __arm_cp.1_0                             0x08000fd8   Number         4  stm32g0xx_hal_rcc.o(.text.HAL_RCC_OscConfig)
    __arm_cp.1_1                             0x08000fdc   Number         4  stm32g0xx_hal_rcc.o(.text.HAL_RCC_OscConfig)
    __arm_cp.1_2                             0x08000fe0   Number         4  stm32g0xx_hal_rcc.o(.text.HAL_RCC_OscConfig)
    __arm_cp.1_3                             0x08000fe4   Number         4  stm32g0xx_hal_rcc.o(.text.HAL_RCC_OscConfig)
    __arm_cp.1_4                             0x08000fe8   Number         4  stm32g0xx_hal_rcc.o(.text.HAL_RCC_OscConfig)
    __arm_cp.1_5                             0x08000fec   Number         4  stm32g0xx_hal_rcc.o(.text.HAL_RCC_OscConfig)
    __arm_cp.1_6                             0x08000ff0   Number         4  stm32g0xx_hal_rcc.o(.text.HAL_RCC_OscConfig)
    __arm_cp.1_7                             0x08000ff4   Number         4  stm32g0xx_hal_rcc.o(.text.HAL_RCC_OscConfig)
    [Anonymous Symbol]                       0x08000ff8   Section        0  stm32g0xx_hal_cortex.o(.text.HAL_SYSTICK_Config)
    __arm_cp.4_0                             0x08001020   Number         4  stm32g0xx_hal_cortex.o(.text.HAL_SYSTICK_Config)
    __arm_cp.4_1                             0x08001024   Number         4  stm32g0xx_hal_cortex.o(.text.HAL_SYSTICK_Config)
    __arm_cp.4_2                             0x08001028   Number         4  stm32g0xx_hal_cortex.o(.text.HAL_SYSTICK_Config)
    [Anonymous Symbol]                       0x0800102c   Section        0  stm32g0xx_hal_tim_ex.o(.text.HAL_TIMEx_Break2Callback)
    [Anonymous Symbol]                       0x0800102e   Section        0  stm32g0xx_hal_tim_ex.o(.text.HAL_TIMEx_BreakCallback)
    [Anonymous Symbol]                       0x08001030   Section        0  stm32g0xx_hal_tim_ex.o(.text.HAL_TIMEx_CommutCallback)
    [Anonymous Symbol]                       0x08001034   Section        0  stm32g0xx_hal_tim_ex.o(.text.HAL_TIMEx_MasterConfigSynchronization)
    [Anonymous Symbol]                       0x0800108c   Section        0  stm32g0xx_hal_tim.o(.text.HAL_TIM_Base_Init)
    __arm_cp.0_2                             0x0800115c   Number         4  stm32g0xx_hal_tim.o(.text.HAL_TIM_Base_Init)
    __arm_cp.0_3                             0x08001160   Number         4  stm32g0xx_hal_tim.o(.text.HAL_TIM_Base_Init)
    __arm_cp.0_4                             0x08001164   Number         4  stm32g0xx_hal_tim.o(.text.HAL_TIM_Base_Init)
    __arm_cp.0_5                             0x08001168   Number         4  stm32g0xx_hal_tim.o(.text.HAL_TIM_Base_Init)
    [Anonymous Symbol]                       0x0800116c   Section        0  stm32g0xx_hal_msp.o(.text.HAL_TIM_Base_MspInit)
    __arm_cp.1_1                             0x080011a4   Number         4  stm32g0xx_hal_msp.o(.text.HAL_TIM_Base_MspInit)
    [Anonymous Symbol]                       0x080011a8   Section        0  stm32g0xx_hal_tim.o(.text.HAL_TIM_Base_Start_IT)
    __arm_cp.7_0                             0x080011f4   Number         4  stm32g0xx_hal_tim.o(.text.HAL_TIM_Base_Start_IT)
    __arm_cp.7_1                             0x080011f8   Number         4  stm32g0xx_hal_tim.o(.text.HAL_TIM_Base_Start_IT)
    __arm_cp.7_2                             0x080011fc   Number         4  stm32g0xx_hal_tim.o(.text.HAL_TIM_Base_Start_IT)
    [Anonymous Symbol]                       0x08001200   Section        0  stm32g0xx_hal_tim.o(.text.HAL_TIM_Base_Stop_IT)
    __arm_cp.8_0                             0x08001234   Number         4  stm32g0xx_hal_tim.o(.text.HAL_TIM_Base_Stop_IT)
    __arm_cp.8_1                             0x08001238   Number         4  stm32g0xx_hal_tim.o(.text.HAL_TIM_Base_Stop_IT)
    [Anonymous Symbol]                       0x0800123c   Section        0  stm32g0xx_hal_tim.o(.text.HAL_TIM_ConfigClockSource)
    __arm_cp.90_0                            0x08001390   Number         4  stm32g0xx_hal_tim.o(.text.HAL_TIM_ConfigClockSource)
    __arm_cp.90_1                            0x08001394   Number         4  stm32g0xx_hal_tim.o(.text.HAL_TIM_ConfigClockSource)
    [Anonymous Symbol]                       0x08001398   Section        0  stm32g0xx_hal_tim.o(.text.HAL_TIM_IC_CaptureCallback)
    [Anonymous Symbol]                       0x0800139c   Section        0  stm32g0xx_hal_tim.o(.text.HAL_TIM_IRQHandler)
    __arm_cp.67_0                            0x08001570   Number         4  stm32g0xx_hal_tim.o(.text.HAL_TIM_IRQHandler)
    __arm_cp.67_1                            0x08001574   Number         4  stm32g0xx_hal_tim.o(.text.HAL_TIM_IRQHandler)
    [Anonymous Symbol]                       0x08001578   Section        0  stm32g0xx_hal_tim.o(.text.HAL_TIM_OC_DelayElapsedCallback)
    [Anonymous Symbol]                       0x0800157a   Section        0  stm32g0xx_hal_tim.o(.text.HAL_TIM_PWM_PulseFinishedCallback)
    [Anonymous Symbol]                       0x0800157c   Section        0  main.o(.text.HAL_TIM_PeriodElapsedCallback)
    __arm_cp.10_0                            0x08001588   Number         4  main.o(.text.HAL_TIM_PeriodElapsedCallback)
    [Anonymous Symbol]                       0x0800158c   Section        0  stm32g0xx_hal_tim.o(.text.HAL_TIM_TriggerCallback)
    [Anonymous Symbol]                       0x0800158e   Section        0  stm32g0xx_it.o(.text.HardFault_Handler)
    [Anonymous Symbol]                       0x08001590   Section        0  stm32g0xx_it.o(.text.NMI_Handler)
    [Anonymous Symbol]                       0x08001592   Section        0  stm32g0xx_it.o(.text.PendSV_Handler)
    [Anonymous Symbol]                       0x08001594   Section        0  stm32g0xx_it.o(.text.SVC_Handler)
    [Anonymous Symbol]                       0x08001596   Section        0  stm32g0xx_it.o(.text.SysTick_Handler)
    [Anonymous Symbol]                       0x080015a2   Section        0  system_stm32g0xx.o(.text.SystemInit)
    [Anonymous Symbol]                       0x080015a4   Section        0  stm32g0xx_it.o(.text.TIM3_IRQHandler)
    __arm_cp.5_0                             0x080015b0   Number         4  stm32g0xx_it.o(.text.TIM3_IRQHandler)
    [Anonymous Symbol]                       0x080015b4   Section        0  main.o(.text.generateSequence)
    __arm_cp.2_0                             0x080017f8   Number         4  main.o(.text.generateSequence)
    [Anonymous Symbol]                       0x080017fc   Section        0  main.o(.text.getSequence)
    __arm_cp.4_1                             0x08001a28   Number         4  main.o(.text.getSequence)
    [Anonymous Symbol]                       0x08001a2c   Section        0  main.o(.text.main)
    __arm_cp.0_0                             0x08001b9c   Number         4  main.o(.text.main)
    __arm_cp.0_1                             0x08001ba0   Number         4  main.o(.text.main)
    __arm_cp.0_2                             0x08001ba4   Number         4  main.o(.text.main)
    __arm_cp.0_3                             0x08001ba8   Number         4  main.o(.text.main)
    [Anonymous Symbol]                       0x08001bac   Section        0  main.o(.text.rightSequence)
    __arm_cp.8_0                             0x08001d14   Number         4  main.o(.text.rightSequence)
    __arm_cp.8_1                             0x08001d18   Number         4  main.o(.text.rightSequence)
    __arm_cp.8_2                             0x08001d1c   Number         4  main.o(.text.rightSequence)
    [Anonymous Symbol]                       0x08001d20   Section        0  main.o(.text.showSequence)
    __arm_cp.3_0                             0x08001f80   Number         4  main.o(.text.showSequence)
    __arm_cp.3_1                             0x08001f84   Number         4  main.o(.text.showSequence)
    [Anonymous Symbol]                       0x08001f88   Section        0  main.o(.text.wrongSequence)
    __arm_cp.9_0                             0x08002088   Number         4  main.o(.text.wrongSequence)
    __arm_cp.9_1                             0x0800208c   Number         4  main.o(.text.wrongSequence)
    __arm_cp.9_2                             0x08002090   Number         4  main.o(.text.wrongSequence)
    .text_divfast                            0x08002094   Section      502  aeabi_sdivfast.o(.text_divfast)
    [Anonymous Symbol]                       0x20000000   Section        0  main.o(.data..L_MergedGlobals)
    [Anonymous Symbol]                       0x20000038   Section        0  stm32g0xx_hal.o(.data..L_MergedGlobals)
    .bss                                     0x20000048   Section      228  rand.o(.bss)
    .bss                                     0x2000012c   Section       96  libspace.o(.bss)
    buttonState                              0x2000018c   Data           5  button_handler.o(.bss..L_MergedGlobals)
    [Anonymous Symbol]                       0x2000018c   Section        0  button_handler.o(.bss..L_MergedGlobals)
    buttonActions                            0x20000191   Data           5  button_handler.o(.bss..L_MergedGlobals)
    waitButtonRelease                        0x20000196   Data           5  button_handler.o(.bss..L_MergedGlobals)
    buttonMode                               0x2000019b   Data           5  button_handler.o(.bss..L_MergedGlobals)
    debounceCounter                          0x200001a0   Data          10  button_handler.o(.bss..L_MergedGlobals)
    buttonPressCounter                       0x200001aa   Data          10  button_handler.o(.bss..L_MergedGlobals)
    [Anonymous Symbol]                       0x200001b4   Section        0  main.o(.bss..L_MergedGlobals.1)
    Heap_Mem                                 0x20000228   Data         512  startup_stm32g030xx.o(HEAP)
    HEAP                                     0x20000228   Section      512  startup_stm32g030xx.o(HEAP)
    Stack_Mem                                0x20000428   Data        1024  startup_stm32g030xx.o(STACK)
    STACK                                    0x20000428   Section     1024  startup_stm32g030xx.o(STACK)
    __initial_sp                             0x20000828   Data           0  startup_stm32g030xx.o(STACK)

    Global Symbols

    Symbol Name                              Value     Ov Type        Size  Object(Section)

    BuildAttributes$$THM_ISAv3M$S$PE$A:L22$X:L11$S22$IEEE1$IW$~IW$USESV6$~STKCKD$USESV7$~SHL$OTIME$ROPI$EBA8$UX$STANDARDLIB$REQ8$PRES8$EABIv2 0x00000000   Number         0  anon$$obj.o ABSOLUTE
    __ARM_exceptions_init                     - Undefined Weak Reference
    __alloca_initialize                       - Undefined Weak Reference
    __arm_preinit_                            - Undefined Weak Reference
    __arm_relocate_pie_                       - Undefined Weak Reference
    __cpp_initialize__aeabi_                  - Undefined Weak Reference
    __cxa_finalize                            - Undefined Weak Reference
    __rt_locale                               - Undefined Weak Reference
    __sigvec_lookup                           - Undefined Weak Reference
    _atexit_init                              - Undefined Weak Reference
    _call_atexit_fns                          - Undefined Weak Reference
    _clock_init                               - Undefined Weak Reference
    _fp_trap_init                             - Undefined Weak Reference
    _fp_trap_shutdown                         - Undefined Weak Reference
    _get_lc_collate                           - Undefined Weak Reference
    _get_lc_ctype                             - Undefined Weak Reference
    _get_lc_monetary                          - Undefined Weak Reference
    _get_lc_numeric                           - Undefined Weak Reference
    _get_lc_time                              - Undefined Weak Reference
    _getenv_init                              - Undefined Weak Reference
    _handle_redirection                       - Undefined Weak Reference
    _init_alloc                               - Undefined Weak Reference
    _init_user_alloc                          - Undefined Weak Reference
    _initio                                   - Undefined Weak Reference
    _signal_finish                            - Undefined Weak Reference
    _signal_init                              - Undefined Weak Reference
    _terminate_alloc                          - Undefined Weak Reference
    _terminate_user_alloc                     - Undefined Weak Reference
    _terminateio                              - Undefined Weak Reference
    __Vectors_Size                           0x000000c0   Number         0  startup_stm32g030xx.o ABSOLUTE
    __Vectors                                0x08000000   Data           4  startup_stm32g030xx.o(RESET)
    __Vectors_End                            0x080000c0   Data           0  startup_stm32g030xx.o(RESET)
    __main                                   0x080000c1   Thumb Code     8  __main.o(!!!main)
    __scatterload                            0x080000c9   Thumb Code     0  __scatter.o(!!!scatter)
    __scatterload_rt2                        0x080000c9   Thumb Code    74  __scatter.o(!!!scatter)
    __scatterload_rt2_thumb_only             0x080000c9   Thumb Code     0  __scatter.o(!!!scatter)
    __scatterload_loop                       0x080000d3   Thumb Code     0  __scatter.o(!!!scatter)
    __scatterload_copy                       0x0800011d   Thumb Code    26  __scatter_copy.o(!!handler_copy)
    __scatterload_null                       0x08000139   Thumb Code     2  __scatter.o(!!handler_null)
    __scatterload_zeroinit                   0x0800013d   Thumb Code    28  __scatter_zi.o(!!handler_zi)
    __rt_lib_init                            0x08000159   Thumb Code     0  libinit.o(.ARM.Collect$$libinit$$00000000)
    __rt_lib_init_fp_1                       0x0800015b   Thumb Code     0  libinit2.o(.ARM.Collect$$libinit$$00000002)
    __rt_lib_init_heap_1                     0x0800015b   Thumb Code     0  libinit2.o(.ARM.Collect$$libinit$$0000000C)
    __rt_lib_init_preinit_1                  0x0800015b   Thumb Code     0  libinit2.o(.ARM.Collect$$libinit$$00000006)
    __rt_lib_init_rand_2                     0x0800015b   Thumb Code     0  libinit2.o(.ARM.Collect$$libinit$$0000000F)
    __rt_lib_init_relocate_pie_1             0x0800015b   Thumb Code     0  libinit2.o(.ARM.Collect$$libinit$$00000004)
    __rt_lib_init_user_alloc_1               0x0800015b   Thumb Code     0  libinit2.o(.ARM.Collect$$libinit$$0000000E)
    __rt_lib_init_alloca_1                   0x0800015f   Thumb Code     0  libinit2.o(.ARM.Collect$$libinit$$00000030)
    __rt_lib_init_argv_1                     0x0800015f   Thumb Code     0  libinit2.o(.ARM.Collect$$libinit$$0000002E)
    __rt_lib_init_atexit_1                   0x0800015f   Thumb Code     0  libinit2.o(.ARM.Collect$$libinit$$0000001D)
    __rt_lib_init_clock_1                    0x0800015f   Thumb Code     0  libinit2.o(.ARM.Collect$$libinit$$00000023)
    __rt_lib_init_cpp_1                      0x0800015f   Thumb Code     0  libinit2.o(.ARM.Collect$$libinit$$00000034)
    __rt_lib_init_exceptions_1               0x0800015f   Thumb Code     0  libinit2.o(.ARM.Collect$$libinit$$00000032)
    __rt_lib_init_fp_trap_1                  0x0800015f   Thumb Code     0  libinit2.o(.ARM.Collect$$libinit$$00000021)
    __rt_lib_init_getenv_1                   0x0800015f   Thumb Code     0  libinit2.o(.ARM.Collect$$libinit$$00000025)
    __rt_lib_init_lc_collate_1               0x0800015f   Thumb Code     0  libinit2.o(.ARM.Collect$$libinit$$00000013)
    __rt_lib_init_lc_ctype_1                 0x0800015f   Thumb Code     0  libinit2.o(.ARM.Collect$$libinit$$00000015)
    __rt_lib_init_lc_monetary_1              0x0800015f   Thumb Code     0  libinit2.o(.ARM.Collect$$libinit$$00000017)
    __rt_lib_init_lc_numeric_1               0x0800015f   Thumb Code     0  libinit2.o(.ARM.Collect$$libinit$$00000019)
    __rt_lib_init_lc_time_1                  0x0800015f   Thumb Code     0  libinit2.o(.ARM.Collect$$libinit$$0000001B)
    __rt_lib_init_rand_1                     0x0800015f   Thumb Code     0  libinit2.o(.ARM.Collect$$libinit$$00000010)
    __rt_lib_init_return                     0x0800015f   Thumb Code     0  libinit2.o(.ARM.Collect$$libinit$$00000035)
    __rt_lib_init_signal_1                   0x0800015f   Thumb Code     0  libinit2.o(.ARM.Collect$$libinit$$0000001F)
    __rt_lib_init_stdio_1                    0x0800015f   Thumb Code     0  libinit2.o(.ARM.Collect$$libinit$$00000027)
    __rt_lib_shutdown                        0x08000161   Thumb Code     0  libshutdown.o(.ARM.Collect$$libshutdown$$00000000)
    __rt_lib_shutdown_cpp_1                  0x08000163   Thumb Code     0  libshutdown2.o(.ARM.Collect$$libshutdown$$00000002)
    __rt_lib_shutdown_fp_trap_1              0x08000163   Thumb Code     0  libshutdown2.o(.ARM.Collect$$libshutdown$$00000007)
    __rt_lib_shutdown_heap_1                 0x08000163   Thumb Code     0  libshutdown2.o(.ARM.Collect$$libshutdown$$0000000F)
    __rt_lib_shutdown_return                 0x08000163   Thumb Code     0  libshutdown2.o(.ARM.Collect$$libshutdown$$00000010)
    __rt_lib_shutdown_signal_1               0x08000163   Thumb Code     0  libshutdown2.o(.ARM.Collect$$libshutdown$$0000000A)
    __rt_lib_shutdown_stdio_1                0x08000163   Thumb Code     0  libshutdown2.o(.ARM.Collect$$libshutdown$$00000004)
    __rt_lib_shutdown_user_alloc_1           0x08000163   Thumb Code     0  libshutdown2.o(.ARM.Collect$$libshutdown$$0000000C)
    __rt_entry                               0x08000165   Thumb Code     0  __rtentry.o(.ARM.Collect$$rtentry$$00000000)
    __rt_entry_presh_1                       0x08000165   Thumb Code     0  __rtentry2.o(.ARM.Collect$$rtentry$$00000002)
    __rt_entry_sh                            0x08000165   Thumb Code     0  __rtentry4.o(.ARM.Collect$$rtentry$$00000004)
    __rt_entry_li                            0x0800016b   Thumb Code     0  __rtentry2.o(.ARM.Collect$$rtentry$$0000000A)
    __rt_entry_postsh_1                      0x0800016b   Thumb Code     0  __rtentry2.o(.ARM.Collect$$rtentry$$00000009)
    __rt_entry_main                          0x0800016f   Thumb Code     0  __rtentry2.o(.ARM.Collect$$rtentry$$0000000D)
    __rt_entry_postli_1                      0x0800016f   Thumb Code     0  __rtentry2.o(.ARM.Collect$$rtentry$$0000000C)
    __rt_exit                                0x08000177   Thumb Code     0  rtexit.o(.ARM.Collect$$rtexit$$00000000)
    __rt_exit_ls                             0x08000179   Thumb Code     0  rtexit2.o(.ARM.Collect$$rtexit$$00000003)
    __rt_exit_prels_1                        0x08000179   Thumb Code     0  rtexit2.o(.ARM.Collect$$rtexit$$00000002)
    __rt_exit_exit                           0x0800017d   Thumb Code     0  rtexit2.o(.ARM.Collect$$rtexit$$00000004)
    rand                                     0x08000185   Thumb Code    52  rand.o(.emb_text)
    Reset_Handler                            0x080001bd   Thumb Code     8  startup_stm32g030xx.o(.text)
    ADC1_IRQHandler                          0x080001cf   Thumb Code     0  startup_stm32g030xx.o(.text)
    DMA1_Ch4_5_DMAMUX1_OVR_IRQHandler        0x080001cf   Thumb Code     0  startup_stm32g030xx.o(.text)
    DMA1_Channel1_IRQHandler                 0x080001cf   Thumb Code     0  startup_stm32g030xx.o(.text)
    DMA1_Channel2_3_IRQHandler               0x080001cf   Thumb Code     0  startup_stm32g030xx.o(.text)
    EXTI0_1_IRQHandler                       0x080001cf   Thumb Code     0  startup_stm32g030xx.o(.text)
    EXTI2_3_IRQHandler                       0x080001cf   Thumb Code     0  startup_stm32g030xx.o(.text)
    EXTI4_15_IRQHandler                      0x080001cf   Thumb Code     0  startup_stm32g030xx.o(.text)
    FLASH_IRQHandler                         0x080001cf   Thumb Code     0  startup_stm32g030xx.o(.text)
    I2C1_IRQHandler                          0x080001cf   Thumb Code     0  startup_stm32g030xx.o(.text)
    I2C2_IRQHandler                          0x080001cf   Thumb Code     0  startup_stm32g030xx.o(.text)
    RCC_IRQHandler                           0x080001cf   Thumb Code     0  startup_stm32g030xx.o(.text)
    RTC_TAMP_IRQHandler                      0x080001cf   Thumb Code     0  startup_stm32g030xx.o(.text)
    SPI1_IRQHandler                          0x080001cf   Thumb Code     0  startup_stm32g030xx.o(.text)
    SPI2_IRQHandler                          0x080001cf   Thumb Code     0  startup_stm32g030xx.o(.text)
    TIM14_IRQHandler                         0x080001cf   Thumb Code     0  startup_stm32g030xx.o(.text)
    TIM16_IRQHandler                         0x080001cf   Thumb Code     0  startup_stm32g030xx.o(.text)
    TIM17_IRQHandler                         0x080001cf   Thumb Code     0  startup_stm32g030xx.o(.text)
    TIM1_BRK_UP_TRG_COM_IRQHandler           0x080001cf   Thumb Code     0  startup_stm32g030xx.o(.text)
    TIM1_CC_IRQHandler                       0x080001cf   Thumb Code     0  startup_stm32g030xx.o(.text)
    USART1_IRQHandler                        0x080001cf   Thumb Code     0  startup_stm32g030xx.o(.text)
    USART2_IRQHandler                        0x080001cf   Thumb Code     0  startup_stm32g030xx.o(.text)
    WWDG_IRQHandler                          0x080001cf   Thumb Code     0  startup_stm32g030xx.o(.text)
    __user_initial_stackheap                 0x080001d1   Thumb Code     0  startup_stm32g030xx.o(.text)
    srand                                    0x080001f5   Thumb Code    44  rand.o(.text)
    _rand_init                               0x08000221   Thumb Code     4  rand.o(.text)
    __use_two_region_memory                  0x08000231   Thumb Code     2  heapauxi.o(.text)
    __rt_heap_escrow$2region                 0x08000233   Thumb Code     2  heapauxi.o(.text)
    __rt_heap_expand$2region                 0x08000235   Thumb Code     2  heapauxi.o(.text)
    __user_setup_stackheap                   0x08000237   Thumb Code    62  sys_stackheap_outer.o(.text)
    exit                                     0x08000275   Thumb Code    16  exit.o(.text)
    __user_libspace                          0x08000285   Thumb Code     8  libspace.o(.text)
    __user_perproc_libspace                  0x08000285   Thumb Code     0  libspace.o(.text)
    __user_perthread_libspace                0x08000285   Thumb Code     0  libspace.o(.text)
    _sys_exit                                0x0800028d   Thumb Code     8  sys_exit.o(.text)
    __I$use$semihosting                      0x08000299   Thumb Code     0  use_no_semi.o(.text)
    __use_no_semihosting_swi                 0x08000299   Thumb Code     2  use_no_semi.o(.text)
    __semihosting_library_function           0x0800029b   Thumb Code     0  indicate_semi.o(.text)
    BUTTON_GetAction                         0x0800029d   Thumb Code    12  button_handler.o(.text.BUTTON_GetAction)
    BUTTON_HighLevelManager                  0x080002a9   Thumb Code   308  button_handler.o(.text.BUTTON_HighLevelManager)
    BUTTON_Init                              0x080003e1   Thumb Code    44  button_handler.o(.text.BUTTON_Init)
    BUTTON_Low_LevelManager                  0x0800040d   Thumb Code   376  button_handler.o(.text.BUTTON_Low_LevelManager)
    BUTTON_Process                           0x08000585   Thumb Code    12  button_handler.o(.text.BUTTON_Process)
    BUTTON_ResetActions                      0x08000591   Thumb Code    16  button_handler.o(.text.BUTTON_ResetActions)
    BUTTON_TimerProcess                      0x080005a1   Thumb Code   180  button_handler.o(.text.BUTTON_TimerProcess)
    HAL_Delay                                0x08000659   Thumb Code    32  stm32g0xx_hal.o(.text.HAL_Delay)
    HAL_GPIO_Init                            0x08000679   Thumb Code   396  stm32g0xx_hal_gpio.o(.text.HAL_GPIO_Init)
    HAL_GPIO_ReadPin                         0x08000819   Thumb Code    10  stm32g0xx_hal_gpio.o(.text.HAL_GPIO_ReadPin)
    HAL_GPIO_TogglePin                       0x08000823   Thumb Code    16  stm32g0xx_hal_gpio.o(.text.HAL_GPIO_TogglePin)
    HAL_GPIO_WritePin                        0x08000833   Thumb Code    16  stm32g0xx_hal_gpio.o(.text.HAL_GPIO_WritePin)
    HAL_GetTick                              0x08000845   Thumb Code     8  stm32g0xx_hal.o(.text.HAL_GetTick)
    HAL_IncTick                              0x0800084d   Thumb Code    16  stm32g0xx_hal.o(.text.HAL_IncTick)
    HAL_Init                                 0x08000861   Thumb Code    40  stm32g0xx_hal.o(.text.HAL_Init)
    HAL_InitTick                             0x08000889   Thumb Code    64  stm32g0xx_hal.o(.text.HAL_InitTick)
    HAL_MspInit                              0x080008cd   Thumb Code    40  stm32g0xx_hal_msp.o(.text.HAL_MspInit)
    HAL_NVIC_EnableIRQ                       0x080008f9   Thumb Code    20  stm32g0xx_hal_cortex.o(.text.HAL_NVIC_EnableIRQ)
    HAL_NVIC_SetPriority                     0x08000911   Thumb Code    48  stm32g0xx_hal_cortex.o(.text.HAL_NVIC_SetPriority)
    HAL_PWREx_ControlVoltageScaling          0x08000949   Thumb Code   132  stm32g0xx_hal_pwr_ex.o(.text.HAL_PWREx_ControlVoltageScaling)
    HAL_RCC_ClockConfig                      0x080009d5   Thumb Code   488  stm32g0xx_hal_rcc.o(.text.HAL_RCC_ClockConfig)
    HAL_RCC_OscConfig                        0x08000bdd   Thumb Code  1020  stm32g0xx_hal_rcc.o(.text.HAL_RCC_OscConfig)
    HAL_SYSTICK_Config                       0x08000ff9   Thumb Code    40  stm32g0xx_hal_cortex.o(.text.HAL_SYSTICK_Config)
    HAL_TIMEx_Break2Callback                 0x0800102d   Thumb Code     2  stm32g0xx_hal_tim_ex.o(.text.HAL_TIMEx_Break2Callback)
    HAL_TIMEx_BreakCallback                  0x0800102f   Thumb Code     2  stm32g0xx_hal_tim_ex.o(.text.HAL_TIMEx_BreakCallback)
    HAL_TIMEx_CommutCallback                 0x08001031   Thumb Code     2  stm32g0xx_hal_tim_ex.o(.text.HAL_TIMEx_CommutCallback)
    HAL_TIMEx_MasterConfigSynchronization    0x08001035   Thumb Code    88  stm32g0xx_hal_tim_ex.o(.text.HAL_TIMEx_MasterConfigSynchronization)
    HAL_TIM_Base_Init                        0x0800108d   Thumb Code   208  stm32g0xx_hal_tim.o(.text.HAL_TIM_Base_Init)
    HAL_TIM_Base_MspInit                     0x0800116d   Thumb Code    56  stm32g0xx_hal_msp.o(.text.HAL_TIM_Base_MspInit)
    HAL_TIM_Base_Start_IT                    0x080011a9   Thumb Code    76  stm32g0xx_hal_tim.o(.text.HAL_TIM_Base_Start_IT)
    HAL_TIM_Base_Stop_IT                     0x08001201   Thumb Code    52  stm32g0xx_hal_tim.o(.text.HAL_TIM_Base_Stop_IT)
    HAL_TIM_ConfigClockSource                0x0800123d   Thumb Code   340  stm32g0xx_hal_tim.o(.text.HAL_TIM_ConfigClockSource)
    HAL_TIM_IC_CaptureCallback               0x08001399   Thumb Code     2  stm32g0xx_hal_tim.o(.text.HAL_TIM_IC_CaptureCallback)
    HAL_TIM_IRQHandler                       0x0800139d   Thumb Code   468  stm32g0xx_hal_tim.o(.text.HAL_TIM_IRQHandler)
    HAL_TIM_OC_DelayElapsedCallback          0x08001579   Thumb Code     2  stm32g0xx_hal_tim.o(.text.HAL_TIM_OC_DelayElapsedCallback)
    HAL_TIM_PWM_PulseFinishedCallback        0x0800157b   Thumb Code     2  stm32g0xx_hal_tim.o(.text.HAL_TIM_PWM_PulseFinishedCallback)
    HAL_TIM_PeriodElapsedCallback            0x0800157d   Thumb Code    12  main.o(.text.HAL_TIM_PeriodElapsedCallback)
    HAL_TIM_TriggerCallback                  0x0800158d   Thumb Code     2  stm32g0xx_hal_tim.o(.text.HAL_TIM_TriggerCallback)
    HardFault_Handler                        0x0800158f   Thumb Code     2  stm32g0xx_it.o(.text.HardFault_Handler)
    NMI_Handler                              0x08001591   Thumb Code     2  stm32g0xx_it.o(.text.NMI_Handler)
    PendSV_Handler                           0x08001593   Thumb Code     2  stm32g0xx_it.o(.text.PendSV_Handler)
    SVC_Handler                              0x08001595   Thumb Code     2  stm32g0xx_it.o(.text.SVC_Handler)
    SysTick_Handler                          0x08001597   Thumb Code    12  stm32g0xx_it.o(.text.SysTick_Handler)
    SystemInit                               0x080015a3   Thumb Code     2  system_stm32g0xx.o(.text.SystemInit)
    TIM3_IRQHandler                          0x080015a5   Thumb Code    12  stm32g0xx_it.o(.text.TIM3_IRQHandler)
    generateSequence                         0x080015b5   Thumb Code   580  main.o(.text.generateSequence)
    getSequence                              0x080017fd   Thumb Code   556  main.o(.text.getSequence)
    main                                     0x08001a2d   Thumb Code   368  main.o(.text.main)
    rightSequence                            0x08001bad   Thumb Code   360  main.o(.text.rightSequence)
    showSequence                             0x08001d21   Thumb Code   608  main.o(.text.showSequence)
    wrongSequence                            0x08001f89   Thumb Code   256  main.o(.text.wrongSequence)
    __aeabi_uidiv                            0x08002095   Thumb Code    68  aeabi_sdivfast.o(.text_divfast)
    __aeabi_idiv                             0x080020d9   Thumb Code   434  aeabi_sdivfast.o(.text_divfast)
    AHBPrescTable                            0x0800228c   Data          64  system_stm32g0xx.o(.rodata.AHBPrescTable)
    Region$$Table$$Base                      0x080022cc   Number         0  anon$$obj.o(Region$$Table)
    Region$$Table$$Limit                     0x080022ec   Number         0  anon$$obj.o(Region$$Table)
    speed                                    0x20000000   Data           2  main.o(.data..L_MergedGlobals)
    toneSound                                0x20000002   Data          14  main.o(.data..L_MergedGlobals)
    led                                      0x20000010   Data          40  main.o(.data..L_MergedGlobals)
    uwTickFreq                               0x20000038   Data           1  stm32g0xx_hal.o(.data..L_MergedGlobals)
    uwTickPrio                               0x2000003c   Data           4  stm32g0xx_hal.o(.data..L_MergedGlobals)
    SystemCoreClock                          0x20000040   Data           4  system_stm32g0xx.o(.data.SystemCoreClock)
    _random_number_data                      0x20000048   Data         228  rand.o(.bss)
    __libspace_start                         0x2000012c   Data          96  libspace.o(.bss)
    __temporary_stack_top$libspace           0x2000018c   Data           0  libspace.o(.bss)
    number_of_sequence                       0x200001b4   Data           1  main.o(.bss..L_MergedGlobals.1)
    sequences                                0x200001b5   Data          35  main.o(.bss..L_MergedGlobals.1)
    htim3                                    0x200001d8   Data          76  main.o(.bss..L_MergedGlobals.1)
    uwTick                                   0x20000224   Data           4  stm32g0xx_hal.o(.bss.uwTick)



==============================================================================

Memory Map of the image

  Image Entry point : 0x080000c1

  Load Region LR_IROM1 (Base: 0x08000000, Size: 0x00002338, Max: 0x00008000, ABSOLUTE)

    Execution Region ER_IROM1 (Exec base: 0x08000000, Load base: 0x08000000, Size: 0x000022ec, Max: 0x00008000, ABSOLUTE)

    Exec Addr    Load Addr    Size         Type   Attr      Idx    E Section Name        Object

    0x08000000   0x08000000   0x000000c0   Data   RO            3    RESET               startup_stm32g030xx.o
    0x080000c0   0x080000c0   0x00000008   Code   RO          863  * !!!main             c_p.l(__main.o)
    0x080000c8   0x080000c8   0x00000054   Code   RO         1040    !!!scatter          c_p.l(__scatter.o)
    0x0800011c   0x0800011c   0x0000001a   Code   RO         1044    !!handler_copy      c_p.l(__scatter_copy.o)
    0x08000136   0x08000136   0x00000002   PAD
    0x08000138   0x08000138   0x00000002   Code   RO         1041    !!handler_null      c_p.l(__scatter.o)
    0x0800013a   0x0800013a   0x00000002   PAD
    0x0800013c   0x0800013c   0x0000001c   Code   RO         1046    !!handler_zi        c_p.l(__scatter_zi.o)
    0x08000158   0x08000158   0x00000002   Code   RO          956    .ARM.Collect$$libinit$$00000000  c_p.l(libinit.o)
    0x0800015a   0x0800015a   0x00000000   Code   RO          871    .ARM.Collect$$libinit$$00000002  c_p.l(libinit2.o)
    0x0800015a   0x0800015a   0x00000000   Code   RO          873    .ARM.Collect$$libinit$$00000004  c_p.l(libinit2.o)
    0x0800015a   0x0800015a   0x00000000   Code   RO          875    .ARM.Collect$$libinit$$00000006  c_p.l(libinit2.o)
    0x0800015a   0x0800015a   0x00000000   Code   RO          878    .ARM.Collect$$libinit$$0000000C  c_p.l(libinit2.o)
    0x0800015a   0x0800015a   0x00000000   Code   RO          880    .ARM.Collect$$libinit$$0000000E  c_p.l(libinit2.o)
    0x0800015a   0x0800015a   0x00000004   Code   RO          881    .ARM.Collect$$libinit$$0000000F  c_p.l(libinit2.o)
    0x0800015e   0x0800015e   0x00000000   Code   RO          882    .ARM.Collect$$libinit$$00000010  c_p.l(libinit2.o)
    0x0800015e   0x0800015e   0x00000000   Code   RO          885    .ARM.Collect$$libinit$$00000013  c_p.l(libinit2.o)
    0x0800015e   0x0800015e   0x00000000   Code   RO          887    .ARM.Collect$$libinit$$00000015  c_p.l(libinit2.o)
    0x0800015e   0x0800015e   0x00000000   Code   RO          889    .ARM.Collect$$libinit$$00000017  c_p.l(libinit2.o)
    0x0800015e   0x0800015e   0x00000000   Code   RO          891    .ARM.Collect$$libinit$$00000019  c_p.l(libinit2.o)
    0x0800015e   0x0800015e   0x00000000   Code   RO          893    .ARM.Collect$$libinit$$0000001B  c_p.l(libinit2.o)
    0x0800015e   0x0800015e   0x00000000   Code   RO          895    .ARM.Collect$$libinit$$0000001D  c_p.l(libinit2.o)
    0x0800015e   0x0800015e   0x00000000   Code   RO          897    .ARM.Collect$$libinit$$0000001F  c_p.l(libinit2.o)
    0x0800015e   0x0800015e   0x00000000   Code   RO          899    .ARM.Collect$$libinit$$00000021  c_p.l(libinit2.o)
    0x0800015e   0x0800015e   0x00000000   Code   RO          901    .ARM.Collect$$libinit$$00000023  c_p.l(libinit2.o)
    0x0800015e   0x0800015e   0x00000000   Code   RO          903    .ARM.Collect$$libinit$$00000025  c_p.l(libinit2.o)
    0x0800015e   0x0800015e   0x00000000   Code   RO          905    .ARM.Collect$$libinit$$00000027  c_p.l(libinit2.o)
    0x0800015e   0x0800015e   0x00000000   Code   RO          909    .ARM.Collect$$libinit$$0000002E  c_p.l(libinit2.o)
    0x0800015e   0x0800015e   0x00000000   Code   RO          911    .ARM.Collect$$libinit$$00000030  c_p.l(libinit2.o)
    0x0800015e   0x0800015e   0x00000000   Code   RO          913    .ARM.Collect$$libinit$$00000032  c_p.l(libinit2.o)
    0x0800015e   0x0800015e   0x00000000   Code   RO          915    .ARM.Collect$$libinit$$00000034  c_p.l(libinit2.o)
    0x0800015e   0x0800015e   0x00000002   Code   RO          916    .ARM.Collect$$libinit$$00000035  c_p.l(libinit2.o)
    0x08000160   0x08000160   0x00000002   Code   RO         1007    .ARM.Collect$$libshutdown$$00000000  c_p.l(libshutdown.o)
    0x08000162   0x08000162   0x00000000   Code   RO         1023    .ARM.Collect$$libshutdown$$00000002  c_p.l(libshutdown2.o)
    0x08000162   0x08000162   0x00000000   Code   RO         1025    .ARM.Collect$$libshutdown$$00000004  c_p.l(libshutdown2.o)
    0x08000162   0x08000162   0x00000000   Code   RO         1028    .ARM.Collect$$libshutdown$$00000007  c_p.l(libshutdown2.o)
    0x08000162   0x08000162   0x00000000   Code   RO         1031    .ARM.Collect$$libshutdown$$0000000A  c_p.l(libshutdown2.o)
    0x08000162   0x08000162   0x00000000   Code   RO         1033    .ARM.Collect$$libshutdown$$0000000C  c_p.l(libshutdown2.o)
    0x08000162   0x08000162   0x00000000   Code   RO         1036    .ARM.Collect$$libshutdown$$0000000F  c_p.l(libshutdown2.o)
    0x08000162   0x08000162   0x00000002   Code   RO         1037    .ARM.Collect$$libshutdown$$00000010  c_p.l(libshutdown2.o)
    0x08000164   0x08000164   0x00000000   Code   RO          865    .ARM.Collect$$rtentry$$00000000  c_p.l(__rtentry.o)
    0x08000164   0x08000164   0x00000000   Code   RO          918    .ARM.Collect$$rtentry$$00000002  c_p.l(__rtentry2.o)
    0x08000164   0x08000164   0x00000006   Code   RO          930    .ARM.Collect$$rtentry$$00000004  c_p.l(__rtentry4.o)
    0x0800016a   0x0800016a   0x00000000   Code   RO          920    .ARM.Collect$$rtentry$$00000009  c_p.l(__rtentry2.o)
    0x0800016a   0x0800016a   0x00000004   Code   RO          921    .ARM.Collect$$rtentry$$0000000A  c_p.l(__rtentry2.o)
    0x0800016e   0x0800016e   0x00000000   Code   RO          923    .ARM.Collect$$rtentry$$0000000C  c_p.l(__rtentry2.o)
    0x0800016e   0x0800016e   0x00000008   Code   RO          924    .ARM.Collect$$rtentry$$0000000D  c_p.l(__rtentry2.o)
    0x08000176   0x08000176   0x00000002   Code   RO          965    .ARM.Collect$$rtexit$$00000000  c_p.l(rtexit.o)
    0x08000178   0x08000178   0x00000000   Code   RO          987    .ARM.Collect$$rtexit$$00000002  c_p.l(rtexit2.o)
    0x08000178   0x08000178   0x00000004   Code   RO          988    .ARM.Collect$$rtexit$$00000003  c_p.l(rtexit2.o)
    0x0800017c   0x0800017c   0x00000006   Code   RO          989    .ARM.Collect$$rtexit$$00000004  c_p.l(rtexit2.o)
    0x08000182   0x08000182   0x00000002   PAD
    0x08000184   0x08000184   0x00000038   Code   RO          848    .emb_text           c_p.l(rand.o)
    0x080001bc   0x080001bc   0x00000038   Code   RO            4    .text               startup_stm32g030xx.o
    0x080001f4   0x080001f4   0x0000003c   Code   RO          849    .text               c_p.l(rand.o)
    0x08000230   0x08000230   0x00000006   Code   RO          861    .text               c_p.l(heapauxi.o)
    0x08000236   0x08000236   0x0000003e   Code   RO          938    .text               c_p.l(sys_stackheap_outer.o)
    0x08000274   0x08000274   0x00000010   Code   RO          941    .text               c_p.l(exit.o)
    0x08000284   0x08000284   0x00000008   Code   RO          961    .text               c_p.l(libspace.o)
    0x0800028c   0x0800028c   0x0000000c   Code   RO          979    .text               c_p.l(sys_exit.o)
    0x08000298   0x08000298   0x00000002   Code   RO          983    .text               c_p.l(use_no_semi.o)
    0x0800029a   0x0800029a   0x00000000   Code   RO          985    .text               c_p.l(indicate_semi.o)
    0x0800029a   0x0800029a   0x00000002   PAD
    0x0800029c   0x0800029c   0x0000000c   Code   RO          832    .text.BUTTON_GetAction  button_handler.o
    0x080002a8   0x080002a8   0x00000138   Code   RO          826    .text.BUTTON_HighLevelManager  button_handler.o
    0x080003e0   0x080003e0   0x0000002c   Code   RO          836    .text.BUTTON_Init   button_handler.o
    0x0800040c   0x0800040c   0x00000178   Code   RO          824    .text.BUTTON_Low_LevelManager  button_handler.o
    0x08000584   0x08000584   0x0000000c   Code   RO          828    .text.BUTTON_Process  button_handler.o
    0x08000590   0x08000590   0x00000010   Code   RO          834    .text.BUTTON_ResetActions  button_handler.o
    0x080005a0   0x080005a0   0x000000b8   Code   RO          830    .text.BUTTON_TimerProcess  button_handler.o
    0x08000658   0x08000658   0x00000020   Code   RO          735    .text.HAL_Delay     stm32g0xx_hal.o
    0x08000678   0x08000678   0x000001a0   Code   RO          524    .text.HAL_GPIO_Init  stm32g0xx_hal_gpio.o
    0x08000818   0x08000818   0x0000000a   Code   RO          528    .text.HAL_GPIO_ReadPin  stm32g0xx_hal_gpio.o
    0x08000822   0x08000822   0x00000010   Code   RO          532    .text.HAL_GPIO_TogglePin  stm32g0xx_hal_gpio.o
    0x08000832   0x08000832   0x00000010   Code   RO          530    .text.HAL_GPIO_WritePin  stm32g0xx_hal_gpio.o
    0x08000842   0x08000842   0x00000002   PAD
    0x08000844   0x08000844   0x00000008   Code   RO          727    .text.HAL_GetTick   stm32g0xx_hal.o
    0x0800084c   0x0800084c   0x00000014   Code   RO          725    .text.HAL_IncTick   stm32g0xx_hal.o
    0x08000860   0x08000860   0x00000028   Code   RO          715    .text.HAL_Init      stm32g0xx_hal.o
    0x08000888   0x08000888   0x00000044   Code   RO          717    .text.HAL_InitTick  stm32g0xx_hal.o
    0x080008cc   0x080008cc   0x0000002c   Code   RO           63    .text.HAL_MspInit   stm32g0xx_hal_msp.o
    0x080008f8   0x080008f8   0x00000018   Code   RO          675    .text.HAL_NVIC_EnableIRQ  stm32g0xx_hal_cortex.o
    0x08000910   0x08000910   0x00000038   Code   RO          673    .text.HAL_NVIC_SetPriority  stm32g0xx_hal_cortex.o
    0x08000948   0x08000948   0x0000008c   Code   RO          659    .text.HAL_PWREx_ControlVoltageScaling  stm32g0xx_hal_pwr_ex.o
    0x080009d4   0x080009d4   0x00000208   Code   RO          412    .text.HAL_RCC_ClockConfig  stm32g0xx_hal_rcc.o
    0x08000bdc   0x08000bdc   0x0000041c   Code   RO          410    .text.HAL_RCC_OscConfig  stm32g0xx_hal_rcc.o
    0x08000ff8   0x08000ff8   0x00000034   Code   RO          681    .text.HAL_SYSTICK_Config  stm32g0xx_hal_cortex.o
    0x0800102c   0x0800102c   0x00000002   Code   RO          394    .text.HAL_TIMEx_Break2Callback  stm32g0xx_hal_tim_ex.o
    0x0800102e   0x0800102e   0x00000002   Code   RO          392    .text.HAL_TIMEx_BreakCallback  stm32g0xx_hal_tim_ex.o
    0x08001030   0x08001030   0x00000002   Code   RO          388    .text.HAL_TIMEx_CommutCallback  stm32g0xx_hal_tim_ex.o
    0x08001032   0x08001032   0x00000002   PAD
    0x08001034   0x08001034   0x00000058   Code   RO          372    .text.HAL_TIMEx_MasterConfigSynchronization  stm32g0xx_hal_tim_ex.o
    0x0800108c   0x0800108c   0x000000e0   Code   RO           77    .text.HAL_TIM_Base_Init  stm32g0xx_hal_tim.o
    0x0800116c   0x0800116c   0x0000003c   Code   RO           65    .text.HAL_TIM_Base_MspInit  stm32g0xx_hal_msp.o
    0x080011a8   0x080011a8   0x00000058   Code   RO           91    .text.HAL_TIM_Base_Start_IT  stm32g0xx_hal_tim.o
    0x08001200   0x08001200   0x0000003c   Code   RO           93    .text.HAL_TIM_Base_Stop_IT  stm32g0xx_hal_tim.o
    0x0800123c   0x0800123c   0x0000015c   Code   RO          257    .text.HAL_TIM_ConfigClockSource  stm32g0xx_hal_tim.o
    0x08001398   0x08001398   0x00000002   Code   RO          213    .text.HAL_TIM_IC_CaptureCallback  stm32g0xx_hal_tim.o
    0x0800139a   0x0800139a   0x00000002   PAD
    0x0800139c   0x0800139c   0x000001dc   Code   RO          211    .text.HAL_TIM_IRQHandler  stm32g0xx_hal_tim.o
    0x08001578   0x08001578   0x00000002   Code   RO          215    .text.HAL_TIM_OC_DelayElapsedCallback  stm32g0xx_hal_tim.o
    0x0800157a   0x0800157a   0x00000002   Code   RO          217    .text.HAL_TIM_PWM_PulseFinishedCallback  stm32g0xx_hal_tim.o
    0x0800157c   0x0800157c   0x00000010   Code   RO           31    .text.HAL_TIM_PeriodElapsedCallback  main.o
    0x0800158c   0x0800158c   0x00000002   Code   RO          221    .text.HAL_TIM_TriggerCallback  stm32g0xx_hal_tim.o
    0x0800158e   0x0800158e   0x00000002   Code   RO           46    .text.HardFault_Handler  stm32g0xx_it.o
    0x08001590   0x08001590   0x00000002   Code   RO           44    .text.NMI_Handler   stm32g0xx_it.o
    0x08001592   0x08001592   0x00000002   Code   RO           50    .text.PendSV_Handler  stm32g0xx_it.o
    0x08001594   0x08001594   0x00000002   Code   RO           48    .text.SVC_Handler   stm32g0xx_it.o
    0x08001596   0x08001596   0x0000000c   Code   RO           52    .text.SysTick_Handler  stm32g0xx_it.o
    0x080015a2   0x080015a2   0x00000002   Code   RO          809    .text.SystemInit    system_stm32g0xx.o
    0x080015a4   0x080015a4   0x00000010   Code   RO           54    .text.TIM3_IRQHandler  stm32g0xx_it.o
    0x080015b4   0x080015b4   0x00000248   Code   RO           15    .text.generateSequence  main.o
    0x080017fc   0x080017fc   0x00000230   Code   RO           19    .text.getSequence   main.o
    0x08001a2c   0x08001a2c   0x00000180   Code   RO           11    .text.main          main.o
    0x08001bac   0x08001bac   0x00000174   Code   RO           27    .text.rightSequence  main.o
    0x08001d20   0x08001d20   0x00000268   Code   RO           17    .text.showSequence  main.o
    0x08001f88   0x08001f88   0x0000010c   Code   RO           29    .text.wrongSequence  main.o
    0x08002094   0x08002094   0x000001f6   Code   RO          854    .text_divfast       c_p.l(aeabi_sdivfast.o)
    0x0800228a   0x0800228a   0x00000002   PAD
    0x0800228c   0x0800228c   0x00000040   Data   RO          814    .rodata.AHBPrescTable  system_stm32g0xx.o
    0x080022cc   0x080022cc   0x00000020   Data   RO         1039    Region$$Table       anon$$obj.o


    Execution Region RW_IRAM1 (Exec base: 0x20000000, Load base: 0x080022f0, Size: 0x00000828, Max: 0x00002000, ABSOLUTE)

    Exec Addr    Load Addr    Size         Type   Attr      Idx    E Section Name        Object

    0x20000000   0x080022f0   0x00000038   Data   RW           34    .data..L_MergedGlobals  main.o
    0x20000038   0x08002328   0x00000008   Data   RW          774    .data..L_MergedGlobals  stm32g0xx_hal.o
    0x20000040   0x08002330   0x00000004   Data   RW          813    .data.SystemCoreClock  system_stm32g0xx.o
    0x20000044   0x08002334   0x00000004   PAD
    0x20000048        -       0x000000e4   Zero   RW          850    .bss                c_p.l(rand.o)
    0x2000012c        -       0x00000060   Zero   RW          962    .bss                c_p.l(libspace.o)
    0x2000018c        -       0x00000028   Zero   RW          838    .bss..L_MergedGlobals  button_handler.o
    0x200001b4        -       0x00000070   Zero   RW           35    .bss..L_MergedGlobals.1  main.o
    0x20000224        -       0x00000004   Zero   RW          773    .bss.uwTick         stm32g0xx_hal.o
    0x20000228        -       0x00000200   Zero   RW            2    HEAP                startup_stm32g030xx.o
    0x20000428        -       0x00000400   Zero   RW            1    STACK               startup_stm32g030xx.o


==============================================================================

Image component sizes


      Code (inc. data)   RO Data    RW Data    ZI Data      Debug   Object Name

       956         28          0          0         40       4447   button_handler.o
      2800         60          0         56        112      15838   main.o
        56         26        192          0       1536        644   startup_stm32g030xx.o
       168          8          0          8          4       6682   stm32g0xx_hal.o
       132         24          0          0          0       6796   stm32g0xx_hal_cortex.o
       458         20          0          0          0       4807   stm32g0xx_hal_gpio.o
       104          8          0          0          0       5659   stm32g0xx_hal_msp.o
       140          8          0          0          0       4967   stm32g0xx_hal_pwr_ex.o
      1572         80          0          0          0       9250   stm32g0xx_hal_rcc.o
      1204         52          0          0          0      70405   stm32g0xx_hal_tim.o
        94          0          0          0          0      26317   stm32g0xx_hal_tim_ex.o
        36          4          0          0          0       1754   stm32g0xx_it.o
         2          0         64          4          0       1965   system_stm32g0xx.o

    ----------------------------------------------------------------------
      7728        318        288         68       1696     159531   Object Totals
         0          0         32          0          0          0   (incl. Generated)
         6          0          0          0          4          0   (incl. Padding)

    ----------------------------------------------------------------------

      Code (inc. data)   RO Data    RW Data    ZI Data      Debug   Library Member Name

         8          0          0          0          0         68   __main.o
         0          0          0          0          0          0   __rtentry.o
        12          0          0          0          0          0   __rtentry2.o
         6          0          0          0          0          0   __rtentry4.o
        86         10          0          0          0          0   __scatter.o
        26          0          0          0          0          0   __scatter_copy.o
        28          0          0          0          0          0   __scatter_zi.o
       502          0          0          0          0         92   aeabi_sdivfast.o
        16          0          0          0          0         68   exit.o
         6          0          0          0          0        136   heapauxi.o
         0          0          0          0          0          0   indicate_semi.o
         2          0          0          0          0          0   libinit.o
         6          0          0          0          0          0   libinit2.o
         2          0          0          0          0          0   libshutdown.o
         2          0          0          0          0          0   libshutdown2.o
         8          4          0          0         96         68   libspace.o
       116         16          0          0        228        156   rand.o
         2          0          0          0          0          0   rtexit.o
        10          0          0          0          0          0   rtexit2.o
        12          4          0          0          0         60   sys_exit.o
        62          0          0          0          0         80   sys_stackheap_outer.o
         2          0          0          0          0         68   use_no_semi.o

    ----------------------------------------------------------------------
       924         34          0          0        324        796   Library Totals
        10          0          0          0          0          0   (incl. Padding)

    ----------------------------------------------------------------------

      Code (inc. data)   RO Data    RW Data    ZI Data      Debug   Library Name

       914         34          0          0        324        796   c_p.l

    ----------------------------------------------------------------------
       924         34          0          0        324        796   Library Totals

    ----------------------------------------------------------------------

==============================================================================


      Code (inc. data)   RO Data    RW Data    ZI Data      Debug   

      8652        352        288         68       2020     159935   Grand Totals
      8652        352        288         68       2020     159935   ELF Image Totals
      8652        352        288         68          0          0   ROM Totals

==============================================================================

    Total RO  Size (Code + RO Data)                 8940 (   8.73kB)
    Total RW  Size (RW Data + ZI Data)              2088 (   2.04kB)
    Total ROM Size (Code + RO Data + RW Data)       9008 (   8.80kB)

==============================================================================

