Component: Arm Compiler for Embedded 6.21 Tool: armlink [5ec1fa00]

==============================================================================

Section Cross References

    startup_stm32f401xc.o(STACK) refers (Special) to heapauxi.o(.text) for __use_two_region_memory
    startup_stm32f401xc.o(HEAP) refers (Special) to heapauxi.o(.text) for __use_two_region_memory
    startup_stm32f401xc.o(RESET) refers (Special) to heapauxi.o(.text) for __use_two_region_memory
    startup_stm32f401xc.o(RESET) refers to startup_stm32f401xc.o(STACK) for __initial_sp
    startup_stm32f401xc.o(RESET) refers to startup_stm32f401xc.o(.text) for Reset_Handler
    startup_stm32f401xc.o(RESET) refers to stm32f4xx_it.o(.text.NMI_Handler) for NMI_Handler
    startup_stm32f401xc.o(RESET) refers to stm32f4xx_it.o(.text.HardFault_Handler) for HardFault_Handler
    startup_stm32f401xc.o(RESET) refers to stm32f4xx_it.o(.text.MemManage_Handler) for MemManage_Handler
    startup_stm32f401xc.o(RESET) refers to stm32f4xx_it.o(.text.BusFault_Handler) for BusFault_Handler
    startup_stm32f401xc.o(RESET) refers to stm32f4xx_it.o(.text.UsageFault_Handler) for UsageFault_Handler
    startup_stm32f401xc.o(RESET) refers to stm32f4xx_it.o(.text.SVC_Handler) for SVC_Handler
    startup_stm32f401xc.o(RESET) refers to stm32f4xx_it.o(.text.DebugMon_Handler) for DebugMon_Handler
    startup_stm32f401xc.o(RESET) refers to stm32f4xx_it.o(.text.PendSV_Handler) for PendSV_Handler
    startup_stm32f401xc.o(RESET) refers to stm32f4xx_it.o(.text.SysTick_Handler) for SysTick_Handler
    startup_stm32f401xc.o(RESET) refers to stm32f4xx_it.o(.text.TIM3_IRQHandler) for TIM3_IRQHandler
    startup_stm32f401xc.o(.text) refers (Special) to heapauxi.o(.text) for __use_two_region_memory
    startup_stm32f401xc.o(.text) refers to system_stm32f4xx.o(.text.SystemInit) for SystemInit
    startup_stm32f401xc.o(.text) refers to __main.o(!!!main) for __main
    startup_stm32f401xc.o(.text) refers to startup_stm32f401xc.o(HEAP) for Heap_Mem
    startup_stm32f401xc.o(.text) refers to startup_stm32f401xc.o(STACK) for Stack_Mem
    main.o(.text) refers (Special) to _printf_percent.o(.ARM.Collect$$_printf_percent$$00000000) for _printf_percent
    main.o(.text) refers (Special) to _printf_pad.o(.text) for _printf_pre_padding
    main.o(.text) refers (Special) to _printf_c.o(.ARM.Collect$$_printf_percent$$00000013) for _printf_c
    main.o(.text) refers (Special) to _printf_s.o(.ARM.Collect$$_printf_percent$$00000014) for _printf_s
    main.o(.text) refers (Special) to _printf_d.o(.ARM.Collect$$_printf_percent$$00000009) for _printf_d
    main.o(.text) refers (Special) to _printf_f.o(.ARM.Collect$$_printf_percent$$00000003) for _printf_f
    main.o(.text) refers (Special) to _printf_dec.o(.text) for _printf_int_dec
    main.o(.text) refers (Special) to printf1.o(x$fpl$printf1) for _printf_fp_dec
    main.o(.text) refers (Special) to _printf_str.o(.text) for _printf_str
    main.o(.text.attachClick_1) refers (Special) to _printf_percent.o(.ARM.Collect$$_printf_percent$$00000000) for _printf_percent
    main.o(.text.attachClick_1) refers (Special) to _printf_pad.o(.text) for _printf_pre_padding
    main.o(.text.attachClick_1) refers (Special) to _printf_c.o(.ARM.Collect$$_printf_percent$$00000013) for _printf_c
    main.o(.text.attachClick_1) refers (Special) to _printf_s.o(.ARM.Collect$$_printf_percent$$00000014) for _printf_s
    main.o(.text.attachClick_1) refers (Special) to _printf_d.o(.ARM.Collect$$_printf_percent$$00000009) for _printf_d
    main.o(.text.attachClick_1) refers (Special) to _printf_f.o(.ARM.Collect$$_printf_percent$$00000003) for _printf_f
    main.o(.text.attachClick_1) refers (Special) to _printf_dec.o(.text) for _printf_int_dec
    main.o(.text.attachClick_1) refers (Special) to printf1.o(x$fpl$printf1) for _printf_fp_dec
    main.o(.text.attachClick_1) refers (Special) to _printf_str.o(.text) for _printf_str
    main.o(.text.attachClick_1) refers to main.o(.bss..L_MergedGlobals.45) for .L_MergedGlobals.45
    main.o(.ARM.exidx.text.attachClick_1) refers (Special) to _printf_percent.o(.ARM.Collect$$_printf_percent$$00000000) for _printf_percent
    main.o(.ARM.exidx.text.attachClick_1) refers (Special) to _printf_pad.o(.text) for _printf_pre_padding
    main.o(.ARM.exidx.text.attachClick_1) refers (Special) to _printf_c.o(.ARM.Collect$$_printf_percent$$00000013) for _printf_c
    main.o(.ARM.exidx.text.attachClick_1) refers (Special) to _printf_s.o(.ARM.Collect$$_printf_percent$$00000014) for _printf_s
    main.o(.ARM.exidx.text.attachClick_1) refers (Special) to _printf_d.o(.ARM.Collect$$_printf_percent$$00000009) for _printf_d
    main.o(.ARM.exidx.text.attachClick_1) refers (Special) to _printf_f.o(.ARM.Collect$$_printf_percent$$00000003) for _printf_f
    main.o(.ARM.exidx.text.attachClick_1) refers (Special) to _printf_dec.o(.text) for _printf_int_dec
[...]
    .ARM.Collect$$_printf_percent$$00000017  0x0800028c   Section        4  _printf_percent_end.o(.ARM.Collect$$_printf_percent$$00000017)
    .ARM.Collect$$libinit$$00000000          0x08000290   Section        2  libinit.o(.ARM.Collect$$libinit$$00000000)
    .ARM.Collect$$libinit$$00000001          0x08000292   Section        4  libinit2.o(.ARM.Collect$$libinit$$00000001)
    .ARM.Collect$$libinit$$00000004          0x08000296   Section        0  libinit2.o(.ARM.Collect$$libinit$$00000004)
    .ARM.Collect$$libinit$$00000006          0x08000296   Section        0  libinit2.o(.ARM.Collect$$libinit$$00000006)
    .ARM.Collect$$libinit$$0000000C          0x08000296   Section        0  libinit2.o(.ARM.Collect$$libinit$$0000000C)
    .ARM.Collect$$libinit$$0000000E          0x08000296   Section        0  libinit2.o(.ARM.Collect$$libinit$$0000000E)
    .ARM.Collect$$libinit$$00000010          0x08000296   Section        0  libinit2.o(.ARM.Collect$$libinit$$00000010)
    .ARM.Collect$$libinit$$00000011          0x08000296   Section        6  libinit2.o(.ARM.Collect$$libinit$$00000011)
    .ARM.Collect$$libinit$$00000013          0x0800029c   Section        0  libinit2.o(.ARM.Collect$$libinit$$00000013)
    .ARM.Collect$$libinit$$00000015          0x0800029c   Section        0  libinit2.o(.ARM.Collect$$libinit$$00000015)
    .ARM.Collect$$libinit$$00000017          0x0800029c   Section        0  libinit2.o(.ARM.Collect$$libinit$$00000017)
    .ARM.Collect$$libinit$$00000018          0x0800029c   Section       10  libinit2.o(.ARM.Collect$$libinit$$00000018)
    .ARM.Collect$$libinit$$00000019          0x080002a6   Section        0  libinit2.o(.ARM.Collect$$libinit$$00000019)
    .ARM.Collect$$libinit$$0000001B          0x080002a6   Section        0  libinit2.o(.ARM.Collect$$libinit$$0000001B)
    .ARM.Collect$$libinit$$0000001D          0x080002a6   Section        0  libinit2.o(.ARM.Collect$$libinit$$0000001D)
    .ARM.Collect$$libinit$$0000001F          0x080002a6   Section        0  libinit2.o(.ARM.Collect$$libinit$$0000001F)
    .ARM.Collect$$libinit$$00000021          0x080002a6   Section        0  libinit2.o(.ARM.Collect$$libinit$$00000021)
    .ARM.Collect$$libinit$$00000023          0x080002a6   Section        0  libinit2.o(.ARM.Collect$$libinit$$00000023)
    .ARM.Collect$$libinit$$00000025          0x080002a6   Section        0  libinit2.o(.ARM.Collect$$libinit$$00000025)
    .ARM.Collect$$libinit$$00000027          0x080002a6   Section        0  libinit2.o(.ARM.Collect$$libinit$$00000027)
    .ARM.Collect$$libinit$$0000002E          0x080002a6   Section        0  libinit2.o(.ARM.Collect$$libinit$$0000002E)
    .ARM.Collect$$libinit$$00000030          0x080002a6   Section        0  libinit2.o(.ARM.Collect$$libinit$$00000030)
    .ARM.Collect$$libinit$$00000032          0x080002a6   Section        0  libinit2.o(.ARM.Collect$$libinit$$00000032)
    .ARM.Collect$$libinit$$00000034          0x080002a6   Section        0  libinit2.o(.ARM.Collect$$libinit$$00000034)
    .ARM.Collect$$libinit$$00000035          0x080002a6   Section        2  libinit2.o(.ARM.Collect$$libinit$$00000035)
    .ARM.Collect$$libshutdown$$00000000      0x080002a8   Section        2  libshutdown.o(.ARM.Collect$$libshutdown$$00000000)
    .ARM.Collect$$libshutdown$$00000002      0x080002aa   Section        0  libshutdown2.o(.ARM.Collect$$libshutdown$$00000002)
    .ARM.Collect$$libshutdown$$00000004      0x080002aa   Section        0  libshutdown2.o(.ARM.Collect$$libshutdown$$00000004)
    .ARM.Collect$$libshutdown$$00000007      0x080002aa   Section        0  libshutdown2.o(.ARM.Collect$$libshutdown$$00000007)
    .ARM.Collect$$libshutdown$$0000000A      0x080002aa   Section        0  libshutdown2.o(.ARM.Collect$$libshutdown$$0000000A)
    .ARM.Collect$$libshutdown$$0000000C      0x080002aa   Section        0  libshutdown2.o(.ARM.Collect$$libshutdown$$0000000C)
    .ARM.Collect$$libshutdown$$0000000F      0x080002aa   Section        0  libshutdown2.o(.ARM.Collect$$libshutdown$$0000000F)
    .ARM.Collect$$libshutdown$$00000010      0x080002aa   Section        2  libshutdown2.o(.ARM.Collect$$libshutdown$$00000010)
    .ARM.Collect$$rtentry$$00000000          0x080002ac   Section        0  __rtentry.o(.ARM.Collect$$rtentry$$00000000)
    .ARM.Collect$$rtentry$$00000002          0x080002ac   Section        0  __rtentry2.o(.ARM.Collect$$rtentry$$00000002)
    .ARM.Collect$$rtentry$$00000004          0x080002ac   Section        6  __rtentry4.o(.ARM.Collect$$rtentry$$00000004)
    .ARM.Collect$$rtentry$$00000009          0x080002b2   Section        0  __rtentry2.o(.ARM.Collect$$rtentry$$00000009)
    .ARM.Collect$$rtentry$$0000000A          0x080002b2   Section        4  __rtentry2.o(.ARM.Collect$$rtentry$$0000000A)
    .ARM.Collect$$rtentry$$0000000C          0x080002b6   Section        0  __rtentry2.o(.ARM.Collect$$rtentry$$0000000C)
    .ARM.Collect$$rtentry$$0000000D          0x080002b6   Section        8  __rtentry2.o(.ARM.Collect$$rtentry$$0000000D)
    .ARM.Collect$$rtexit$$00000000           0x080002be   Section        2  rtexit.o(.ARM.Collect$$rtexit$$00000000)
    .ARM.Collect$$rtexit$$00000002           0x080002c0   Section        0  rtexit2.o(.ARM.Collect$$rtexit$$00000002)
    .ARM.Collect$$rtexit$$00000003           0x080002c0   Section        4  rtexit2.o(.ARM.Collect$$rtexit$$00000003)
    .ARM.Collect$$rtexit$$00000004           0x080002c4   Section        6  rtexit2.o(.ARM.Collect$$rtexit$$00000004)
    $v0                                      0x080002cc   Number         0  startup_stm32f401xc.o(.text)
    .text                                    0x080002cc   Section       64  startup_stm32f401xc.o(.text)
    .text                                    0x0800030c   Section      240  lludivv7m.o(.text)
    .text                                    0x080003fc   Section        0  noretval__2sprintf.o(.text)
    .text                                    0x08000424   Section        0  _printf_pad.o(.text)
    .text                                    0x08000472   Section        0  _printf_str.o(.text)
    .text                                    0x080004c4   Section        0  _printf_dec.o(.text)
    .text                                    0x0800053c   Section        0  __printf_flags_wp.o(.text)
    .text                                    0x08000674   Section        0  strlen.o(.text)
    .text                                    0x080006b2   Section       78  rt_memclr_w.o(.text)
    .text                                    0x08000700   Section        0  heapauxi.o(.text)
    .text                                    0x08000706   Section        0  _printf_intcommon.o(.text)
    _fp_digits                               0x080007b9   Thumb Code   432  _printf_fp_dec.o(.text)
    .text                                    0x080007b8   Section        0  _printf_fp_dec.o(.text)
    _printf_input_char                       0x08000bd5   Thumb Code    10  _printf_char_common.o(.text)
    .text                                    0x08000bd4   Section        0  _printf_char_common.o(.text)
    .text                                    0x08000c04   Section        0  _sputc.o(.text)
    .text                                    0x08000c0e   Section        0  _printf_char.o(.text)
    .text                                    0x08000c3c   Section        8  rt_locale_intlibspace.o(.text)
    .text                                    0x08000c44   Section      138  lludiv10.o(.text)
    .text                                    0x08000cd0   Section        0  _printf_fp_infnan.o(.text)
    .text                                    0x08000d50   Section        0  bigflt0.o(.text)
    .text                                    0x08000e34   Section        8  libspace.o(.text)
    .text                                    0x08000e3c   Section       74  sys_stackheap_outer.o(.text)
    .text                                    0x08000e86   Section        0  exit.o(.text)
    .text                                    0x08000e98   Section      124  strcmpv7em.o(.text)
    .text                                    0x08000f14   Section        0  sys_exit.o(.text)
    .text                                    0x08000f20   Section        2  use_no_semi.o(.text)
    .text                                    0x08000f22   Section        0  indicate_semi.o(.text)
    [Anonymous Symbol]                       0x08000f24   Section        0  aht10.o(.text.AHT10_GetHumidity)
    [Anonymous Symbol]                       0x08000f30   Section        0  aht10.o(.text.AHT10_GetMeasurment)
    [Anonymous Symbol]                       0x08000ff0   Section        0  aht10.o(.text.AHT10_GetTemperature)
    [Anonymous Symbol]                       0x08000ff8   Section        0  aht10.o(.text.AHT10_SetMeasurment)
    [Anonymous Symbol]                       0x0800101c   Section        0  aht10.o(.text.AHT10_SoftReset)
    [Anonymous Symbol]                       0x08001044   Section        0  stm32f4xx_it.o(.text.BusFault_Handler)
    [Anonymous Symbol]                       0x08001048   Section        0  stm32f4xx_it.o(.text.DebugMon_Handler)
    [Anonymous Symbol]                       0x0800104c   Section        0  stm32f4xx_hal.o(.text.HAL_Delay)
    [Anonymous Symbol]                       0x08001074   Section        0  stm32f4xx_hal_gpio.o(.text.HAL_GPIO_Init)
    [Anonymous Symbol]                       0x08001214   Section        0  stm32f4xx_hal_gpio.o(.text.HAL_GPIO_ReadPin)
    [Anonymous Symbol]                       0x08001220   Section        0  stm32f4xx_hal_gpio.o(.text.HAL_GPIO_TogglePin)
    [Anonymous Symbol]                       0x08001230   Section        0  stm32f4xx_hal_gpio.o(.text.HAL_GPIO_WritePin)
    [Anonymous Symbol]                       0x0800123c   Section        0  stm32f4xx_hal.o(.text.HAL_GetTick)
    [Anonymous Symbol]                       0x08001248   Section        0  stm32f4xx_hal_i2c.o(.text.HAL_I2C_Init)
    [Anonymous Symbol]                       0x080013ac   Section        0  stm32f4xx_hal_i2c.o(.text.HAL_I2C_IsDeviceReady)
    [Anonymous Symbol]                       0x080015d8   Section        0  stm32f4xx_hal_i2c.o(.text.HAL_I2C_Master_Receive)
    [Anonymous Symbol]                       0x08001be0   Section        0  stm32f4xx_hal_i2c.o(.text.HAL_I2C_Master_Transmit)
    [Anonymous Symbol]                       0x08002014   Section        0  stm32f4xx_hal_msp.o(.text.HAL_I2C_MspInit)
    [Anonymous Symbol]                       0x08002080   Section        0  stm32f4xx_hal.o(.text.HAL_IncTick)
    [Anonymous Symbol]                       0x0800209c   Section        0  stm32f4xx_hal.o(.text.HAL_Init)
    [Anonymous Symbol]                       0x080020d4   Section        0  stm32f4xx_hal.o(.text.HAL_InitTick)
    [Anonymous Symbol]                       0x0800211c   Section        0  stm32f4xx_hal_msp.o(.text.HAL_MspInit)
    [Anonymous Symbol]                       0x08002154   Section        0  stm32f4xx_hal_cortex.o(.text.HAL_NVIC_EnableIRQ)
    [Anonymous Symbol]                       0x08002178   Section        0  stm32f4xx_hal_cortex.o(.text.HAL_NVIC_SetPriority)
    [Anonymous Symbol]                       0x080021d0   Section        0  stm32f4xx_hal_cortex.o(.text.HAL_NVIC_SetPriorityGrouping)
    [Anonymous Symbol]                       0x080021f0   Section        0  stm32f4xx_hal_rcc.o(.text.HAL_RCC_ClockConfig)
    [Anonymous Symbol]                       0x08002354   Section        0  stm32f4xx_hal_rcc.o(.text.HAL_RCC_GetPCLK1Freq)
    [Anonymous Symbol]                       0x0800237c   Section        0  stm32f4xx_hal_rcc.o(.text.HAL_RCC_GetPCLK2Freq)
    [Anonymous Symbol]                       0x080023a4   Section        0  stm32f4xx_hal_rcc.o(.text.HAL_RCC_GetSysClockFreq)
    [Anonymous Symbol]                       0x08002410   Section        0  stm32f4xx_hal_rcc.o(.text.HAL_RCC_OscConfig)
    [Anonymous Symbol]                       0x080027c0   Section        0  stm32f4xx_hal_spi.o(.text.HAL_SPI_GetState)
    [Anonymous Symbol]                       0x080027c8   Section        0  stm32f4xx_hal_spi.o(.text.HAL_SPI_Init)
    [Anonymous Symbol]                       0x0800287c   Section        0  stm32f4xx_hal_msp.o(.text.HAL_SPI_MspInit)
    [Anonymous Symbol]                       0x080028e8   Section        0  stm32f4xx_hal_spi.o(.text.HAL_SPI_Transmit)
    [Anonymous Symbol]                       0x08002b38   Section        0  stm32f4xx_hal_cortex.o(.text.HAL_SYSTICK_Config)
    [Anonymous Symbol]                       0x08002b64   Section        0  stm32f4xx_hal_tim_ex.o(.text.HAL_TIMEx_BreakCallback)
    [Anonymous Symbol]                       0x08002b68   Section        0  stm32f4xx_hal_tim_ex.o(.text.HAL_TIMEx_CommutCallback)
    [Anonymous Symbol]                       0x08002b6c   Section        0  stm32f4xx_hal_tim_ex.o(.text.HAL_TIMEx_MasterConfigSynchronization)
    [Anonymous Symbol]                       0x08002c00   Section        0  stm32f4xx_hal_tim.o(.text.HAL_TIM_Base_Start_IT)
    [Anonymous Symbol]                       0x08002c84   Section        0  stm32f4xx_hal_tim.o(.text.HAL_TIM_Encoder_Init)
    [Anonymous Symbol]                       0x08002e1c   Section        0  stm32f4xx_hal_msp.o(.text.HAL_TIM_Encoder_MspInit)
    [Anonymous Symbol]                       0x08002e94   Section        0  stm32f4xx_hal_tim.o(.text.HAL_TIM_Encoder_Start_IT)
    [Anonymous Symbol]                       0x08002f7c   Section        0  stm32f4xx_hal_tim.o(.text.HAL_TIM_IC_CaptureCallback)
    [Anonymous Symbol]                       0x08002f80   Section        0  stm32f4xx_hal_tim.o(.text.HAL_TIM_IRQHandler)
    [Anonymous Symbol]                       0x080030f0   Section        0  stm32f4xx_hal_tim.o(.text.HAL_TIM_OC_DelayElapsedCallback)
    [Anonymous Symbol]                       0x080030f4   Section        0  stm32f4xx_hal_tim.o(.text.HAL_TIM_PWM_PulseFinishedCallback)
    [Anonymous Symbol]                       0x080030f8   Section        0  main.o(.text.HAL_TIM_PeriodElapsedCallback)
    [Anonymous Symbol]                       0x08003300   Section        0  stm32f4xx_hal_tim.o(.text.HAL_TIM_TriggerCallback)
    [Anonymous Symbol]                       0x08003304   Section        0  stm32f4xx_hal_uart.o(.text.HAL_UART_Init)
    [Anonymous Symbol]                       0x08003364   Section        0  stm32f4xx_hal_msp.o(.text.HAL_UART_MspInit)
    [Anonymous Symbol]                       0x080033d0   Section        0  stm32f4xx_it.o(.text.HardFault_Handler)
    [Anonymous Symbol]                       0x080033d4   Section        0  stm32f4xx_it.o(.text.MemManage_Handler)
    [Anonymous Symbol]                       0x080033d8   Section        0  stm32f4xx_it.o(.text.NMI_Handler)
    [Anonymous Symbol]                       0x080033dc   Section        0  stm32f4xx_it.o(.text.PendSV_Handler)
    SPI_WaitFlagStateUntilTimeout            0x080033e1   Thumb Code   228  stm32f4xx_hal_spi.o(.text.SPI_WaitFlagStateUntilTimeout)
    [Anonymous Symbol]                       0x080033e0   Section        0  stm32f4xx_hal_spi.o(.text.SPI_WaitFlagStateUntilTimeout)
    [Anonymous Symbol]                       0x080034c4   Section        0  st7789.o(.text.ST7789_DrawChar)
    [Anonymous Symbol]                       0x080036ec   Section        0  st7789.o(.text.ST7789_FillScreen)
    [Anonymous Symbol]                       0x08003754   Section        0  st7789.o(.text.ST7789_Init)
    ST7789_SetWindow                         0x08003831   Thumb Code   582  st7789.o(.text.ST7789_SetWindow)
    [Anonymous Symbol]                       0x08003830   Section        0  st7789.o(.text.ST7789_SetWindow)
    [Anonymous Symbol]                       0x08003a78   Section        0  st7789.o(.text.ST7789_print)
    [Anonymous Symbol]                       0x08003b9c   Section        0  st7789.o(.text.ST7789_rotation)
    [Anonymous Symbol]                       0x08003dec   Section        0  stm32f4xx_it.o(.text.SVC_Handler)
    [Anonymous Symbol]                       0x08003df0   Section        0  stm32f4xx_it.o(.text.SysTick_Handler)
    [Anonymous Symbol]                       0x08003df4   Section        0  main.o(.text.SystemClock_Config)
    [Anonymous Symbol]                       0x08003ea0   Section        0  system_stm32f4xx.o(.text.SystemInit)
    [Anonymous Symbol]                       0x08003eb4   Section        0  stm32f4xx_it.o(.text.TIM3_IRQHandler)
    UART_SetConfig                           0x08003ec1   Thumb Code   238  stm32f4xx_hal_uart.o(.text.UART_SetConfig)
    [Anonymous Symbol]                       0x08003ec0   Section        0  stm32f4xx_hal_uart.o(.text.UART_SetConfig)
    [Anonymous Symbol]                       0x08003fb0   Section        0  stm32f4xx_it.o(.text.UsageFault_Handler)
    [Anonymous Symbol]                       0x08003fb4   Section        0  main.o(.text.attachClick_1)
    [Anonymous Symbol]                       0x08003fc8   Section        0  main.o(.text.attachLongPressStart_1)
    [Anonymous Symbol]                       0x08004000   Section        0  main.o(.text.main)
    [Anonymous Symbol]                       0x080046d0   Section        0  onebutton.o(.text.tickOneButton)
    CL$$btod_d2e                             0x080047c8   Section       62  btod.o(CL$$btod_d2e)
    CL$$btod_d2e_denorm_low                  0x08004806   Section       70  btod.o(CL$$btod_d2e_denorm_low)
    CL$$btod_d2e_norm_op1                    0x0800484c   Section       96  btod.o(CL$$btod_d2e_norm_op1)
    CL$$btod_div_common                      0x080048ac   Section      824  btod.o(CL$$btod_div_common)
    CL$$btod_e2e                             0x08004be4   Section      220  btod.o(CL$$btod_e2e)
    CL$$btod_ediv                            0x08004cc0   Section       42  btod.o(CL$$btod_ediv)
    CL$$btod_emul                            0x08004cea   Section       42  btod.o(CL$$btod_emul)
    CL$$btod_mult_common                     0x08004d14   Section      580  btod.o(CL$$btod_mult_common)
    i.__ARM_fpclassify                       0x08004f58   Section        0  fpclassify.o(i.__ARM_fpclassify)
    i._is_digit                              0x08004f88   Section        0  __printf_wp.o(i._is_digit)
    locale$$code                             0x08004f98   Section       44  lc_numeric_c.o(locale$$code)
    $v0                                      0x08004fc4   Number         0  d2f.o(x$fpl$d2f)
    x$fpl$d2f                                0x08004fc4   Section       98  d2f.o(x$fpl$d2f)
    $v0                                      0x08005028   Number         0  daddsub_clz.o(x$fpl$dadd)
    x$fpl$dadd                               0x08005028   Section      336  daddsub_clz.o(x$fpl$dadd)
    _dadd1                                   0x08005039   Thumb Code     0  daddsub_clz.o(x$fpl$dadd)
    $v0                                      0x08005178   Number         0  dflt_clz.o(x$fpl$dfltu)
    x$fpl$dfltu                              0x08005178   Section       38  dflt_clz.o(x$fpl$dfltu)
    $v0                                      0x080051a0   Number         0  dmul.o(x$fpl$dmul)
    x$fpl$dmul                               0x080051a0   Section      340  dmul.o(x$fpl$dmul)
    $v0                                      0x080052f4   Number         0  dnaninf.o(x$fpl$dnaninf)
    x$fpl$dnaninf                            0x080052f4   Section      156  dnaninf.o(x$fpl$dnaninf)
    $v0                                      0x08005390   Number         0  dretinf.o(x$fpl$dretinf)
    x$fpl$dretinf                            0x08005390   Section       12  dretinf.o(x$fpl$dretinf)
    $v0                                      0x0800539c   Number         0  daddsub_clz.o(x$fpl$dsub)
    x$fpl$dsub                               0x0800539c   Section      476  daddsub_clz.o(x$fpl$dsub)
    _dsub1                                   0x080053ad   Thumb Code     0  daddsub_clz.o(x$fpl$dsub)
    $v0                                      0x08005578   Number         0  f2d.o(x$fpl$f2d)
    x$fpl$f2d                                0x08005578   Section       86  f2d.o(x$fpl$f2d)
    $v0                                      0x080055ce   Number         0  fnaninf.o(x$fpl$fnaninf)
    x$fpl$fnaninf                            0x080055ce   Section      140  fnaninf.o(x$fpl$fnaninf)
    $v0                                      0x0800565a   Number         0  fpinit.o(x$fpl$fpinit)
    x$fpl$fpinit                             0x0800565a   Section       26  fpinit.o(x$fpl$fpinit)
    $v0                                      0x08005674   Number         0  fretinf.o(x$fpl$fretinf)
    x$fpl$fretinf                            0x08005674   Section       10  fretinf.o(x$fpl$fretinf)
    $v0                                      0x0800567e   Number         0  printf1.o(x$fpl$printf1)
    x$fpl$printf1                            0x0800567e   Section        4  printf1.o(x$fpl$printf1)
    maptable                                 0x08005682   Data          17  __printf_flags_wp.o(.constdata)
    .constdata                               0x08005682   Section       17  __printf_flags_wp.o(.constdata)
    x$fpl$usenofp                            0x08005682   Section        0  usenofp.o(x$fpl$usenofp)
    tenpwrs_x                                0x08005694   Data          60  bigflt0.o(.constdata)
    .constdata                               0x08005694   Section      148  bigflt0.o(.constdata)
    tenpwrs_i                                0x080056d0   Data          64  bigflt0.o(.constdata)
    init_cmds                                0x08006310   Data          35  st7789.o(.rodata.init_cmds)
    [Anonymous Symbol]                       0x08006310   Section        0  st7789.o(.rodata.init_cmds)
    [Anonymous Symbol]                       0x08006333   Section        0  main.o(.rodata.str1.1)
    .L.str.40                                0x080064e6   Data           6  main.o(.rodata.str1.1)
    .L.str.44                                0x080064ec   Data          14  main.o(.rodata.str1.1)
    .L.str.41                                0x080064f2   Data           8  main.o(.rodata.str1.1)
    .L.str.43                                0x080064fa   Data           6  main.o(.rodata.str1.1)
    .L.str.42                                0x08006500   Data           6  main.o(.rodata.str1.1)
    locale$$data                             0x08006528   Section       28  lc_numeric_c.o(locale$$data)
    __lcnum_c_name                           0x0800652c   Data           2  lc_numeric_c.o(locale$$data)
    __lcnum_c_start                          0x08006534   Data           0  lc_numeric_c.o(locale$$data)
    __lcnum_c_point                          0x08006540   Data           0  lc_numeric_c.o(locale$$data)
    __lcnum_c_thousands                      0x08006542   Data           0  lc_numeric_c.o(locale$$data)
    __lcnum_c_grouping                       0x08006543   Data           0  lc_numeric_c.o(locale$$data)
    __lcnum_c_end                            0x08006544   Data           0  lc_numeric_c.o(locale$$data)
    .L_MergedGlobals                         0x20000000   Data          28  main.o(.data..L_MergedGlobals)
    [Anonymous Symbol]                       0x20000000   Section        0  main.o(.data..L_MergedGlobals)
    .L_MergedGlobals                         0x2000001c   Data           8  stm32f4xx_hal.o(.data..L_MergedGlobals)
    [Anonymous Symbol]                       0x2000001c   Section        0  stm32f4xx_hal.o(.data..L_MergedGlobals)
    .L_MergedGlobals                         0x20000024   Data           8  onebutton.o(.data..L_MergedGlobals)
    [Anonymous Symbol]                       0x20000024   Section        0  onebutton.o(.data..L_MergedGlobals)
    .bss                                     0x20000320   Section       96  libspace.o(.bss)
    .L_MergedGlobals                         0x20000380   Data           8  st7789.o(.bss..L_MergedGlobals)
    [Anonymous Symbol]                       0x20000380   Section        0  st7789.o(.bss..L_MergedGlobals)
    .L_MergedGlobals.45                      0x20000388   Data          92  main.o(.bss..L_MergedGlobals.45)
    [Anonymous Symbol]                       0x20000388   Section        0  main.o(.bss..L_MergedGlobals.45)
    HAL_TIM_PeriodElapsedCallback.previous_time 0x20000394   Data           4  main.o(.bss..L_MergedGlobals.45)
    Heap_Mem                                 0x20000520   Data         512  startup_stm32f401xc.o(HEAP)
    HEAP                                     0x20000520   Section      512  startup_stm32f401xc.o(HEAP)
    Stack_Mem                                0x20000720   Data        1024  startup_stm32f401xc.o(STACK)
    STACK                                    0x20000720   Section     1024  startup_stm32f401xc.o(STACK)
    __initial_sp                             0x20000b20   Data           0  startup_stm32f401xc.o(STACK)

    Global Symbols

    Symbol Name                              Value     Ov Type        Size  Object(Section)

    BuildAttributes$$THM_ISAv4$E$P$D$K$B$S$7EM$VFPi3$EXTD16$VFPS$VFMA$PE$A:L22UL41UL21$X:L11$S22US41US21$IEEE1$IW$~IW$USESV6$~STKCKD$USESV7$~SHL$OTIME$ROPI$IEEEX$EBA8$UX$STANDARDLIB$REQ8$PRES8$EABIv2 0x00000000   Number         0  anon$$obj.o ABSOLUTE
    _printf_flags                            0x00000000   Number         0  printf_stubs.o ABSOLUTE
    _printf_return_value                     0x00000000   Number         0  printf_stubs.o ABSOLUTE
    _printf_sizespec                         0x00000000   Number         0  printf_stubs.o ABSOLUTE
    _printf_widthprec                        0x00000000   Number         0  printf_stubs.o ABSOLUTE
    __ARM_exceptions_init                     - Undefined Weak Reference
    __alloca_initialize                       - Undefined Weak Reference
    __arm_preinit_                            - Undefined Weak Reference
    __arm_relocate_pie_                       - Undefined Weak Reference
    __cpp_initialize__aeabi_                  - Undefined Weak Reference
    __cxa_finalize                            - Undefined Weak Reference
    __sigvec_lookup                           - Undefined Weak Reference
    _atexit_init                              - Undefined Weak Reference
    _call_atexit_fns                          - Undefined Weak Reference
    _clock_init                               - Undefined Weak Reference
    _fp_trap_init                             - Undefined Weak Reference
    _fp_trap_shutdown                         - Undefined Weak Reference
    _get_lc_collate                           - Undefined Weak Reference
    _get_lc_ctype                             - Undefined Weak Reference
    _get_lc_monetary                          - Undefined Weak Reference
    _get_lc_time                              - Undefined Weak Reference
    _getenv_init                              - Undefined Weak Reference
    _handle_redirection                       - Undefined Weak Reference
    _init_alloc                               - Undefined Weak Reference
    _init_user_alloc                          - Undefined Weak Reference
    _initio                                   - Undefined Weak Reference
    _printf_mbtowc                            - Undefined Weak Reference
    _printf_truncate_signed                   - Undefined Weak Reference
    _printf_truncate_unsigned                 - Undefined Weak Reference
    _rand_init                                - Undefined Weak Reference
    _signal_finish                            - Undefined Weak Reference
    _signal_init                              - Undefined Weak Reference
    _terminate_alloc                          - Undefined Weak Reference
    _terminate_user_alloc                     - Undefined Weak Reference
    _terminateio                              - Undefined Weak Reference
    __Vectors_Size                           0x00000194   Number         0  startup_stm32f401xc.o ABSOLUTE
    __Vectors                                0x08000000   Data           4  startup_stm32f401xc.o(RESET)
    __Vectors_End                            0x08000194   Data           0  startup_stm32f401xc.o(RESET)
    __main                                   0x08000195   Thumb Code     8  __main.o(!!!main)
    __scatterload                            0x0800019d   Thumb Code     0  __scatter.o(!!!scatter)
    __scatterload_rt2                        0x0800019d   Thumb Code    84  __scatter.o(!!!scatter)
    __scatterload_rt2_thumb_only             0x0800019d   Thumb Code     0  __scatter.o(!!!scatter)
    __scatterload_loop                       0x080001a7   Thumb Code     0  __scatter.o(!!!scatter)
    __decompress                             0x080001f9   Thumb Code    90  __dczerorl2.o(!!dczerorl2)
    __decompress1                            0x080001f9   Thumb Code     0  __dczerorl2.o(!!dczerorl2)
    __scatterload_null                       0x08000255   Thumb Code     2  __scatter.o(!!handler_null)
    __scatterload_zeroinit                   0x08000259   Thumb Code    28  __scatter_zi.o(!!handler_zi)
    _printf_f                                0x08000275   Thumb Code     0  _printf_f.o(.ARM.Collect$$_printf_percent$$00000003)
    _printf_percent                          0x08000275   Thumb Code     0  _printf_percent.o(.ARM.Collect$$_printf_percent$$00000000)
    _printf_d                                0x0800027b   Thumb Code     0  _printf_d.o(.ARM.Collect$$_printf_percent$$00000009)
    _printf_c                                0x08000281   Thumb Code     0  _printf_c.o(.ARM.Collect$$_printf_percent$$00000013)
    _printf_s                                0x08000287   Thumb Code     0  _printf_s.o(.ARM.Collect$$_printf_percent$$00000014)
    _printf_percent_end                      0x0800028d   Thumb Code     0  _printf_percent_end.o(.ARM.Collect$$_printf_percent$$00000017)
    __rt_lib_init                            0x08000291   Thumb Code     0  libinit.o(.ARM.Collect$$libinit$$00000000)
    __rt_lib_init_fp_1                       0x08000293   Thumb Code     0  libinit2.o(.ARM.Collect$$libinit$$00000001)
    __rt_lib_init_heap_1                     0x08000297   Thumb Code     0  libinit2.o(.ARM.Collect$$libinit$$0000000C)
    __rt_lib_init_lc_common                  0x08000297   Thumb Code     0  libinit2.o(.ARM.Collect$$libinit$$00000011)
    __rt_lib_init_preinit_1                  0x08000297   Thumb Code     0  libinit2.o(.ARM.Collect$$libinit$$00000006)
    __rt_lib_init_rand_1                     0x08000297   Thumb Code     0  libinit2.o(.ARM.Collect$$libinit$$00000010)
    __rt_lib_init_relocate_pie_1             0x08000297   Thumb Code     0  libinit2.o(.ARM.Collect$$libinit$$00000004)
    __rt_lib_init_user_alloc_1               0x08000297   Thumb Code     0  libinit2.o(.ARM.Collect$$libinit$$0000000E)
    __rt_lib_init_lc_collate_1               0x0800029d   Thumb Code     0  libinit2.o(.ARM.Collect$$libinit$$00000013)
    __rt_lib_init_lc_ctype_1                 0x0800029d   Thumb Code     0  libinit2.o(.ARM.Collect$$libinit$$00000015)
    __rt_lib_init_lc_monetary_1              0x0800029d   Thumb Code     0  libinit2.o(.ARM.Collect$$libinit$$00000017)
    __rt_lib_init_lc_numeric_2               0x0800029d   Thumb Code     0  libinit2.o(.ARM.Collect$$libinit$$00000018)
    __rt_lib_init_alloca_1                   0x080002a7   Thumb Code     0  libinit2.o(.ARM.Collect$$libinit$$00000030)
    __rt_lib_init_argv_1                     0x080002a7   Thumb Code     0  libinit2.o(.ARM.Collect$$libinit$$0000002E)
    __rt_lib_init_atexit_1                   0x080002a7   Thumb Code     0  libinit2.o(.ARM.Collect$$libinit$$0000001D)
    __rt_lib_init_clock_1                    0x080002a7   Thumb Code     0  libinit2.o(.ARM.Collect$$libinit$$00000023)
    __rt_lib_init_cpp_1                      0x080002a7   Thumb Code     0  libinit2.o(.ARM.Collect$$libinit$$00000034)
    __rt_lib_init_exceptions_1               0x080002a7   Thumb Code     0  libinit2.o(.ARM.Collect$$libinit$$00000032)
    __rt_lib_init_fp_trap_1                  0x080002a7   Thumb Code     0  libinit2.o(.ARM.Collect$$libinit$$00000021)
    __rt_lib_init_getenv_1                   0x080002a7   Thumb Code     0  libinit2.o(.ARM.Collect$$libinit$$00000025)
    __rt_lib_init_lc_numeric_1               0x080002a7   Thumb Code     0  libinit2.o(.ARM.Collect$$libinit$$00000019)
    __rt_lib_init_lc_time_1                  0x080002a7   Thumb Code     0  libinit2.o(.ARM.Collect$$libinit$$0000001B)
    __rt_lib_init_return                     0x080002a7   Thumb Code     0  libinit2.o(.ARM.Collect$$libinit$$00000035)
    __rt_lib_init_signal_1                   0x080002a7   Thumb Code     0  libinit2.o(.ARM.Collect$$libinit$$0000001F)
    __rt_lib_init_stdio_1                    0x080002a7   Thumb Code     0  libinit2.o(.ARM.Collect$$libinit$$00000027)
    __rt_lib_shutdown                        0x080002a9   Thumb Code     0  libshutdown.o(.ARM.Collect$$libshutdown$$00000000)
    __rt_lib_shutdown_cpp_1                  0x080002ab   Thumb Code     0  libshutdown2.o(.ARM.Collect$$libshutdown$$00000002)
    __rt_lib_shutdown_fp_trap_1              0x080002ab   Thumb Code     0  libshutdown2.o(.ARM.Collect$$libshutdown$$00000007)
    __rt_lib_shutdown_heap_1                 0x080002ab   Thumb Code     0  libshutdown2.o(.ARM.Collect$$libshutdown$$0000000F)
    __rt_lib_shutdown_return                 0x080002ab   Thumb Code     0  libshutdown2.o(.ARM.Collect$$libshutdown$$00000010)
    __rt_lib_shutdown_signal_1               0x080002ab   Thumb Code     0  libshutdown2.o(.ARM.Collect$$libshutdown$$0000000A)
    __rt_lib_shutdown_stdio_1                0x080002ab   Thumb Code     0  libshutdown2.o(.ARM.Collect$$libshutdown$$00000004)
    __rt_lib_shutdown_user_alloc_1           0x080002ab   Thumb Code     0  libshutdown2.o(.ARM.Collect$$libshutdown$$0000000C)
    __rt_entry                               0x080002ad   Thumb Code     0  __rtentry.o(.ARM.Collect$$rtentry$$00000000)
    __rt_entry_presh_1                       0x080002ad   Thumb Code     0  __rtentry2.o(.ARM.Collect$$rtentry$$00000002)
    __rt_entry_sh                            0x080002ad   Thumb Code     0  __rtentry4.o(.ARM.Collect$$rtentry$$00000004)
    __rt_entry_li                            0x080002b3   Thumb Code     0  __rtentry2.o(.ARM.Collect$$rtentry$$0000000A)
    __rt_entry_postsh_1                      0x080002b3   Thumb Code     0  __rtentry2.o(.ARM.Collect$$rtentry$$00000009)
    __rt_entry_main                          0x080002b7   Thumb Code     0  __rtentry2.o(.ARM.Collect$$rtentry$$0000000D)
    __rt_entry_postli_1                      0x080002b7   Thumb Code     0  __rtentry2.o(.ARM.Collect$$rtentry$$0000000C)
    __rt_exit                                0x080002bf   Thumb Code     0  rtexit.o(.ARM.Collect$$rtexit$$00000000)
    __rt_exit_ls                             0x080002c1   Thumb Code     0  rtexit2.o(.ARM.Collect$$rtexit$$00000003)
    __rt_exit_prels_1                        0x080002c1   Thumb Code     0  rtexit2.o(.ARM.Collect$$rtexit$$00000002)
    __rt_exit_exit                           0x080002c5   Thumb Code     0  rtexit2.o(.ARM.Collect$$rtexit$$00000004)
    Reset_Handler                            0x080002cd   Thumb Code     8  startup_stm32f401xc.o(.text)
    ADC_IRQHandler                           0x080002e7   Thumb Code     0  startup_stm32f401xc.o(.text)
    DMA1_Stream0_IRQHandler                  0x080002e7   Thumb Code     0  startup_stm32f401xc.o(.text)
    DMA1_Stream1_IRQHandler                  0x080002e7   Thumb Code     0  startup_stm32f401xc.o(.text)
    DMA1_Stream2_IRQHandler                  0x080002e7   Thumb Code     0  startup_stm32f401xc.o(.text)
    DMA1_Stream3_IRQHandler                  0x080002e7   Thumb Code     0  startup_stm32f401xc.o(.text)
    DMA1_Stream4_IRQHandler                  0x080002e7   Thumb Code     0  startup_stm32f401xc.o(.text)
    DMA1_Stream5_IRQHandler                  0x080002e7   Thumb Code     0  startup_stm32f401xc.o(.text)
    DMA1_Stream6_IRQHandler                  0x080002e7   Thumb Code     0  startup_stm32f401xc.o(.text)
    DMA1_Stream7_IRQHandler                  0x080002e7   Thumb Code     0  startup_stm32f401xc.o(.text)
    DMA2_Stream0_IRQHandler                  0x080002e7   Thumb Code     0  startup_stm32f401xc.o(.text)
    DMA2_Stream1_IRQHandler                  0x080002e7   Thumb Code     0  startup_stm32f401xc.o(.text)
    DMA2_Stream2_IRQHandler                  0x080002e7   Thumb Code     0  startup_stm32f401xc.o(.text)
    DMA2_Stream3_IRQHandler                  0x080002e7   Thumb Code     0  startup_stm32f401xc.o(.text)
    DMA2_Stream4_IRQHandler                  0x080002e7   Thumb Code     0  startup_stm32f401xc.o(.text)
    DMA2_Stream5_IRQHandler                  0x080002e7   Thumb Code     0  startup_stm32f401xc.o(.text)
    DMA2_Stream6_IRQHandler                  0x080002e7   Thumb Code     0  startup_stm32f401xc.o(.text)
    DMA2_Stream7_IRQHandler                  0x080002e7   Thumb Code     0  startup_stm32f401xc.o(.text)
    EXTI0_IRQHandler                         0x080002e7   Thumb Code     0  startup_stm32f401xc.o(.text)
    EXTI15_10_IRQHandler                     0x080002e7   Thumb Code     0  startup_stm32f401xc.o(.text)
    EXTI1_IRQHandler                         0x080002e7   Thumb Code     0  startup_stm32f401xc.o(.text)
    EXTI2_IRQHandler                         0x080002e7   Thumb Code     0  startup_stm32f401xc.o(.text)
    EXTI3_IRQHandler                         0x080002e7   Thumb Code     0  startup_stm32f401xc.o(.text)
    EXTI4_IRQHandler                         0x080002e7   Thumb Code     0  startup_stm32f401xc.o(.text)
    EXTI9_5_IRQHandler                       0x080002e7   Thumb Code     0  startup_stm32f401xc.o(.text)
    FLASH_IRQHandler                         0x080002e7   Thumb Code     0  startup_stm32f401xc.o(.text)
    FPU_IRQHandler                           0x080002e7   Thumb Code     0  startup_stm32f401xc.o(.text)
    I2C1_ER_IRQHandler                       0x080002e7   Thumb Code     0  startup_stm32f401xc.o(.text)
    I2C1_EV_IRQHandler                       0x080002e7   Thumb Code     0  startup_stm32f401xc.o(.text)
    I2C2_ER_IRQHandler                       0x080002e7   Thumb Code     0  startup_stm32f401xc.o(.text)
    I2C2_EV_IRQHandler                       0x080002e7   Thumb Code     0  startup_stm32f401xc.o(.text)
    I2C3_ER_IRQHandler                       0x080002e7   Thumb Code     0  startup_stm32f401xc.o(.text)
    I2C3_EV_IRQHandler                       0x080002e7   Thumb Code     0  startup_stm32f401xc.o(.text)
    OTG_FS_IRQHandler                        0x080002e7   Thumb Code     0  startup_stm32f401xc.o(.text)
    OTG_FS_WKUP_IRQHandler                   0x080002e7   Thumb Code     0  startup_stm32f401xc.o(.text)
    PVD_IRQHandler                           0x080002e7   Thumb Code     0  startup_stm32f401xc.o(.text)
    RCC_IRQHandler                           0x080002e7   Thumb Code     0  startup_stm32f401xc.o(.text)
    RTC_Alarm_IRQHandler                     0x080002e7   Thumb Code     0  startup_stm32f401xc.o(.text)
    RTC_WKUP_IRQHandler                      0x080002e7   Thumb Code     0  startup_stm32f401xc.o(.text)
    SDIO_IRQHandler                          0x080002e7   Thumb Code     0  startup_stm32f401xc.o(.text)
    SPI1_IRQHandler                          0x080002e7   Thumb Code     0  startup_stm32f401xc.o(.text)
    SPI2_IRQHandler                          0x080002e7   Thumb Code     0  startup_stm32f401xc.o(.text)
    SPI3_IRQHandler                          0x080002e7   Thumb Code     0  startup_stm32f401xc.o(.text)
    SPI4_IRQHandler                          0x080002e7   Thumb Code     0  startup_stm32f401xc.o(.text)
    TAMP_STAMP_IRQHandler                    0x080002e7   Thumb Code     0  startup_stm32f401xc.o(.text)
    TIM1_BRK_TIM9_IRQHandler                 0x080002e7   Thumb Code     0  startup_stm32f401xc.o(.text)
    TIM1_CC_IRQHandler                       0x080002e7   Thumb Code     0  startup_stm32f401xc.o(.text)
    TIM1_TRG_COM_TIM11_IRQHandler            0x080002e7   Thumb Code     0  startup_stm32f401xc.o(.text)
    TIM1_UP_TIM10_IRQHandler                 0x080002e7   Thumb Code     0  startup_stm32f401xc.o(.text)
    TIM2_IRQHandler                          0x080002e7   Thumb Code     0  startup_stm32f401xc.o(.text)
    TIM4_IRQHandler                          0x080002e7   Thumb Code     0  startup_stm32f401xc.o(.text)
    TIM5_IRQHandler                          0x080002e7   Thumb Code     0  startup_stm32f401xc.o(.text)
    USART1_IRQHandler                        0x080002e7   Thumb Code     0  startup_stm32f401xc.o(.text)
    USART2_IRQHandler                        0x080002e7   Thumb Code     0  startup_stm32f401xc.o(.text)
    USART6_IRQHandler                        0x080002e7   Thumb Code     0  startup_stm32f401xc.o(.text)
    WWDG_IRQHandler                          0x080002e7   Thumb Code     0  startup_stm32f401xc.o(.text)
    __user_initial_stackheap                 0x080002e9   Thumb Code     0  startup_stm32f401xc.o(.text)
    __aeabi_uldivmod                         0x0800030d   Thumb Code     0  lludivv7m.o(.text)
    _ll_udiv                                 0x0800030d   Thumb Code   240  lludivv7m.o(.text)
    __2sprintf                               0x080003fd   Thumb Code    34  noretval__2sprintf.o(.text)
    _printf_pre_padding                      0x08000425   Thumb Code    44  _printf_pad.o(.text)
    _printf_post_padding                     0x08000451   Thumb Code    34  _printf_pad.o(.text)
    _printf_str                              0x08000473   Thumb Code    82  _printf_str.o(.text)
    _printf_int_dec                          0x080004c5   Thumb Code   104  _printf_dec.o(.text)
    __printf                                 0x0800053d   Thumb Code   308  __printf_flags_wp.o(.text)
    strlen                                   0x08000675   Thumb Code    62  strlen.o(.text)
    __aeabi_memclr4                          0x080006b3   Thumb Code     0  rt_memclr_w.o(.text)
    __aeabi_memclr8                          0x080006b3   Thumb Code     0  rt_memclr_w.o(.text)
    __rt_memclr_w                            0x080006b3   Thumb Code     0  rt_memclr_w.o(.text)
    _memset_w                                0x080006b7   Thumb Code    74  rt_memclr_w.o(.text)
    __use_two_region_memory                  0x08000701   Thumb Code     2  heapauxi.o(.text)
    __rt_heap_escrow$2region                 0x08000703   Thumb Code     2  heapauxi.o(.text)
    __rt_heap_expand$2region                 0x08000705   Thumb Code     2  heapauxi.o(.text)
    _printf_int_common                       0x08000707   Thumb Code   178  _printf_intcommon.o(.text)
    _printf_fp_dec_real                      0x08000969   Thumb Code   620  _printf_fp_dec.o(.text)
    _printf_char_common                      0x08000bdf   Thumb Code    32  _printf_char_common.o(.text)
    _sputc                                   0x08000c05   Thumb Code    10  _sputc.o(.text)
    _printf_cs_common                        0x08000c0f   Thumb Code    20  _printf_char.o(.text)
    _printf_char                             0x08000c23   Thumb Code    16  _printf_char.o(.text)
    _printf_string                           0x08000c33   Thumb Code     8  _printf_char.o(.text)
    __rt_locale                              0x08000c3d   Thumb Code     8  rt_locale_intlibspace.o(.text)
    _ll_udiv10                               0x08000c45   Thumb Code   138  lludiv10.o(.text)
    _printf_fp_infnan                        0x08000cd1   Thumb Code   112  _printf_fp_infnan.o(.text)
    _btod_etento                             0x08000d51   Thumb Code   224  bigflt0.o(.text)
    __user_libspace                          0x08000e35   Thumb Code     8  libspace.o(.text)
    __user_perproc_libspace                  0x08000e35   Thumb Code     0  libspace.o(.text)
    __user_perthread_libspace                0x08000e35   Thumb Code     0  libspace.o(.text)
    __user_setup_stackheap                   0x08000e3d   Thumb Code    74  sys_stackheap_outer.o(.text)
    exit                                     0x08000e87   Thumb Code    18  exit.o(.text)
    strcmp                                   0x08000e99   Thumb Code   124  strcmpv7em.o(.text)
    _sys_exit                                0x08000f15   Thumb Code     8  sys_exit.o(.text)
    __I$use$semihosting                      0x08000f21   Thumb Code     0  use_no_semi.o(.text)
    __use_no_semihosting_swi                 0x08000f21   Thumb Code     2  use_no_semi.o(.text)
    __semihosting_library_function           0x08000f23   Thumb Code     0  indicate_semi.o(.text)
    AHT10_GetHumidity                        0x08000f25   Thumb Code     6  aht10.o(.text.AHT10_GetHumidity)
    AHT10_GetMeasurment                      0x08000f31   Thumb Code   160  aht10.o(.text.AHT10_GetMeasurment)
    AHT10_GetTemperature                     0x08000ff1   Thumb Code     6  aht10.o(.text.AHT10_GetTemperature)
    AHT10_SetMeasurment                      0x08000ff9   Thumb Code    36  aht10.o(.text.AHT10_SetMeasurment)
    AHT10_SoftReset                          0x0800101d   Thumb Code    38  aht10.o(.text.AHT10_SoftReset)
    BusFault_Handler                         0x08001045   Thumb Code     2  stm32f4xx_it.o(.text.BusFault_Handler)
    DebugMon_Handler                         0x08001049   Thumb Code     2  stm32f4xx_it.o(.text.DebugMon_Handler)
    HAL_Delay                                0x0800104d   Thumb Code    40  stm32f4xx_hal.o(.text.HAL_Delay)
    HAL_GPIO_Init                            0x08001075   Thumb Code   414  stm32f4xx_hal_gpio.o(.text.HAL_GPIO_Init)
    HAL_GPIO_ReadPin                         0x08001215   Thumb Code    10  stm32f4xx_hal_gpio.o(.text.HAL_GPIO_ReadPin)
    HAL_GPIO_TogglePin                       0x08001221   Thumb Code    16  stm32f4xx_hal_gpio.o(.text.HAL_GPIO_TogglePin)
    HAL_GPIO_WritePin                        0x08001231   Thumb Code    10  stm32f4xx_hal_gpio.o(.text.HAL_GPIO_WritePin)
    HAL_GetTick                              0x0800123d   Thumb Code    12  stm32f4xx_hal.o(.text.HAL_GetTick)
    HAL_I2C_Init                             0x08001249   Thumb Code   356  stm32f4xx_hal_i2c.o(.text.HAL_I2C_Init)
    HAL_I2C_IsDeviceReady                    0x080013ad   Thumb Code   554  stm32f4xx_hal_i2c.o(.text.HAL_I2C_IsDeviceReady)
    HAL_I2C_Master_Receive                   0x080015d9   Thumb Code  1542  stm32f4xx_hal_i2c.o(.text.HAL_I2C_Master_Receive)
    HAL_I2C_Master_Transmit                  0x08001be1   Thumb Code  1074  stm32f4xx_hal_i2c.o(.text.HAL_I2C_Master_Transmit)
    HAL_I2C_MspInit                          0x08002015   Thumb Code   106  stm32f4xx_hal_msp.o(.text.HAL_I2C_MspInit)
    HAL_IncTick                              0x08002081   Thumb Code    26  stm32f4xx_hal.o(.text.HAL_IncTick)
    HAL_Init                                 0x0800209d   Thumb Code    54  stm32f4xx_hal.o(.text.HAL_Init)
    HAL_InitTick                             0x080020d5   Thumb Code    72  stm32f4xx_hal.o(.text.HAL_InitTick)
    HAL_MspInit                              0x0800211d   Thumb Code    56  stm32f4xx_hal_msp.o(.text.HAL_MspInit)
    HAL_NVIC_EnableIRQ                       0x08002155   Thumb Code    34  stm32f4xx_hal_cortex.o(.text.HAL_NVIC_EnableIRQ)
    HAL_NVIC_SetPriority                     0x08002179   Thumb Code    86  stm32f4xx_hal_cortex.o(.text.HAL_NVIC_SetPriority)
    HAL_NVIC_SetPriorityGrouping             0x080021d1   Thumb Code    32  stm32f4xx_hal_cortex.o(.text.HAL_NVIC_SetPriorityGrouping)
    HAL_RCC_ClockConfig                      0x080021f1   Thumb Code   356  stm32f4xx_hal_rcc.o(.text.HAL_RCC_ClockConfig)
    HAL_RCC_GetPCLK1Freq                     0x08002355   Thumb Code    38  stm32f4xx_hal_rcc.o(.text.HAL_RCC_GetPCLK1Freq)
    HAL_RCC_GetPCLK2Freq                     0x0800237d   Thumb Code    38  stm32f4xx_hal_rcc.o(.text.HAL_RCC_GetPCLK2Freq)
    HAL_RCC_GetSysClockFreq                  0x080023a5   Thumb Code   106  stm32f4xx_hal_rcc.o(.text.HAL_RCC_GetSysClockFreq)
    HAL_RCC_OscConfig                        0x08002411   Thumb Code   944  stm32f4xx_hal_rcc.o(.text.HAL_RCC_OscConfig)
    HAL_SPI_GetState                         0x080027c1   Thumb Code     6  stm32f4xx_hal_spi.o(.text.HAL_SPI_GetState)
    HAL_SPI_Init                             0x080027c9   Thumb Code   180  stm32f4xx_hal_spi.o(.text.HAL_SPI_Init)
    HAL_SPI_MspInit                          0x0800287d   Thumb Code   106  stm32f4xx_hal_msp.o(.text.HAL_SPI_MspInit)
    HAL_SPI_Transmit                         0x080028e9   Thumb Code   590  stm32f4xx_hal_spi.o(.text.HAL_SPI_Transmit)
    HAL_SYSTICK_Config                       0x08002b39   Thumb Code    44  stm32f4xx_hal_cortex.o(.text.HAL_SYSTICK_Config)
    HAL_TIMEx_BreakCallback                  0x08002b65   Thumb Code     2  stm32f4xx_hal_tim_ex.o(.text.HAL_TIMEx_BreakCallback)
    HAL_TIMEx_CommutCallback                 0x08002b69   Thumb Code     2  stm32f4xx_hal_tim_ex.o(.text.HAL_TIMEx_CommutCallback)
    HAL_TIMEx_MasterConfigSynchronization    0x08002b6d   Thumb Code   148  stm32f4xx_hal_tim_ex.o(.text.HAL_TIMEx_MasterConfigSynchronization)
    HAL_TIM_Base_Start_IT                    0x08002c01   Thumb Code   132  stm32f4xx_hal_tim.o(.text.HAL_TIM_Base_Start_IT)
    HAL_TIM_Encoder_Init                     0x08002c85   Thumb Code   408  stm32f4xx_hal_tim.o(.text.HAL_TIM_Encoder_Init)
    HAL_TIM_Encoder_MspInit                  0x08002e1d   Thumb Code   118  stm32f4xx_hal_msp.o(.text.HAL_TIM_Encoder_MspInit)
    HAL_TIM_Encoder_Start_IT                 0x08002e95   Thumb Code   230  stm32f4xx_hal_tim.o(.text.HAL_TIM_Encoder_Start_IT)
    HAL_TIM_IC_CaptureCallback               0x08002f7d   Thumb Code     2  stm32f4xx_hal_tim.o(.text.HAL_TIM_IC_CaptureCallback)
    HAL_TIM_IRQHandler                       0x08002f81   Thumb Code   368  stm32f4xx_hal_tim.o(.text.HAL_TIM_IRQHandler)
    HAL_TIM_OC_DelayElapsedCallback          0x080030f1   Thumb Code     2  stm32f4xx_hal_tim.o(.text.HAL_TIM_OC_DelayElapsedCallback)
    HAL_TIM_PWM_PulseFinishedCallback        0x080030f5   Thumb Code     2  stm32f4xx_hal_tim.o(.text.HAL_TIM_PWM_PulseFinishedCallback)
    HAL_TIM_PeriodElapsedCallback            0x080030f9   Thumb Code   504  main.o(.text.HAL_TIM_PeriodElapsedCallback)
    HAL_TIM_TriggerCallback                  0x08003301   Thumb Code     2  stm32f4xx_hal_tim.o(.text.HAL_TIM_TriggerCallback)
    HAL_UART_Init                            0x08003305   Thumb Code    94  stm32f4xx_hal_uart.o(.text.HAL_UART_Init)
    HAL_UART_MspInit                         0x08003365   Thumb Code   108  stm32f4xx_hal_msp.o(.text.HAL_UART_MspInit)
    HardFault_Handler                        0x080033d1   Thumb Code     2  stm32f4xx_it.o(.text.HardFault_Handler)
    MemManage_Handler                        0x080033d5   Thumb Code     2  stm32f4xx_it.o(.text.MemManage_Handler)
    NMI_Handler                              0x080033d9   Thumb Code     2  stm32f4xx_it.o(.text.NMI_Handler)
    PendSV_Handler                           0x080033dd   Thumb Code     2  stm32f4xx_it.o(.text.PendSV_Handler)
    ST7789_DrawChar                          0x080034c5   Thumb Code   550  st7789.o(.text.ST7789_DrawChar)
    ST7789_FillScreen                        0x080036ed   Thumb Code   102  st7789.o(.text.ST7789_FillScreen)
    ST7789_Init                              0x08003755   Thumb Code   218  st7789.o(.text.ST7789_Init)
    ST7789_print                             0x08003a79   Thumb Code   290  st7789.o(.text.ST7789_print)
    ST7789_rotation                          0x08003b9d   Thumb Code   590  st7789.o(.text.ST7789_rotation)
    SVC_Handler                              0x08003ded   Thumb Code     2  stm32f4xx_it.o(.text.SVC_Handler)
    SysTick_Handler                          0x08003df1   Thumb Code     4  stm32f4xx_it.o(.text.SysTick_Handler)
    SystemClock_Config                       0x08003df5   Thumb Code   172  main.o(.text.SystemClock_Config)
    SystemInit                               0x08003ea1   Thumb Code    18  system_stm32f4xx.o(.text.SystemInit)
    TIM3_IRQHandler                          0x08003eb5   Thumb Code    12  stm32f4xx_it.o(.text.TIM3_IRQHandler)
    UsageFault_Handler                       0x08003fb1   Thumb Code     2  stm32f4xx_it.o(.text.UsageFault_Handler)
    attachClick_1                            0x08003fb5   Thumb Code    20  main.o(.text.attachClick_1)
    attachLongPressStart_1                   0x08003fc9   Thumb Code    56  main.o(.text.attachLongPressStart_1)
    main                                     0x08004001   Thumb Code  1732  main.o(.text.main)
    tickOneButton                            0x080046d1   Thumb Code   248  onebutton.o(.text.tickOneButton)
    _btod_d2e                                0x080047c9   Thumb Code    62  btod.o(CL$$btod_d2e)
    _d2e_denorm_low                          0x08004807   Thumb Code    70  btod.o(CL$$btod_d2e_denorm_low)
    _d2e_norm_op1                            0x0800484d   Thumb Code    96  btod.o(CL$$btod_d2e_norm_op1)
    __btod_div_common                        0x080048ad   Thumb Code   696  btod.o(CL$$btod_div_common)
    _e2e                                     0x08004be5   Thumb Code   220  btod.o(CL$$btod_e2e)
    _btod_ediv                               0x08004cc1   Thumb Code    42  btod.o(CL$$btod_ediv)
    _btod_emul                               0x08004ceb   Thumb Code    42  btod.o(CL$$btod_emul)
    __btod_mult_common                       0x08004d15   Thumb Code   580  btod.o(CL$$btod_mult_common)
    __ARM_fpclassify                         0x08004f59   Thumb Code    48  fpclassify.o(i.__ARM_fpclassify)
    _is_digit                                0x08004f89   Thumb Code    14  __printf_wp.o(i._is_digit)
    _get_lc_numeric                          0x08004f99   Thumb Code    44  lc_numeric_c.o(locale$$code)
    __aeabi_d2f                              0x08004fc5   Thumb Code     0  d2f.o(x$fpl$d2f)
    _d2f                                     0x08004fc5   Thumb Code    98  d2f.o(x$fpl$d2f)
    __aeabi_dadd                             0x08005029   Thumb Code     0  daddsub_clz.o(x$fpl$dadd)
    _dadd                                    0x08005029   Thumb Code   332  daddsub_clz.o(x$fpl$dadd)
    __aeabi_ui2d                             0x08005179   Thumb Code     0  dflt_clz.o(x$fpl$dfltu)
    _dfltu                                   0x08005179   Thumb Code    38  dflt_clz.o(x$fpl$dfltu)
    __aeabi_dmul                             0x080051a1   Thumb Code     0  dmul.o(x$fpl$dmul)
    _dmul                                    0x080051a1   Thumb Code   332  dmul.o(x$fpl$dmul)
    __fpl_dnaninf                            0x080052f5   Thumb Code   156  dnaninf.o(x$fpl$dnaninf)
    __fpl_dretinf                            0x08005391   Thumb Code    12  dretinf.o(x$fpl$dretinf)
    __aeabi_dsub                             0x0800539d   Thumb Code     0  daddsub_clz.o(x$fpl$dsub)
    _dsub                                    0x0800539d   Thumb Code   472  daddsub_clz.o(x$fpl$dsub)
    __aeabi_f2d                              0x08005579   Thumb Code     0  f2d.o(x$fpl$f2d)
    _f2d                                     0x08005579   Thumb Code    86  f2d.o(x$fpl$f2d)
    __fpl_fnaninf                            0x080055cf   Thumb Code   140  fnaninf.o(x$fpl$fnaninf)
    _fp_init                                 0x0800565b   Thumb Code    26  fpinit.o(x$fpl$fpinit)
    __fplib_config_fpu_vfp                   0x08005673   Thumb Code     0  fpinit.o(x$fpl$fpinit)
    __fplib_config_pureend_doubles           0x08005673   Thumb Code     0  fpinit.o(x$fpl$fpinit)
    __fpl_fretinf                            0x08005675   Thumb Code    10  fretinf.o(x$fpl$fretinf)
    _printf_fp_dec                           0x0800567f   Thumb Code     4  printf1.o(x$fpl$printf1)
    __I$use$fp                               0x08005682   Number         0  usenofp.o(x$fpl$usenofp)
    AHBPrescTable                            0x08005728   Data          16  system_stm32f4xx.o(.rodata.AHBPrescTable)
    APBPrescTable                            0x08005738   Data           8  system_stm32f4xx.o(.rodata.APBPrescTable)
    Font7x9                                  0x08005740   Data        3024  fonts.o(.rodata.Font7x9)
    Region$$Table$$Base                      0x08006508   Number         0  anon$$obj.o(Region$$Table)
    Region$$Table$$Limit                     0x08006528   Number         0  anon$$obj.o(Region$$Table)
    menu_draw_flag                           0x20000000   Data           1  main.o(.data..L_MergedGlobals)
    temperature_string                       0x20000004   Data          12  main.o(.data..L_MergedGlobals)
    humidity_string                          0x20000010   Data          12  main.o(.data..L_MergedGlobals)
    uwTickFreq                               0x2000001c   Data           1  stm32f4xx_hal.o(.data..L_MergedGlobals)
    uwTickPrio                               0x20000020   Data           4  stm32f4xx_hal.o(.data..L_MergedGlobals)
    clickTicks                               0x20000024   Data           2  onebutton.o(.data..L_MergedGlobals)
    pressTicks                               0x20000026   Data           2  onebutton.o(.data..L_MergedGlobals)
    debounceTicks                            0x20000028   Data           4  onebutton.o(.data..L_MergedGlobals)
    CurrentMenu                              0x2000002c   Data         740  main.o(.data.CurrentMenu)
    Font_7x9                                 0x20000310   Data           8  fonts.o(.data.Font_7x9)
    SystemCoreClock                          0x20000318   Data           4  system_stm32f4xx.o(.data.SystemCoreClock)
    __libspace_start                         0x20000320   Data          96  libspace.o(.bss)
    ST7789_X_Start                           0x20000380   Data           2  st7789.o(.bss..L_MergedGlobals)
    __temporary_stack_top$libspace           0x20000380   Data           0  libspace.o(.bss)
    ST7789_Y_Start                           0x20000382   Data           2  st7789.o(.bss..L_MergedGlobals)
    ST7789_Width                             0x20000384   Data           2  st7789.o(.bss..L_MergedGlobals)
    ST7789_Height                            0x20000386   Data           2  st7789.o(.bss..L_MergedGlobals)
    ii                                       0x20000388   Data           1  main.o(.bss..L_MergedGlobals.45)
    flag_enter_menu_value                    0x20000389   Data           1  main.o(.bss..L_MergedGlobals.45)
    flag_enter_work_space                    0x2000038a   Data           1  main.o(.bss..L_MergedGlobals.45)
    menu_current                             0x2000038b   Data           1  main.o(.bss..L_MergedGlobals.45)
    temperature_value                        0x2000038c   Data           4  main.o(.bss..L_MergedGlobals.45)
    humidity_value                           0x20000390   Data           4  main.o(.bss..L_MergedGlobals.45)
    sensor_one                               0x20000398   Data          20  main.o(.bss..L_MergedGlobals.45)
    sensor_two                               0x200003ac   Data          20  main.o(.bss..L_MergedGlobals.45)
    bt1                                      0x200003c0   Data          36  main.o(.bss..L_MergedGlobals.45)
    hi2c1                                    0x200003e4   Data          84  main.o(.bss.hi2c1)
    hspi1                                    0x20000438   Data          88  main.o(.bss.hspi1)
    htim3                                    0x20000490   Data          72  main.o(.bss.htim3)
    huart1                                   0x200004d8   Data          68  main.o(.bss.huart1)
    uwTick                                   0x2000051c   Data           4  stm32f4xx_hal.o(.bss.uwTick)



==============================================================================

Memory Map of the image

  Image Entry point : 0x08000195

  Load Region LR_IROM1 (Base: 0x08000000, Size: 0x00006868, Max: 0x00040000, ABSOLUTE, COMPRESSED[0x00006600])

    Execution Region ER_IROM1 (Exec base: 0x08000000, Load base: 0x08000000, Size: 0x00006544, Max: 0x00040000, ABSOLUTE)

    Exec Addr    Load Addr    Size         Type   Attr      Idx    E Section Name        Object

    0x08000000   0x08000000   0x00000194   Data   RO            3    RESET               startup_stm32f401xc.o
    0x08000194   0x08000194   0x00000008   Code   RO         1366  * !!!main             c_w.l(__main.o)
    0x0800019c   0x0800019c   0x0000005c   Code   RO         1698    !!!scatter          c_w.l(__scatter.o)
    0x080001f8   0x080001f8   0x0000005a   Code   RO         1696    !!dczerorl2         c_w.l(__dczerorl2.o)
    0x08000252   0x08000252   0x00000002   PAD
    0x08000254   0x08000254   0x00000002   Code   RO         1699    !!handler_null      c_w.l(__scatter.o)
    0x08000256   0x08000256   0x00000002   PAD
    0x08000258   0x08000258   0x0000001c   Code   RO         1702    !!handler_zi        c_w.l(__scatter_zi.o)
    0x08000274   0x08000274   0x00000000   Code   RO         1359    .ARM.Collect$$_printf_percent$$00000000  c_w.l(_printf_percent.o)
    0x08000274   0x08000274   0x00000006   Code   RO         1358    .ARM.Collect$$_printf_percent$$00000003  c_w.l(_printf_f.o)
    0x0800027a   0x0800027a   0x00000006   Code   RO         1357    .ARM.Collect$$_printf_percent$$00000009  c_w.l(_printf_d.o)
    0x08000280   0x08000280   0x00000006   Code   RO         1355    .ARM.Collect$$_printf_percent$$00000013  c_w.l(_printf_c.o)
    0x08000286   0x08000286   0x00000006   Code   RO         1356    .ARM.Collect$$_printf_percent$$00000014  c_w.l(_printf_s.o)
    0x0800028c   0x0800028c   0x00000004   Code   RO         1427    .ARM.Collect$$_printf_percent$$00000017  c_w.l(_printf_percent_end.o)
    0x08000290   0x08000290   0x00000002   Code   RO         1559    .ARM.Collect$$libinit$$00000000  c_w.l(libinit.o)
    0x08000292   0x08000292   0x00000004   Code   RO         1560    .ARM.Collect$$libinit$$00000001  c_w.l(libinit2.o)
    0x08000296   0x08000296   0x00000000   Code   RO         1563    .ARM.Collect$$libinit$$00000004  c_w.l(libinit2.o)
    0x08000296   0x08000296   0x00000000   Code   RO         1565    .ARM.Collect$$libinit$$00000006  c_w.l(libinit2.o)
    0x08000296   0x08000296   0x00000000   Code   RO         1568    .ARM.Collect$$libinit$$0000000C  c_w.l(libinit2.o)
    0x08000296   0x08000296   0x00000000   Code   RO         1570    .ARM.Collect$$libinit$$0000000E  c_w.l(libinit2.o)
    0x08000296   0x08000296   0x00000000   Code   RO         1572    .ARM.Collect$$libinit$$00000010  c_w.l(libinit2.o)
    0x08000296   0x08000296   0x00000006   Code   RO         1573    .ARM.Collect$$libinit$$00000011  c_w.l(libinit2.o)
    0x0800029c   0x0800029c   0x00000000   Code   RO         1575    .ARM.Collect$$libinit$$00000013  c_w.l(libinit2.o)
    0x0800029c   0x0800029c   0x00000000   Code   RO         1577    .ARM.Collect$$libinit$$00000015  c_w.l(libinit2.o)
    0x0800029c   0x0800029c   0x00000000   Code   RO         1579    .ARM.Collect$$libinit$$00000017  c_w.l(libinit2.o)
    0x0800029c   0x0800029c   0x0000000a   Code   RO         1580    .ARM.Collect$$libinit$$00000018  c_w.l(libinit2.o)
    0x080002a6   0x080002a6   0x00000000   Code   RO         1581    .ARM.Collect$$libinit$$00000019  c_w.l(libinit2.o)
    0x080002a6   0x080002a6   0x00000000   Code   RO         1583    .ARM.Collect$$libinit$$0000001B  c_w.l(libinit2.o)
    0x080002a6   0x080002a6   0x00000000   Code   RO         1585    .ARM.Collect$$libinit$$0000001D  c_w.l(libinit2.o)
    0x080002a6   0x080002a6   0x00000000   Code   RO         1587    .ARM.Collect$$libinit$$0000001F  c_w.l(libinit2.o)
    0x080002a6   0x080002a6   0x00000000   Code   RO         1589    .ARM.Collect$$libinit$$00000021  c_w.l(libinit2.o)
    0x080002a6   0x080002a6   0x00000000   Code   RO         1591    .ARM.Collect$$libinit$$00000023  c_w.l(libinit2.o)
    0x080002a6   0x080002a6   0x00000000   Code   RO         1593    .ARM.Collect$$libinit$$00000025  c_w.l(libinit2.o)
    0x080002a6   0x080002a6   0x00000000   Code   RO         1595    .ARM.Collect$$libinit$$00000027  c_w.l(libinit2.o)
    0x080002a6   0x080002a6   0x00000000   Code   RO         1599    .ARM.Collect$$libinit$$0000002E  c_w.l(libinit2.o)
    0x080002a6   0x080002a6   0x00000000   Code   RO         1601    .ARM.Collect$$libinit$$00000030  c_w.l(libinit2.o)
    0x080002a6   0x080002a6   0x00000000   Code   RO         1603    .ARM.Collect$$libinit$$00000032  c_w.l(libinit2.o)
    0x080002a6   0x080002a6   0x00000000   Code   RO         1605    .ARM.Collect$$libinit$$00000034  c_w.l(libinit2.o)
    0x080002a6   0x080002a6   0x00000002   Code   RO         1606    .ARM.Collect$$libinit$$00000035  c_w.l(libinit2.o)
    0x080002a8   0x080002a8   0x00000002   Code   RO         1661    .ARM.Collect$$libshutdown$$00000000  c_w.l(libshutdown.o)
    0x080002aa   0x080002aa   0x00000000   Code   RO         1679    .ARM.Collect$$libshutdown$$00000002  c_w.l(libshutdown2.o)
    0x080002aa   0x080002aa   0x00000000   Code   RO         1681    .ARM.Collect$$libshutdown$$00000004  c_w.l(libshutdown2.o)
    0x080002aa   0x080002aa   0x00000000   Code   RO         1684    .ARM.Collect$$libshutdown$$00000007  c_w.l(libshutdown2.o)
    0x080002aa   0x080002aa   0x00000000   Code   RO         1687    .ARM.Collect$$libshutdown$$0000000A  c_w.l(libshutdown2.o)
    0x080002aa   0x080002aa   0x00000000   Code   RO         1689    .ARM.Collect$$libshutdown$$0000000C  c_w.l(libshutdown2.o)
    0x080002aa   0x080002aa   0x00000000   Code   RO         1692    .ARM.Collect$$libshutdown$$0000000F  c_w.l(libshutdown2.o)
    0x080002aa   0x080002aa   0x00000002   Code   RO         1693    .ARM.Collect$$libshutdown$$00000010  c_w.l(libshutdown2.o)
    0x080002ac   0x080002ac   0x00000000   Code   RO         1408    .ARM.Collect$$rtentry$$00000000  c_w.l(__rtentry.o)
    0x080002ac   0x080002ac   0x00000000   Code   RO         1465    .ARM.Collect$$rtentry$$00000002  c_w.l(__rtentry2.o)
    0x080002ac   0x080002ac   0x00000006   Code   RO         1477    .ARM.Collect$$rtentry$$00000004  c_w.l(__rtentry4.o)
    0x080002b2   0x080002b2   0x00000000   Code   RO         1467    .ARM.Collect$$rtentry$$00000009  c_w.l(__rtentry2.o)
    0x080002b2   0x080002b2   0x00000004   Code   RO         1468    .ARM.Collect$$rtentry$$0000000A  c_w.l(__rtentry2.o)
    0x080002b6   0x080002b6   0x00000000   Code   RO         1470    .ARM.Collect$$rtentry$$0000000C  c_w.l(__rtentry2.o)
    0x080002b6   0x080002b6   0x00000008   Code   RO         1471    .ARM.Collect$$rtentry$$0000000D  c_w.l(__rtentry2.o)
    0x080002be   0x080002be   0x00000002   Code   RO         1607    .ARM.Collect$$rtexit$$00000000  c_w.l(rtexit.o)
    0x080002c0   0x080002c0   0x00000000   Code   RO         1626    .ARM.Collect$$rtexit$$00000002  c_w.l(rtexit2.o)
    0x080002c0   0x080002c0   0x00000004   Code   RO         1627    .ARM.Collect$$rtexit$$00000003  c_w.l(rtexit2.o)
    0x080002c4   0x080002c4   0x00000006   Code   RO         1628    .ARM.Collect$$rtexit$$00000004  c_w.l(rtexit2.o)
    0x080002ca   0x080002ca   0x00000002   PAD
    0x080002cc   0x080002cc   0x00000040   Code   RO            4    .text               startup_stm32f401xc.o
    0x0800030c   0x0800030c   0x000000f0   Code   RO         1321    .text               c_w.l(lludivv7m.o)
    0x080003fc   0x080003fc   0x00000028   Code   RO         1325    .text               c_w.l(noretval__2sprintf.o)
    0x08000424   0x08000424   0x0000004e   Code   RO         1329    .text               c_w.l(_printf_pad.o)
    0x08000472   0x08000472   0x00000052   Code   RO         1331    .text               c_w.l(_printf_str.o)
    0x080004c4   0x080004c4   0x00000078   Code   RO         1333    .text               c_w.l(_printf_dec.o)
    0x0800053c   0x0800053c   0x00000138   Code   RO         1347    .text               c_w.l(__printf_flags_wp.o)
    0x08000674   0x08000674   0x0000003e   Code   RO         1360    .text               c_w.l(strlen.o)
    0x080006b2   0x080006b2   0x0000004e   Code   RO         1362    .text               c_w.l(rt_memclr_w.o)
    0x08000700   0x08000700   0x00000006   Code   RO         1364    .text               c_w.l(heapauxi.o)
    0x08000706   0x08000706   0x000000b2   Code   RO         1415    .text               c_w.l(_printf_intcommon.o)
    0x080007b8   0x080007b8   0x0000041c   Code   RO         1417    .text               c_w.l(_printf_fp_dec.o)
    0x08000bd4   0x08000bd4   0x00000030   Code   RO         1421    .text               c_w.l(_printf_char_common.o)
    0x08000c04   0x08000c04   0x0000000a   Code   RO         1423    .text               c_w.l(_sputc.o)
    0x08000c0e   0x08000c0e   0x0000002c   Code   RO         1425    .text               c_w.l(_printf_char.o)
    0x08000c3a   0x08000c3a   0x00000002   PAD
    0x08000c3c   0x08000c3c   0x00000008   Code   RO         1484    .text               c_w.l(rt_locale_intlibspace.o)
    0x08000c44   0x08000c44   0x0000008a   Code   RO         1491    .text               c_w.l(lludiv10.o)
    0x08000cce   0x08000cce   0x00000002   PAD
    0x08000cd0   0x08000cd0   0x00000080   Code   RO         1493    .text               c_w.l(_printf_fp_infnan.o)
    0x08000d50   0x08000d50   0x000000e4   Code   RO         1497    .text               c_w.l(bigflt0.o)
    0x08000e34   0x08000e34   0x00000008   Code   RO         1539    .text               c_w.l(libspace.o)
    0x08000e3c   0x08000e3c   0x0000004a   Code   RO         1542    .text               c_w.l(sys_stackheap_outer.o)
    0x08000e86   0x08000e86   0x00000012   Code   RO         1546    .text               c_w.l(exit.o)
    0x08000e98   0x08000e98   0x0000007c   Code   RO         1552    .text               c_w.l(strcmpv7em.o)
    0x08000f14   0x08000f14   0x0000000c   Code   RO         1621    .text               c_w.l(sys_exit.o)
    0x08000f20   0x08000f20   0x00000002   Code   RO         1648    .text               c_w.l(use_no_semi.o)
    0x08000f22   0x08000f22   0x00000000   Code   RO         1650    .text               c_w.l(indicate_semi.o)
    0x08000f22   0x08000f22   0x00000002   PAD
    0x08000f24   0x08000f24   0x00000006   Code   RO         1308    .text.AHT10_GetHumidity  aht10.o
    0x08000f2a   0x08000f2a   0x00000006   PAD
    0x08000f30   0x08000f30   0x000000c0   Code   RO         1304    .text.AHT10_GetMeasurment  aht10.o
    0x08000ff0   0x08000ff0   0x00000006   Code   RO         1306    .text.AHT10_GetTemperature  aht10.o
    0x08000ff6   0x08000ff6   0x00000002   PAD
    0x08000ff8   0x08000ff8   0x00000024   Code   RO         1302    .text.AHT10_SetMeasurment  aht10.o
    0x0800101c   0x0800101c   0x00000026   Code   RO         1310    .text.AHT10_SoftReset  aht10.o
    0x08001042   0x08001042   0x00000002   PAD
    0x08001044   0x08001044   0x00000002   Code   RO           47    .text.BusFault_Handler  stm32f4xx_it.o
    0x08001046   0x08001046   0x00000002   PAD
    0x08001048   0x08001048   0x00000002   Code   RO           53    .text.DebugMon_Handler  stm32f4xx_it.o
    0x0800104a   0x0800104a   0x00000002   PAD
    0x0800104c   0x0800104c   0x00000028   Code   RO          565    .text.HAL_Delay     stm32f4xx_hal.o
    0x08001074   0x08001074   0x0000019e   Code   RO          358    .text.HAL_GPIO_Init  stm32f4xx_hal_gpio.o
    0x08001212   0x08001212   0x00000002   PAD
    0x08001214   0x08001214   0x0000000a   Code   RO          362    .text.HAL_GPIO_ReadPin  stm32f4xx_hal_gpio.o
    0x0800121e   0x0800121e   0x00000002   PAD
    0x08001220   0x08001220   0x00000010   Code   RO          366    .text.HAL_GPIO_TogglePin  stm32f4xx_hal_gpio.o
    0x08001230   0x08001230   0x0000000a   Code   RO          364    .text.HAL_GPIO_WritePin  stm32f4xx_hal_gpio.o
    0x0800123a   0x0800123a   0x00000002   PAD
    0x0800123c   0x0800123c   0x0000000c   Code   RO          557    .text.HAL_GetTick   stm32f4xx_hal.o
    0x08001248   0x08001248   0x00000164   Code   RO           94    .text.HAL_I2C_Init  stm32f4xx_hal_i2c.o
    0x080013ac   0x080013ac   0x0000022a   Code   RO          150    .text.HAL_I2C_IsDeviceReady  stm32f4xx_hal_i2c.o
    0x080015d6   0x080015d6   0x00000002   PAD
    0x080015d8   0x080015d8   0x00000606   Code   RO          108    .text.HAL_I2C_Master_Receive  stm32f4xx_hal_i2c.o
    0x08001bde   0x08001bde   0x00000002   PAD
    0x08001be0   0x08001be0   0x00000432   Code   RO          102    .text.HAL_I2C_Master_Transmit  stm32f4xx_hal_i2c.o
    0x08002012   0x08002012   0x00000002   PAD
    0x08002014   0x08002014   0x0000006a   Code   RO           70    .text.HAL_I2C_MspInit  stm32f4xx_hal_msp.o
    0x0800207e   0x0800207e   0x00000002   PAD
    0x08002080   0x08002080   0x0000001a   Code   RO          555    .text.HAL_IncTick   stm32f4xx_hal.o
    0x0800209a   0x0800209a   0x00000002   PAD
    0x0800209c   0x0800209c   0x00000036   Code   RO          545    .text.HAL_Init      stm32f4xx_hal.o
    0x080020d2   0x080020d2   0x00000002   PAD
    0x080020d4   0x080020d4   0x00000048   Code   RO          547    .text.HAL_InitTick  stm32f4xx_hal.o
    0x0800211c   0x0800211c   0x00000038   Code   RO           68    .text.HAL_MspInit   stm32f4xx_hal_msp.o
    0x08002154   0x08002154   0x00000022   Code   RO          503    .text.HAL_NVIC_EnableIRQ  stm32f4xx_hal_cortex.o
    0x08002176   0x08002176   0x00000002   PAD
    0x08002178   0x08002178   0x00000056   Code   RO          501    .text.HAL_NVIC_SetPriority  stm32f4xx_hal_cortex.o
    0x080021ce   0x080021ce   0x00000002   PAD
    0x080021d0   0x080021d0   0x00000020   Code   RO          499    .text.HAL_NVIC_SetPriorityGrouping  stm32f4xx_hal_cortex.o
    0x080021f0   0x080021f0   0x00000164   Code   RO          244    .text.HAL_RCC_ClockConfig  stm32f4xx_hal_rcc.o
    0x08002354   0x08002354   0x00000026   Code   RO          256    .text.HAL_RCC_GetPCLK1Freq  stm32f4xx_hal_rcc.o
    0x0800237a   0x0800237a   0x00000002   PAD
    0x0800237c   0x0800237c   0x00000026   Code   RO          258    .text.HAL_RCC_GetPCLK2Freq  stm32f4xx_hal_rcc.o
    0x080023a2   0x080023a2   0x00000002   PAD
    0x080023a4   0x080023a4   0x0000006a   Code   RO          246    .text.HAL_RCC_GetSysClockFreq  stm32f4xx_hal_rcc.o
    0x0800240e   0x0800240e   0x00000002   PAD
    0x08002410   0x08002410   0x000003b0   Code   RO          242    .text.HAL_RCC_OscConfig  stm32f4xx_hal_rcc.o
    0x080027c0   0x080027c0   0x00000006   Code   RO          729    .text.HAL_SPI_GetState  stm32f4xx_hal_spi.o
    0x080027c6   0x080027c6   0x00000002   PAD
    0x080027c8   0x080027c8   0x000000b4   Code   RO          635    .text.HAL_SPI_Init  stm32f4xx_hal_spi.o
    0x0800287c   0x0800287c   0x0000006a   Code   RO           74    .text.HAL_SPI_MspInit  stm32f4xx_hal_msp.o
    0x080028e6   0x080028e6   0x00000002   PAD
    0x080028e8   0x080028e8   0x0000024e   Code   RO          643    .text.HAL_SPI_Transmit  stm32f4xx_hal_spi.o
    0x08002b36   0x08002b36   0x00000002   PAD
    0x08002b38   0x08002b38   0x0000002c   Code   RO          511    .text.HAL_SYSTICK_Config  stm32f4xx_hal_cortex.o
    0x08002b64   0x08002b64   0x00000002   Code   RO         1054    .text.HAL_TIMEx_BreakCallback  stm32f4xx_hal_tim_ex.o
    0x08002b66   0x08002b66   0x00000002   PAD
    0x08002b68   0x08002b68   0x00000002   Code   RO         1050    .text.HAL_TIMEx_CommutCallback  stm32f4xx_hal_tim_ex.o
    0x08002b6a   0x08002b6a   0x00000002   PAD
    0x08002b6c   0x08002b6c   0x00000094   Code   RO         1044    .text.HAL_TIMEx_MasterConfigSynchronization  stm32f4xx_hal_tim_ex.o
    0x08002c00   0x08002c00   0x00000084   Code   RO          763    .text.HAL_TIM_Base_Start_IT  stm32f4xx_hal_tim.o
    0x08002c84   0x08002c84   0x00000198   Code   RO          863    .text.HAL_TIM_Encoder_Init  stm32f4xx_hal_tim.o
    0x08002e1c   0x08002e1c   0x00000076   Code   RO           78    .text.HAL_TIM_Encoder_MspInit  stm32f4xx_hal_msp.o
    0x08002e92   0x08002e92   0x00000002   PAD
    0x08002e94   0x08002e94   0x000000e6   Code   RO          875    .text.HAL_TIM_Encoder_Start_IT  stm32f4xx_hal_tim.o
    0x08002f7a   0x08002f7a   0x00000002   PAD
    0x08002f7c   0x08002f7c   0x00000002   Code   RO          885    .text.HAL_TIM_IC_CaptureCallback  stm32f4xx_hal_tim.o
    0x08002f7e   0x08002f7e   0x00000002   PAD
    0x08002f80   0x08002f80   0x00000170   Code   RO          883    .text.HAL_TIM_IRQHandler  stm32f4xx_hal_tim.o
    0x080030f0   0x080030f0   0x00000002   Code   RO          887    .text.HAL_TIM_OC_DelayElapsedCallback  stm32f4xx_hal_tim.o
    0x080030f2   0x080030f2   0x00000002   PAD
    0x080030f4   0x080030f4   0x00000002   Code   RO          889    .text.HAL_TIM_PWM_PulseFinishedCallback  stm32f4xx_hal_tim.o
    0x080030f6   0x080030f6   0x00000002   PAD
    0x080030f8   0x080030f8   0x00000208   Code   RO           21    .text.HAL_TIM_PeriodElapsedCallback  main.o
    0x08003300   0x08003300   0x00000002   Code   RO          893    .text.HAL_TIM_TriggerCallback  stm32f4xx_hal_tim.o
    0x08003302   0x08003302   0x00000002   PAD
    0x08003304   0x08003304   0x0000005e   Code   RO         1068    .text.HAL_UART_Init  stm32f4xx_hal_uart.o
    0x08003362   0x08003362   0x00000002   PAD
    0x08003364   0x08003364   0x0000006c   Code   RO           82    .text.HAL_UART_MspInit  stm32f4xx_hal_msp.o
    0x080033d0   0x080033d0   0x00000002   Code   RO           43    .text.HardFault_Handler  stm32f4xx_it.o
    0x080033d2   0x080033d2   0x00000002   PAD
    0x080033d4   0x080033d4   0x00000002   Code   RO           45    .text.MemManage_Handler  stm32f4xx_it.o
    0x080033d6   0x080033d6   0x00000002   PAD
    0x080033d8   0x080033d8   0x00000002   Code   RO           41    .text.NMI_Handler   stm32f4xx_it.o
    0x080033da   0x080033da   0x00000002   PAD
    0x080033dc   0x080033dc   0x00000002   Code   RO           55    .text.PendSV_Handler  stm32f4xx_it.o
    0x080033de   0x080033de   0x00000002   PAD
    0x080033e0   0x080033e0   0x000000e4   Code   RO          739    .text.SPI_WaitFlagStateUntilTimeout  stm32f4xx_hal_spi.o
    0x080034c4   0x080034c4   0x00000226   Code   RO         1262    .text.ST7789_DrawChar  st7789.o
    0x080036ea   0x080036ea   0x00000002   PAD
    0x080036ec   0x080036ec   0x00000066   Code   RO         1236    .text.ST7789_FillScreen  st7789.o
    0x08003752   0x08003752   0x00000002   PAD
    0x08003754   0x08003754   0x000000da   Code   RO         1222    .text.ST7789_Init   st7789.o
    0x0800382e   0x0800382e   0x00000002   PAD
    0x08003830   0x08003830   0x00000246   Code   RO         1228    .text.ST7789_SetWindow  st7789.o
    0x08003a76   0x08003a76   0x00000002   PAD
    0x08003a78   0x08003a78   0x00000122   Code   RO         1264    .text.ST7789_print  st7789.o
    0x08003b9a   0x08003b9a   0x00000002   PAD
    0x08003b9c   0x08003b9c   0x0000024e   Code   RO         1266    .text.ST7789_rotation  st7789.o
    0x08003dea   0x08003dea   0x00000002   PAD
    0x08003dec   0x08003dec   0x00000002   Code   RO           51    .text.SVC_Handler   stm32f4xx_it.o
    0x08003dee   0x08003dee   0x00000002   PAD
    0x08003df0   0x08003df0   0x00000004   Code   RO           57    .text.SysTick_Handler  stm32f4xx_it.o
    0x08003df4   0x08003df4   0x000000ac   Code   RO           17    .text.SystemClock_Config  main.o
    0x08003ea0   0x08003ea0   0x00000012   Code   RO         1188    .text.SystemInit    system_stm32f4xx.o
    0x08003eb2   0x08003eb2   0x00000002   PAD
    0x08003eb4   0x08003eb4   0x0000000c   Code   RO           59    .text.TIM3_IRQHandler  stm32f4xx_it.o
    0x08003ec0   0x08003ec0   0x000000ee   Code   RO         1072    .text.UART_SetConfig  stm32f4xx_hal_uart.o
    0x08003fae   0x08003fae   0x00000002   PAD
    0x08003fb0   0x08003fb0   0x00000002   Code   RO           49    .text.UsageFault_Handler  stm32f4xx_it.o
    0x08003fb2   0x08003fb2   0x00000002   PAD
    0x08003fb4   0x08003fb4   0x00000014   Code   RO           11    .text.attachClick_1  main.o
    0x08003fc8   0x08003fc8   0x00000038   Code   RO           13    .text.attachLongPressStart_1  main.o
    0x08004000   0x08004000   0x000006d0   Code   RO           15    .text.main          main.o
    0x080046d0   0x080046d0   0x000000f8   Code   RO         1292    .text.tickOneButton  onebutton.o
    0x080047c8   0x080047c8   0x0000003e   Code   RO         1500    CL$$btod_d2e        c_w.l(btod.o)
    0x08004806   0x08004806   0x00000046   Code   RO         1502    CL$$btod_d2e_denorm_low  c_w.l(btod.o)
    0x0800484c   0x0800484c   0x00000060   Code   RO         1501    CL$$btod_d2e_norm_op1  c_w.l(btod.o)
    0x080048ac   0x080048ac   0x00000338   Code   RO         1510    CL$$btod_div_common  c_w.l(btod.o)
    0x08004be4   0x08004be4   0x000000dc   Code   RO         1507    CL$$btod_e2e        c_w.l(btod.o)
    0x08004cc0   0x08004cc0   0x0000002a   Code   RO         1504    CL$$btod_ediv       c_w.l(btod.o)
    0x08004cea   0x08004cea   0x0000002a   Code   RO         1503    CL$$btod_emul       c_w.l(btod.o)
    0x08004d14   0x08004d14   0x00000244   Code   RO         1509    CL$$btod_mult_common  c_w.l(btod.o)
    0x08004f58   0x08004f58   0x00000030   Code   RO         1535    i.__ARM_fpclassify  m_wm.l(fpclassify.o)
    0x08004f88   0x08004f88   0x0000000e   Code   RO         1345    i._is_digit         c_w.l(__printf_wp.o)
    0x08004f96   0x08004f96   0x00000002   PAD
    0x08004f98   0x08004f98   0x0000002c   Code   RO         1525    locale$$code        c_w.l(lc_numeric_c.o)
    0x08004fc4   0x08004fc4   0x00000062   Code   RO         1368    x$fpl$d2f           fz_wm.l(d2f.o)
    0x08005026   0x08005026   0x00000002   PAD
    0x08005028   0x08005028   0x00000150   Code   RO         1370    x$fpl$dadd          fz_wm.l(daddsub_clz.o)
    0x08005178   0x08005178   0x00000026   Code   RO         1384    x$fpl$dfltu         fz_wm.l(dflt_clz.o)
    0x0800519e   0x0800519e   0x00000002   PAD
    0x080051a0   0x080051a0   0x00000154   Code   RO         1390    x$fpl$dmul          fz_wm.l(dmul.o)
    0x080052f4   0x080052f4   0x0000009c   Code   RO         1430    x$fpl$dnaninf       fz_wm.l(dnaninf.o)
    0x08005390   0x08005390   0x0000000c   Code   RO         1432    x$fpl$dretinf       fz_wm.l(dretinf.o)
    0x0800539c   0x0800539c   0x000001dc   Code   RO         1372    x$fpl$dsub          fz_wm.l(daddsub_clz.o)
    0x08005578   0x08005578   0x00000056   Code   RO         1392    x$fpl$f2d           fz_wm.l(f2d.o)
    0x080055ce   0x080055ce   0x0000008c   Code   RO         1434    x$fpl$fnaninf       fz_wm.l(fnaninf.o)
    0x0800565a   0x0800565a   0x0000001a   Code   RO         1619    x$fpl$fpinit        fz_wm.l(fpinit.o)
    0x08005674   0x08005674   0x0000000a   Code   RO         1436    x$fpl$fretinf       fz_wm.l(fretinf.o)
    0x0800567e   0x0800567e   0x00000004   Code   RO         1394    x$fpl$printf1       fz_wm.l(printf1.o)
    0x08005682   0x08005682   0x00000000   Code   RO         1438    x$fpl$usenofp       fz_wm.l(usenofp.o)
    0x08005682   0x08005682   0x00000011   Data   RO         1348    .constdata          c_w.l(__printf_flags_wp.o)
    0x08005693   0x08005693   0x00000001   PAD
    0x08005694   0x08005694   0x00000094   Data   RO         1498    .constdata          c_w.l(bigflt0.o)
    0x08005728   0x08005728   0x00000010   Data   RO         1193    .rodata.AHBPrescTable  system_stm32f4xx.o
    0x08005738   0x08005738   0x00000008   Data   RO         1194    .rodata.APBPrescTable  system_stm32f4xx.o
    0x08005740   0x08005740   0x00000bd0   Data   RO         1206    .rodata.Font7x9     fonts.o
    0x08006310   0x08006310   0x00000023   Data   RO         1282    .rodata.init_cmds   st7789.o
    0x08006333   0x08006333   0x000001d3   Data   RO           24    .rodata.str1.1      main.o
    0x08006506   0x08006506   0x00000002   PAD
    0x08006508   0x08006508   0x00000020   Data   RO         1695    Region$$Table       anon$$obj.o
    0x08006528   0x08006528   0x0000001c   Data   RO         1524    locale$$data        c_w.l(lc_numeric_c.o)


    Execution Region RW_IRAM1 (Exec base: 0x20000000, Load base: 0x08006548, Size: 0x00000b20, Max: 0x00010000, ABSOLUTE, COMPRESSED[0x000000b8])

    Exec Addr    Load Addr    Size         Type   Attr      Idx    E Section Name        Object

    0x20000000   COMPRESSED   0x0000001c   Data   RW           31    .data..L_MergedGlobals  main.o
    0x2000001c   COMPRESSED   0x00000008   Data   RW          600    .data..L_MergedGlobals  stm32f4xx_hal.o
    0x20000024   COMPRESSED   0x00000008   Data   RW         1294    .data..L_MergedGlobals  onebutton.o
    0x2000002c   COMPRESSED   0x000002e4   Data   RW           25    .data.CurrentMenu   main.o
    0x20000310   COMPRESSED   0x00000008   Data   RW         1211    .data.Font_7x9      fonts.o
    0x20000318   COMPRESSED   0x00000004   Data   RW         1192    .data.SystemCoreClock  system_stm32f4xx.o
    0x2000031c   COMPRESSED   0x00000004   PAD
    0x20000320        -       0x00000060   Zero   RW         1540    .bss                c_w.l(libspace.o)
    0x20000380        -       0x00000008   Zero   RW         1283    .bss..L_MergedGlobals  st7789.o
    0x20000388        -       0x0000005c   Zero   RW           32    .bss..L_MergedGlobals.45  main.o
    0x200003e4        -       0x00000054   Zero   RW           27    .bss.hi2c1          main.o
    0x20000438        -       0x00000058   Zero   RW           28    .bss.hspi1          main.o
    0x20000490        -       0x00000048   Zero   RW           26    .bss.htim3          main.o
    0x200004d8        -       0x00000044   Zero   RW           29    .bss.huart1         main.o
    0x2000051c        -       0x00000004   Zero   RW          599    .bss.uwTick         stm32f4xx_hal.o
    0x20000520        -       0x00000200   Zero   RW            2    HEAP                startup_stm32f401xc.o
    0x20000720        -       0x00000400   Zero   RW            1    STACK               startup_stm32f401xc.o


==============================================================================

Image component sizes


      Code (inc. data)   RO Data    RW Data    ZI Data      Debug   Object Name

       278         32          0          0          0       5160   aht10.o
         0          0       3024          8          0       1391   fonts.o
      2512         28        467        768        404      15905   main.o
       248          8          0          8          0       1755   onebutton.o
      2332         48         35          0          8      38104   st7789.o
        64         26        404          0       1536        860   startup_stm32f401xc.o
       204          0          0          8          4       6871   stm32f4xx_hal.o
       196          0          0          0          0       9966   stm32f4xx_hal_cortex.o
       450          0          0          0          0       5390   stm32f4xx_hal_gpio.o
      3526          0          0          0          0      54892   stm32f4xx_hal_i2c.o
       494          0          0          0          0      12331   stm32f4xx_hal_msp.o
      1482          0          0          0          0       7444   stm32f4xx_hal_rcc.o
      1004          0          0          0          0      27447   stm32f4xx_hal_spi.o
      1146          0          0          0          0      56503   stm32f4xx_hal_tim.o
       152          0          0          0          0      20842   stm32f4xx_hal_tim_ex.o
       332          0          0          0          0      31818   stm32f4xx_hal_uart.o
        32          0          0          0          0       4450   stm32f4xx_it.o
        18          0         24          4          0       2714   system_stm32f4xx.o

    ----------------------------------------------------------------------
     14564        142       3988        796       1956     303843   Object Totals
         0          0         32          0          0          0   (incl. Generated)
        94          0          2          0          4          0   (incl. Padding)

    ----------------------------------------------------------------------

      Code (inc. data)   RO Data    RW Data    ZI Data      Debug   Library Member Name

        90          0          0          0          0          0   __dczerorl2.o
         8          0          0          0          0         68   __main.o
       312          4         17          0          0         92   __printf_flags_wp.o
        14          0          0          0          0         68   __printf_wp.o
         0          0          0          0          0          0   __rtentry.o
        12          0          0          0          0          0   __rtentry2.o
         6          0          0          0          0          0   __rtentry4.o
        94          8          0          0          0          0   __scatter.o
        28          0          0          0          0          0   __scatter_zi.o
         6          0          0          0          0          0   _printf_c.o
        44          0          0          0          0        108   _printf_char.o
        48          6          0          0          0         96   _printf_char_common.o
         6          0          0          0          0          0   _printf_d.o
       120         16          0          0          0         92   _printf_dec.o
         6          0          0          0          0          0   _printf_f.o
      1052          0          0          0          0        148   _printf_fp_dec.o
       128         16          0          0          0         84   _printf_fp_infnan.o
       178          0          0          0          0         88   _printf_intcommon.o
        78          0          0          0          0        108   _printf_pad.o
         0          0          0          0          0          0   _printf_percent.o
         4          0          0          0          0          0   _printf_percent_end.o
         6          0          0          0          0          0   _printf_s.o
        82          0          0          0          0         80   _printf_str.o
        10          0          0          0          0         68   _sputc.o
       228          4        148          0          0         96   bigflt0.o
      1936        128          0          0          0        668   btod.o
        18          0          0          0          0         80   exit.o
         6          0          0          0          0        152   heapauxi.o
         0          0          0          0          0          0   indicate_semi.o
        44         10         28          0          0         76   lc_numeric_c.o
         2          0          0          0          0          0   libinit.o
        22          0          0          0          0          0   libinit2.o
         2          0          0          0          0          0   libshutdown.o
         2          0          0          0          0          0   libshutdown2.o
         8          4          0          0         96         68   libspace.o
       138          0          0          0          0         80   lludiv10.o
       240          0          0          0          0        100   lludivv7m.o
        40          6          0          0          0         84   noretval__2sprintf.o
         8          4          0          0          0         68   rt_locale_intlibspace.o
        78          0          0          0          0         80   rt_memclr_w.o
         2          0          0          0          0          0   rtexit.o
        10          0          0          0          0          0   rtexit2.o
       124          0          0          0          0         88   strcmpv7em.o
        62          0          0          0          0         76   strlen.o
        12          4          0          0          0         68   sys_exit.o
        74          0          0          0          0         80   sys_stackheap_outer.o
         2          0          0          0          0         68   use_no_semi.o
        98          4          0          0          0        140   d2f.o
       812         16          0          0          0        392   daddsub_clz.o
        38          0          0          0          0        116   dflt_clz.o
       340         12          0          0          0        152   dmul.o
       156          4          0          0          0        140   dnaninf.o
        12          0          0          0          0        116   dretinf.o
        86          4          0          0          0        132   f2d.o
       140          4          0          0          0        132   fnaninf.o
        26          0          0          0          0        116   fpinit.o
        10          0          0          0          0        116   fretinf.o
         4          0          0          0          0        116   printf1.o
         0          0          0          0          0          0   usenofp.o
        48          0          0          0          0        124   fpclassify.o

    ----------------------------------------------------------------------
      7178        254        194          0         96       4824   Library Totals
        18          0          1          0          0          0   (incl. Padding)

    ----------------------------------------------------------------------

      Code (inc. data)   RO Data    RW Data    ZI Data      Debug   Library Name

      5390        210        193          0         96       3032   c_w.l
      1722         44          0          0          0       1668   fz_wm.l
        48          0          0          0          0        124   m_wm.l

    ----------------------------------------------------------------------
      7178        254        194          0         96       4824   Library Totals

    ----------------------------------------------------------------------

==============================================================================


      Code (inc. data)   RO Data    RW Data    ZI Data      Debug   

     21742        396       4182        796       2052     305723   Grand Totals
     21742        396       4182        184       2052     305723   ELF Image Totals (compressed)
     21742        396       4182        184          0          0   ROM Totals

==============================================================================

    Total RO  Size (Code + RO Data)                25924 (  25.32kB)
    Total RW  Size (RW Data + ZI Data)              2848 (   2.78kB)
    Total ROM Size (Code + RO Data + RW Data)      26108 (  25.50kB)

==============================================================================

